Archive member included to satisfy reference by file (symbol)

/opt/st/stm32cubeide_1.19.0/plugins/com.st.stm32cube.ide.mcu.externaltools.gnu-tools-for-stm32.13.3.rel1.linux64_1.0.0.202410170706/tools/bin/../lib/gcc/arm-none-eabi/13.3.1/../../../../arm-none-eabi/lib/thumb/v8-m.main+fp/hard/libc_nano.a(libc_a-exit.o)
                              /opt/st/stm32cubeide_1.19.0/plugins/com.st.stm32cube.ide.mcu.externaltools.gnu-tools-for-stm32.13.3.rel1.linux64_1.0.0.202410170706/tools/bin/../lib/gcc/arm-none-eabi/13.3.1/../../../../arm-none-eabi/lib/thumb/v8-m.main+fp/hard/crt0.o (exit)
/opt/st/stm32cubeide_1.19.0/plugins/com.st.stm32cube.ide.mcu.externaltools.gnu-tools-for-stm32.13.3.rel1.linux64_1.0.0.202410170706/tools/bin/../lib/gcc/arm-none-eabi/13.3.1/../../../../arm-none-eabi/lib/thumb/v8-m.main+fp/hard/libc_nano.a(libc_a-findfp.o)
                              /opt/st/stm32cubeide_1.19.0/plugins/com.st.stm32cube.ide.mcu.externaltools.gnu-tools-for-stm32.13.3.rel1.linux64_1.0.0.202410170706/tools/bin/../lib/gcc/arm-none-eabi/13.3.1/../../../../arm-none-eabi/lib/thumb/v8-m.main+fp/hard/libc_nano.a(libc_a-exit.o) (__stdio_exit_handler)
/opt/st/stm32cubeide_1.19.0/plugins/com.st.stm32cube.ide.mcu.externaltools.gnu-tools-for-stm32.13.3.rel1.linux64_1.0.0.202410170706/tools/bin/../lib/gcc/arm-none-eabi/13.3.1/../../../../arm-none-eabi/lib/thumb/v8-m.main+fp/hard/libc_nano.a(libc_a-fwalk.o)
                              /opt/st/stm32cubeide_1.19.0/plugins/com.st.stm32cube.ide.mcu.externaltools.gnu-tools-for-stm32.13.3.rel1.linux64_1.0.0.202410170706/tools/bin/../lib/gcc/arm-none-eabi/13.3.1/../../../../arm-none-eabi/lib/thumb/v8-m.main+fp/hard/libc_nano.a(libc_a-findfp.o) (_fwalk_sglue)
/opt/st/stm32cubeide_1.19.0/plugins/com.st.stm32cube.ide.mcu.externaltools.gnu-tools-for-stm32.13.3.rel1.linux64_1.0.0.202410170706/tools/bin/../lib/gcc/arm-none-eabi/13.3.1/../../../../arm-none-eabi/lib/thumb/v8-m.main+fp/hard/libc_nano.a(libc_a-stdio.o)
                              /opt/st/stm32cubeide_1.19.0/plugins/com.st.stm32cube.ide.mcu.externaltools.gnu-tools-for-stm32.13.3.rel1.linux64_1.0.0.202410170706/tools/bin/../lib/gcc/arm-none-eabi/13.3.1/../../../../arm-none-eabi/lib/thumb/v8-m.main+fp/hard/libc_nano.a(libc_a-findfp.o) (__sread)
/opt/st/stm32cubeide_1.19.0/plugins/com.st.stm32cube.ide.mcu.externaltools.gnu-tools-for-stm32.13.3.rel1.linux64_1.0.0.202410170706/tools/bin/../lib/gcc/arm-none-eabi/13.3.1/../../../../arm-none-eabi/lib/thumb/v8-m.main+fp/hard/libc_nano.a(libc_a-vsnprintf.o)
                              ./Core/Src/main.o (vsnprintf)
/opt/st/stm32cubeide_1.19.0/plugins/com.st.stm32cube.ide.mcu.externaltools.gnu-tools-for-stm32.13.3.rel1.linux64_1.0.0.202410170706/tools/bin/../lib/gcc/arm-none-eabi/13.3.1/../../../../arm-none-eabi/lib/thumb/v8-m.main+fp/hard/libc_nano.a(libc_a-memset.o)
                              /opt/st/stm32cubeide_1.19.0/plugins/com.st.stm32cube.ide.mcu.externaltools.gnu-tools-for-stm32.13.3.rel1.linux64_1.0.0.202410170706/tools/bin/../lib/gcc/arm-none-eabi/13.3.1/../../../../arm-none-eabi/lib/thumb/v8-m.main+fp/hard/crt0.o (memset)
/opt/st/stm32cubeide_1.19.0/plugins/com.st.stm32cube.ide.mcu.externaltools.gnu-tools-for-stm32.13.3.rel1.linux64_1.0.0.202410170706/tools/bin/../lib/gcc/arm-none-eabi/13.3.1/../../../../arm-none-eabi/lib/thumb/v8-m.main+fp/hard/libc_nano.a(libc_a-closer.o)
                              /opt/st/stm32cubeide_1.19.0/plugins/com.st.stm32cube.ide.mcu.externaltools.gnu-tools-for-stm32.13.3.rel1.linux64_1.0.0.202410170706/tools/bin/../lib/gcc/arm-none-eabi/13.3.1/../../../../arm-none-eabi/lib/thumb/v8-m.main+fp/hard/libc_nano.a(libc_a-stdio.o) (_close_r)
/opt/st/stm32cubeide_1.19.0/plugins/com.st.stm32cube.ide.mcu.externaltools.gnu-tools-for-stm32.13.3.rel1.linux64_1.0.0.202410170706/tools/bin/../lib/gcc/arm-none-eabi/13.3.1/../../../../arm-none-eabi/lib/thumb/v8-m.main+fp/hard/libc_nano.a(libc_a-reent.o)
                              /opt/st/stm32cubeide_1.19.0/plugins/com.st.stm32cube.ide.mcu.externaltools.gnu-tools-for-stm32.13.3.rel1.linux64_1.0.0.202410170706/tools/bin/../lib/gcc/arm-none-eabi/13.3.1/../../../../arm-none-eabi/lib/thumb/v8-m.main+fp/hard/libc_nano.a(libc_a-closer.o) (errno)
/opt/st/stm32cubeide_1.19.0/plugins/com.st.stm32cube.ide.mcu.externaltools.gnu-tools-for-stm32.13.3.rel1.linux64_1.0.0.202410170706/tools/bin/../lib/gcc/arm-none-eabi/13.3.1/../../../../arm-none-eabi/lib/thumb/v8-m.main+fp/hard/libc_nano.a(libc_a-impure.o)
                              /opt/st/stm32cubeide_1.19.0/plugins/com.st.stm32cube.ide.mcu.externaltools.gnu-tools-for-stm32.13.3.rel1.linux64_1.0.0.202410170706/tools/bin/../lib/gcc/arm-none-eabi/13.3.1/../../../../arm-none-eabi/lib/thumb/v8-m.main+fp/hard/libc_nano.a(libc_a-vsnprintf.o) (_impure_ptr)
[...]
Memory Configuration

Name             Origin             Length             Attributes
RAM              0x20000000         0x00040000         xrw
SRAM4            0x28000000         0x00004000         xrw
FLASH            0x08000000         0x00040000         xr
*default*        0x00000000         0xffffffff

Linker script and memory map

LOAD /opt/st/stm32cubeide_1.19.0/plugins/com.st.stm32cube.ide.mcu.externaltools.gnu-tools-for-stm32.13.3.rel1.linux64_1.0.0.202410170706/tools/bin/../lib/gcc/arm-none-eabi/13.3.1/thumb/v8-m.main+fp/hard/crti.o
LOAD /opt/st/stm32cubeide_1.19.0/plugins/com.st.stm32cube.ide.mcu.externaltools.gnu-tools-for-stm32.13.3.rel1.linux64_1.0.0.202410170706/tools/bin/../lib/gcc/arm-none-eabi/13.3.1/thumb/v8-m.main+fp/hard/crtbegin.o
LOAD /opt/st/stm32cubeide_1.19.0/plugins/com.st.stm32cube.ide.mcu.externaltools.gnu-tools-for-stm32.13.3.rel1.linux64_1.0.0.202410170706/tools/bin/../lib/gcc/arm-none-eabi/13.3.1/../../../../arm-none-eabi/lib/thumb/v8-m.main+fp/hard/crt0.o
LOAD ./Core/Src/fdcan.o
LOAD ./Core/Src/gpio.o
LOAD ./Core/Src/main.o
LOAD ./Core/Src/stm32u5xx_hal_msp.o
LOAD ./Core/Src/stm32u5xx_it.o
LOAD ./Core/Src/syscalls.o
LOAD ./Core/Src/sysmem.o
LOAD ./Core/Src/system_stm32u5xx.o
LOAD ./Core/Src/usart.o
LOAD ./Core/Startup/startup_stm32u535cctx.o
LOAD ./Drivers/STM32U5xx_HAL_Driver/Src/stm32u5xx_hal.o
LOAD ./Drivers/STM32U5xx_HAL_Driver/Src/stm32u5xx_hal_cortex.o
LOAD ./Drivers/STM32U5xx_HAL_Driver/Src/stm32u5xx_hal_dma.o
LOAD ./Drivers/STM32U5xx_HAL_Driver/Src/stm32u5xx_hal_dma_ex.o
LOAD ./Drivers/STM32U5xx_HAL_Driver/Src/stm32u5xx_hal_exti.o
LOAD ./Drivers/STM32U5xx_HAL_Driver/Src/stm32u5xx_hal_fdcan.o
LOAD ./Drivers/STM32U5xx_HAL_Driver/Src/stm32u5xx_hal_flash.o
LOAD ./Drivers/STM32U5xx_HAL_Driver/Src/stm32u5xx_hal_flash_ex.o
LOAD ./Drivers/STM32U5xx_HAL_Driver/Src/stm32u5xx_hal_gpio.o
LOAD ./Drivers/STM32U5xx_HAL_Driver/Src/stm32u5xx_hal_gtzc.o
LOAD ./Drivers/STM32U5xx_HAL_Driver/Src/stm32u5xx_hal_i2c.o
LOAD ./Drivers/STM32U5xx_HAL_Driver/Src/stm32u5xx_hal_i2c_ex.o
LOAD ./Drivers/STM32U5xx_HAL_Driver/Src/stm32u5xx_hal_icache.o
LOAD ./Drivers/STM32U5xx_HAL_Driver/Src/stm32u5xx_hal_pwr.o
LOAD ./Drivers/STM32U5xx_HAL_Driver/Src/stm32u5xx_hal_pwr_ex.o
LOAD ./Drivers/STM32U5xx_HAL_Driver/Src/stm32u5xx_hal_rcc.o
LOAD ./Drivers/STM32U5xx_HAL_Driver/Src/stm32u5xx_hal_rcc_ex.o
LOAD ./Drivers/STM32U5xx_HAL_Driver/Src/stm32u5xx_hal_uart.o
LOAD ./Drivers/STM32U5xx_HAL_Driver/Src/stm32u5xx_hal_uart_ex.o
START GROUP
LOAD /opt/st/stm32cubeide_1.19.0/plugins/com.st.stm32cube.ide.mcu.externaltools.gnu-tools-for-stm32.13.3.rel1.linux64_1.0.0.202410170706/tools/bin/../lib/gcc/arm-none-eabi/13.3.1/../../../../arm-none-eabi/lib/thumb/v8-m.main+fp/hard/libc_nano.a
LOAD /opt/st/stm32cubeide_1.19.0/plugins/com.st.stm32cube.ide.mcu.externaltools.gnu-tools-for-stm32.13.3.rel1.linux64_1.0.0.202410170706/tools/bin/../lib/gcc/arm-none-eabi/13.3.1/../../../../arm-none-eabi/lib/thumb/v8-m.main+fp/hard/libm.a
END GROUP
START GROUP
LOAD /opt/st/stm32cubeide_1.19.0/plugins/com.st.stm32cube.ide.mcu.externaltools.gnu-tools-for-stm32.13.3.rel1.linux64_1.0.0.202410170706/tools/bin/../lib/gcc/arm-none-eabi/13.3.1/thumb/v8-m.main+fp/hard/libgcc.a
LOAD /opt/st/stm32cubeide_1.19.0/plugins/com.st.stm32cube.ide.mcu.externaltools.gnu-tools-for-stm32.13.3.rel1.linux64_1.0.0.202410170706/tools/bin/../lib/gcc/arm-none-eabi/13.3.1/../../../../arm-none-eabi/lib/thumb/v8-m.main+fp/hard/libc_nano.a
END GROUP
START GROUP
LOAD /opt/st/stm32cubeide_1.19.0/plugins/com.st.stm32cube.ide.mcu.externaltools.gnu-tools-for-stm32.13.3.rel1.linux64_1.0.0.202410170706/tools/bin/../lib/gcc/arm-none-eabi/13.3.1/thumb/v8-m.main+fp/hard/libgcc.a
LOAD /opt/st/stm32cubeide_1.19.0/plugins/com.st.stm32cube.ide.mcu.externaltools.gnu-tools-for-stm32.13.3.rel1.linux64_1.0.0.202410170706/tools/bin/../lib/gcc/arm-none-eabi/13.3.1/../../../../arm-none-eabi/lib/thumb/v8-m.main+fp/hard/libc_nano.a
LOAD /opt/st/stm32cubeide_1.19.0/plugins/com.st.stm32cube.ide.mcu.externaltools.gnu-tools-for-stm32.13.3.rel1.linux64_1.0.0.202410170706/tools/bin/../lib/gcc/arm-none-eabi/13.3.1/../../../../arm-none-eabi/lib/thumb/v8-m.main+fp/hard/libnosys.a
END GROUP
START GROUP
LOAD /opt/st/stm32cubeide_1.19.0/plugins/com.st.stm32cube.ide.mcu.externaltools.gnu-tools-for-stm32.13.3.rel1.linux64_1.0.0.202410170706/tools/bin/../lib/gcc/arm-none-eabi/13.3.1/thumb/v8-m.main+fp/hard/libgcc.a
LOAD /opt/st/stm32cubeide_1.19.0/plugins/com.st.stm32cube.ide.mcu.externaltools.gnu-tools-for-stm32.13.3.rel1.linux64_1.0.0.202410170706/tools/bin/../lib/gcc/arm-none-eabi/13.3.1/../../../../arm-none-eabi/lib/thumb/v8-m.main+fp/hard/libc_nano.a
LOAD /opt/st/stm32cubeide_1.19.0/plugins/com.st.stm32cube.ide.mcu.externaltools.gnu-tools-for-stm32.13.3.rel1.linux64_1.0.0.202410170706/tools/bin/../lib/gcc/arm-none-eabi/13.3.1/../../../../arm-none-eabi/lib/thumb/v8-m.main+fp/hard/libnosys.a
END GROUP
LOAD /opt/st/stm32cubeide_1.19.0/plugins/com.st.stm32cube.ide.mcu.externaltools.gnu-tools-for-stm32.13.3.rel1.linux64_1.0.0.202410170706/tools/bin/../lib/gcc/arm-none-eabi/13.3.1/thumb/v8-m.main+fp/hard/crtend.o
LOAD /opt/st/stm32cubeide_1.19.0/plugins/com.st.stm32cube.ide.mcu.externaltools.gnu-tools-for-stm32.13.3.rel1.linux64_1.0.0.202410170706/tools/bin/../lib/gcc/arm-none-eabi/13.3.1/thumb/v8-m.main+fp/hard/crtn.o
                0x20040000                        _estack = (ORIGIN (RAM) + LENGTH (RAM))
                0x00000200                        _Min_Heap_Size = 0x200
                0x00000400                        _Min_Stack_Size = 0x400

.isr_vector     0x08000000      0x238
 *(.isr_vector)
 .isr_vector    0x08000000      0x238 ./Core/Startup/startup_stm32u535cctx.o
                0x08000000                g_pfnVectors

.text           0x08000238     0x7a38
 *(.text)
 .text          0x08000238       0x40 /opt/st/stm32cubeide_1.19.0/plugins/com.st.stm32cube.ide.mcu.externaltools.gnu-tools-for-stm32.13.3.rel1.linux64_1.0.0.202410170706/tools/bin/../lib/gcc/arm-none-eabi/13.3.1/thumb/v8-m.main+fp/hard/crtbegin.o
 .text          0x08000278       0x10 /opt/st/stm32cubeide_1.19.0/plugins/com.st.stm32cube.ide.mcu.externaltools.gnu-tools-for-stm32.13.3.rel1.linux64_1.0.0.202410170706/tools/bin/../lib/gcc/arm-none-eabi/13.3.1/../../../../arm-none-eabi/lib/thumb/v8-m.main+fp/hard/libc_nano.a(libc_a-strlen.o)
                0x08000278                strlen
 .text          0x08000288       0x30 /opt/st/stm32cubeide_1.19.0/plugins/com.st.stm32cube.ide.mcu.externaltools.gnu-tools-for-stm32.13.3.rel1.linux64_1.0.0.202410170706/tools/bin/../lib/gcc/arm-none-eabi/13.3.1/thumb/v8-m.main+fp/hard/libgcc.a(_aeabi_uldivmod.o)
                0x08000288                __aeabi_uldivmod
 .text          0x080002b8      0x348 /opt/st/stm32cubeide_1.19.0/plugins/com.st.stm32cube.ide.mcu.externaltools.gnu-tools-for-stm32.13.3.rel1.linux64_1.0.0.202410170706/tools/bin/../lib/gcc/arm-none-eabi/13.3.1/thumb/v8-m.main+fp/hard/libgcc.a(_udivmoddi4.o)
                0x080002b8                __udivmoddi4
 .text          0x08000600        0x4 /opt/st/stm32cubeide_1.19.0/plugins/com.st.stm32cube.ide.mcu.externaltools.gnu-tools-for-stm32.13.3.rel1.linux64_1.0.0.202410170706/tools/bin/../lib/gcc/arm-none-eabi/13.3.1/thumb/v8-m.main+fp/hard/libgcc.a(_dvmd_tls.o)
                0x08000600                __aeabi_ldiv0
                0x08000600                __aeabi_idiv0
 *(.text*)
 .text.MX_FDCAN1_Init
                0x08000604       0x94 ./Core/Src/fdcan.o
                0x08000604                MX_FDCAN1_Init
 .text.HAL_FDCAN_MspInit
                0x08000698       0xd4 ./Core/Src/fdcan.o
                0x08000698                HAL_FDCAN_MspInit
 .text.MX_GPIO_Init
                0x0800076c       0xcc ./Core/Src/gpio.o
                0x0800076c                MX_GPIO_Init
 .text.main     0x08000838       0xd4 ./Core/Src/main.o
                0x08000838                main
 .text.SystemClock_Config
                0x0800090c       0xb8 ./Core/Src/main.o
                0x0800090c                SystemClock_Config
 .text.queuePush
                0x080009c4       0x88 ./Core/Src/main.o
                0x080009c4                queuePush
 .text.queuePop
                0x08000a4c       0x8c ./Core/Src/main.o
                0x08000a4c                queuePop
 .text.FDCAN1_IT0_IRQHandler
                0x08000ad8       0x14 ./Core/Src/main.o
                0x08000ad8                FDCAN1_IT0_IRQHandler
 .text.HAL_FDCAN_RxFifo0Callback
                0x08000aec       0x40 ./Core/Src/main.o
                0x08000aec                HAL_FDCAN_RxFifo0Callback
 .text.disp     0x08000b2c       0x4c ./Core/Src/main.o
                0x08000b2c                disp
 .text.e32_waitAUX
                0x08000b78       0x5c ./Core/Src/main.o
                0x08000b78                e32_waitAUX
 .text.e32_setMode
                0x08000bd4       0x58 ./Core/Src/main.o
                0x08000bd4                e32_setMode
 .text.e32_configureModule
                0x08000c2c       0xf4 ./Core/Src/main.o
                0x08000c2c                e32_configureModule
 .text.e32_Send
                0x08000d20       0x74 ./Core/Src/main.o
                0x08000d20                e32_Send
 .text.Error_Handler
                0x08000d94        0xc ./Core/Src/main.o
                0x08000d94                Error_Handler
 .text.HAL_MspInit
                0x08000da0       0x34 ./Core/Src/stm32u5xx_hal_msp.o
                0x08000da0                HAL_MspInit
 .text.NMI_Handler
                0x08000dd4        0x8 ./Core/Src/stm32u5xx_it.o
                0x08000dd4                NMI_Handler
 .text.HardFault_Handler
                0x08000ddc        0x8 ./Core/Src/stm32u5xx_it.o
                0x08000ddc                HardFault_Handler
 .text.MemManage_Handler
                0x08000de4        0x8 ./Core/Src/stm32u5xx_it.o
                0x08000de4                MemManage_Handler
 .text.BusFault_Handler
                0x08000dec        0x8 ./Core/Src/stm32u5xx_it.o
                0x08000dec                BusFault_Handler
 .text.UsageFault_Handler
                0x08000df4        0x8 ./Core/Src/stm32u5xx_it.o
                0x08000df4                UsageFault_Handler
 .text.SVC_Handler
                0x08000dfc        0xe ./Core/Src/stm32u5xx_it.o
                0x08000dfc                SVC_Handler
 .text.DebugMon_Handler
                0x08000e0a        0xe ./Core/Src/stm32u5xx_it.o
                0x08000e0a                DebugMon_Handler
 .text.PendSV_Handler
                0x08000e18        0xe ./Core/Src/stm32u5xx_it.o
                0x08000e18                PendSV_Handler
 .text.SysTick_Handler
                0x08000e26        0xc ./Core/Src/stm32u5xx_it.o
                0x08000e26                SysTick_Handler
 *fill*         0x08000e32        0x2 
 .text._sbrk    0x08000e34       0x6c ./Core/Src/sysmem.o
                0x08000e34                _sbrk
 .text.SystemInit
                0x08000ea0       0x70 ./Core/Src/system_stm32u5xx.o
                0x08000ea0                SystemInit
 .text.MX_USART1_UART_Init
                0x08000f10       0x98 ./Core/Src/usart.o
                0x08000f10                MX_USART1_UART_Init
 .text.MX_USART3_UART_Init
                0x08000fa8       0x98 ./Core/Src/usart.o
                0x08000fa8                MX_USART3_UART_Init
 .text.HAL_UART_MspInit
                0x08001040      0x16c ./Core/Src/usart.o
                0x08001040                HAL_UART_MspInit
 .text.HAL_UART_MspDeInit
                0x080011ac       0x68 ./Core/Src/usart.o
                0x080011ac                HAL_UART_MspDeInit
 .text.Reset_Handler
                0x08001214       0x50 ./Core/Startup/startup_stm32u535cctx.o
                0x08001214                Reset_Handler
 .text.Default_Handler
                0x08001264        0x2 ./Core/Startup/startup_stm32u535cctx.o
                0x08001264                EXTI2_IRQHandler
                0x08001264                TIM8_TRG_COM_IRQHandler
                0x08001264                TIM8_CC_IRQHandler
                0x08001264                EXTI5_IRQHandler
                0x08001264                FLASH_S_IRQHandler
                0x08001264                EXTI13_IRQHandler
                0x08001264                TIM1_CC_IRQHandler
                0x08001264                TSC_IRQHandler
                0x08001264                TAMP_IRQHandler
                0x08001264                TIM6_IRQHandler
                0x08001264                EXTI12_IRQHandler
                0x08001264                CORDIC_IRQHandler
                0x08001264                EXTI3_IRQHandler
                0x08001264                LPTIM4_IRQHandler
                0x08001264                GPDMA1_Channel5_IRQHandler
                0x08001264                EXTI8_IRQHandler
                0x08001264                LPTIM2_IRQHandler
                0x08001264                I2C3_ER_IRQHandler
                0x08001264                PWR_S3WU_IRQHandler
                0x08001264                LPDMA1_Channel3_IRQHandler
                0x08001264                LPTIM3_IRQHandler
                0x08001264                EXTI0_IRQHandler
                0x08001264                I2C2_EV_IRQHandler
                0x08001264                FPU_IRQHandler
                0x08001264                GPDMA1_Channel3_IRQHandler
                0x08001264                GPDMA1_Channel7_IRQHandler
                0x08001264                FDCAN1_IT1_IRQHandler
                0x08001264                RAMCFG_IRQHandler
                0x08001264                GPDMA1_Channel9_IRQHandler
                0x08001264                DCACHE1_IRQHandler
                0x08001264                SPI1_IRQHandler
                0x08001264                OCTOSPI1_IRQHandler
                0x08001264                GPDMA1_Channel2_IRQHandler
                0x08001264                TIM8_UP_IRQHandler
                0x08001264                RCC_S_IRQHandler
                0x08001264                MDF1_FLT1_IRQHandler
                0x08001264                ADC1_IRQHandler
                0x08001264                EXTI15_IRQHandler
                0x08001264                TIM17_IRQHandler
                0x08001264                USART3_IRQHandler
                0x08001264                RTC_IRQHandler
                0x08001264                EXTI9_IRQHandler
                0x08001264                UART5_IRQHandler
                0x08001264                TIM4_IRQHandler
                0x08001264                I2C1_EV_IRQHandler
                0x08001264                GPDMA1_Channel12_IRQHandler
                0x08001264                GPDMA1_Channel1_IRQHandler
                0x08001264                TIM16_IRQHandler
                0x08001264                GPDMA1_Channel15_IRQHandler
                0x08001264                UART4_IRQHandler
                0x08001264                SecureFault_Handler
                0x08001264                TIM3_IRQHandler
                0x08001264                RCC_IRQHandler
                0x08001264                TIM1_TRG_COM_IRQHandler
                0x08001264                Default_Handler
                0x08001264                GPDMA1_Channel8_IRQHandler
                0x08001264                FMAC_IRQHandler
                0x08001264                GPDMA1_Channel11_IRQHandler
                0x08001264                TIM7_IRQHandler
                0x08001264                SDMMC1_IRQHandler
                0x08001264                TIM5_IRQHandler
                0x08001264                GPDMA1_Channel0_IRQHandler
                0x08001264                TIM15_IRQHandler
                0x08001264                I2C3_EV_IRQHandler
                0x08001264                USB_IRQHandler
                0x08001264                LPDMA1_Channel0_IRQHandler
                0x08001264                PVD_PVM_IRQHandler
                0x08001264                SPI2_IRQHandler
                0x08001264                LPDMA1_Channel1_IRQHandler
                0x08001264                EXTI14_IRQHandler
                0x08001264                EXTI11_IRQHandler
                0x08001264                CRS_IRQHandler
                0x08001264                GPDMA1_Channel14_IRQHandler
                0x08001264                LSECSSD_IRQHandler
                0x08001264                EXTI4_IRQHandler
                0x08001264                RTC_S_IRQHandler
                0x08001264                GPDMA1_Channel13_IRQHandler
                0x08001264                RNG_IRQHandler
                0x08001264                COMP_IRQHandler
                0x08001264                TIM1_UP_IRQHandler
                0x08001264                ADC4_IRQHandler
                0x08001264                WWDG_IRQHandler
                0x08001264                I2C4_EV_IRQHandler
                0x08001264                ADF1_IRQHandler
                0x08001264                IWDG_IRQHandler
                0x08001264                LPUART1_IRQHandler
                0x08001264                MDF1_FLT0_IRQHandler
                0x08001264                TIM2_IRQHandler
                0x08001264                GPDMA1_Channel4_IRQHandler
                0x08001264                EXTI7_IRQHandler
                0x08001264                TIM1_BRK_IRQHandler
                0x08001264                EXTI1_IRQHandler
                0x08001264                DAC1_IRQHandler
                0x08001264                GTZC_IRQHandler
                0x08001264                GPDMA1_Channel6_IRQHandler
                0x08001264                I2C2_ER_IRQHandler
                0x08001264                TIM8_BRK_IRQHandler
                0x08001264                FLASH_IRQHandler
                0x08001264                USART1_IRQHandler
                0x08001264                EXTI10_IRQHandler
                0x08001264                SPI3_IRQHandler
                0x08001264                LPDMA1_Channel2_IRQHandler
                0x08001264                I2C1_ER_IRQHandler
                0x08001264                EXTI6_IRQHandler
                0x08001264                LPTIM1_IRQHandler
                0x08001264                DCMI_PSSI_IRQHandler
                0x08001264                I2C4_ER_IRQHandler
                0x08001264                GPDMA1_Channel10_IRQHandler
                0x08001264                ICACHE_IRQHandler
                0x08001264                SAI1_IRQHandler
                0x08001264                HASH_IRQHandler
 *fill*         0x08001266        0x2 
 .text.HAL_Init
                0x08001268       0x60 ./Drivers/STM32U5xx_HAL_Driver/Src/stm32u5xx_hal.o
                0x08001268                HAL_Init
 .text.HAL_InitTick
                0x080012c8       0xec ./Drivers/STM32U5xx_HAL_Driver/Src/stm32u5xx_hal.o
                0x080012c8                HAL_InitTick
 .text.HAL_IncTick
                0x080013b4       0x28 ./Drivers/STM32U5xx_HAL_Driver/Src/stm32u5xx_hal.o
                0x080013b4                HAL_IncTick
 .text.HAL_GetTick
                0x080013dc       0x18 ./Drivers/STM32U5xx_HAL_Driver/Src/stm32u5xx_hal.o
                0x080013dc                HAL_GetTick
 .text.HAL_Delay
                0x080013f4       0x48 ./Drivers/STM32U5xx_HAL_Driver/Src/stm32u5xx_hal.o
                0x080013f4                HAL_Delay
 .text.__NVIC_SetPriorityGrouping
                0x0800143c       0x48 ./Drivers/STM32U5xx_HAL_Driver/Src/stm32u5xx_hal_cortex.o
 .text.__NVIC_GetPriorityGrouping
                0x08001484       0x1c ./Drivers/STM32U5xx_HAL_Driver/Src/stm32u5xx_hal_cortex.o
 .text.__NVIC_EnableIRQ
                0x080014a0       0x3c ./Drivers/STM32U5xx_HAL_Driver/Src/stm32u5xx_hal_cortex.o
 .text.__NVIC_SetPriority
                0x080014dc       0x54 ./Drivers/STM32U5xx_HAL_Driver/Src/stm32u5xx_hal_cortex.o
 .text.NVIC_EncodePriority
                0x08001530       0x66 ./Drivers/STM32U5xx_HAL_Driver/Src/stm32u5xx_hal_cortex.o
 .text.HAL_NVIC_SetPriorityGrouping
                0x08001596       0x16 ./Drivers/STM32U5xx_HAL_Driver/Src/stm32u5xx_hal_cortex.o
                0x08001596                HAL_NVIC_SetPriorityGrouping
 .text.HAL_NVIC_SetPriority
                0x080015ac       0x34 ./Drivers/STM32U5xx_HAL_Driver/Src/stm32u5xx_hal_cortex.o
                0x080015ac                HAL_NVIC_SetPriority
 .text.HAL_NVIC_EnableIRQ
                0x080015e0       0x1c ./Drivers/STM32U5xx_HAL_Driver/Src/stm32u5xx_hal_cortex.o
                0x080015e0                HAL_NVIC_EnableIRQ
 .text.HAL_SYSTICK_Config
                0x080015fc       0x44 ./Drivers/STM32U5xx_HAL_Driver/Src/stm32u5xx_hal_cortex.o
                0x080015fc                HAL_SYSTICK_Config
 .text.HAL_SYSTICK_CLKSourceConfig
                0x08001640       0xb0 ./Drivers/STM32U5xx_HAL_Driver/Src/stm32u5xx_hal_cortex.o
                0x08001640                HAL_SYSTICK_CLKSourceConfig
 .text.HAL_SYSTICK_GetCLKSourceConfig
                0x080016f0       0x74 ./Drivers/STM32U5xx_HAL_Driver/Src/stm32u5xx_hal_cortex.o
                0x080016f0                HAL_SYSTICK_GetCLKSourceConfig
 .text.HAL_FDCAN_Init
                0x08001764      0x2a4 ./Drivers/STM32U5xx_HAL_Driver/Src/stm32u5xx_hal_fdcan.o
                0x08001764                HAL_FDCAN_Init
 .text.HAL_FDCAN_Start
                0x08001a08       0x50 ./Drivers/STM32U5xx_HAL_Driver/Src/stm32u5xx_hal_fdcan.o
                0x08001a08                HAL_FDCAN_Start
 .text.HAL_FDCAN_GetRxMessage
                0x08001a58      0x210 ./Drivers/STM32U5xx_HAL_Driver/Src/stm32u5xx_hal_fdcan.o
                0x08001a58                HAL_FDCAN_GetRxMessage
 .text.HAL_FDCAN_ActivateNotification
                0x08001c68      0x1cc ./Drivers/STM32U5xx_HAL_Driver/Src/stm32u5xx_hal_fdcan.o
                0x08001c68                HAL_FDCAN_ActivateNotification
 .text.HAL_FDCAN_IRQHandler
                0x08001e34      0x266 ./Drivers/STM32U5xx_HAL_Driver/Src/stm32u5xx_hal_fdcan.o
                0x08001e34                HAL_FDCAN_IRQHandler
 .text.HAL_FDCAN_TxEventFifoCallback
                0x0800209a       0x16 ./Drivers/STM32U5xx_HAL_Driver/Src/stm32u5xx_hal_fdcan.o
                0x0800209a                HAL_FDCAN_TxEventFifoCallback
 .text.HAL_FDCAN_RxFifo1Callback
                0x080020b0       0x16 ./Drivers/STM32U5xx_HAL_Driver/Src/stm32u5xx_hal_fdcan.o
                0x080020b0                HAL_FDCAN_RxFifo1Callback
 .text.HAL_FDCAN_TxFifoEmptyCallback
                0x080020c6       0x14 ./Drivers/STM32U5xx_HAL_Driver/Src/stm32u5xx_hal_fdcan.o
                0x080020c6                HAL_FDCAN_TxFifoEmptyCallback
 .text.HAL_FDCAN_TxBufferCompleteCallback
                0x080020da       0x16 ./Drivers/STM32U5xx_HAL_Driver/Src/stm32u5xx_hal_fdcan.o
                0x080020da                HAL_FDCAN_TxBufferCompleteCallback
 .text.HAL_FDCAN_TxBufferAbortCallback
                0x080020f0       0x16 ./Drivers/STM32U5xx_HAL_Driver/Src/stm32u5xx_hal_fdcan.o
                0x080020f0                HAL_FDCAN_TxBufferAbortCallback
 .text.HAL_FDCAN_TimestampWraparoundCallback
                0x08002106       0x14 ./Drivers/STM32U5xx_HAL_Driver/Src/stm32u5xx_hal_fdcan.o
                0x08002106                HAL_FDCAN_TimestampWraparoundCallback
 .text.HAL_FDCAN_TimeoutOccurredCallback
                0x0800211a       0x14 ./Drivers/STM32U5xx_HAL_Driver/Src/stm32u5xx_hal_fdcan.o
                0x0800211a                HAL_FDCAN_TimeoutOccurredCallback
 .text.HAL_FDCAN_HighPriorityMessageCallback
                0x0800212e       0x14 ./Drivers/STM32U5xx_HAL_Driver/Src/stm32u5xx_hal_fdcan.o
                0x0800212e                HAL_FDCAN_HighPriorityMessageCallback
 .text.HAL_FDCAN_ErrorCallback
                0x08002142       0x14 ./Drivers/STM32U5xx_HAL_Driver/Src/stm32u5xx_hal_fdcan.o
                0x08002142                HAL_FDCAN_ErrorCallback
 .text.HAL_FDCAN_ErrorStatusCallback
                0x08002156       0x16 ./Drivers/STM32U5xx_HAL_Driver/Src/stm32u5xx_hal_fdcan.o
                0x08002156                HAL_FDCAN_ErrorStatusCallback
 .text.FDCAN_CalcultateRamBlockAddresses
                0x0800216c       0xac ./Drivers/STM32U5xx_HAL_Driver/Src/stm32u5xx_hal_fdcan.o
 .text.HAL_GPIO_Init
                0x08002218      0x3c0 ./Drivers/STM32U5xx_HAL_Driver/Src/stm32u5xx_hal_gpio.o
                0x08002218                HAL_GPIO_Init
 .text.HAL_GPIO_DeInit
                0x080025d8      0x1bc ./Drivers/STM32U5xx_HAL_Driver/Src/stm32u5xx_hal_gpio.o
                0x080025d8                HAL_GPIO_DeInit
 .text.HAL_GPIO_ReadPin
                0x08002794       0x30 ./Drivers/STM32U5xx_HAL_Driver/Src/stm32u5xx_hal_gpio.o
                0x08002794                HAL_GPIO_ReadPin
 .text.HAL_GPIO_WritePin
                0x080027c4       0x30 ./Drivers/STM32U5xx_HAL_Driver/Src/stm32u5xx_hal_gpio.o
                0x080027c4                HAL_GPIO_WritePin
 .text.HAL_GPIO_TogglePin
                0x080027f4       0x34 ./Drivers/STM32U5xx_HAL_Driver/Src/stm32u5xx_hal_gpio.o
                0x080027f4                HAL_GPIO_TogglePin
 .text.HAL_PWREx_ControlVoltageScaling
                0x08002828       0xfc ./Drivers/STM32U5xx_HAL_Driver/Src/stm32u5xx_hal_pwr_ex.o
                0x08002828                HAL_PWREx_ControlVoltageScaling
 .text.HAL_PWREx_GetVoltageRange
                0x08002924       0x1c ./Drivers/STM32U5xx_HAL_Driver/Src/stm32u5xx_hal_pwr_ex.o
                0x08002924                HAL_PWREx_GetVoltageRange
 .text.HAL_RCC_OscConfig
                0x08002940      0xdb8 ./Drivers/STM32U5xx_HAL_Driver/Src/stm32u5xx_hal_rcc.o
                0x08002940                HAL_RCC_OscConfig
 .text.HAL_RCC_ClockConfig
                0x080036f8      0x3e4 ./Drivers/STM32U5xx_HAL_Driver/Src/stm32u5xx_hal_rcc.o
                0x080036f8                HAL_RCC_ClockConfig
 .text.HAL_RCC_GetSysClockFreq
                0x08003adc      0x204 ./Drivers/STM32U5xx_HAL_Driver/Src/stm32u5xx_hal_rcc.o
                0x08003adc                HAL_RCC_GetSysClockFreq
 .text.HAL_RCC_GetHCLKFreq
                0x08003ce0       0x34 ./Drivers/STM32U5xx_HAL_Driver/Src/stm32u5xx_hal_rcc.o
                0x08003ce0                HAL_RCC_GetHCLKFreq
 .text.HAL_RCC_GetPCLK1Freq
                0x08003d14       0x28 ./Drivers/STM32U5xx_HAL_Driver/Src/stm32u5xx_hal_rcc.o
                0x08003d14                HAL_RCC_GetPCLK1Freq
 .text.HAL_RCC_GetPCLK2Freq
                0x08003d3c       0x28 ./Drivers/STM32U5xx_HAL_Driver/Src/stm32u5xx_hal_rcc.o
                0x08003d3c                HAL_RCC_GetPCLK2Freq
 .text.HAL_RCC_GetPCLK3Freq
                0x08003d64       0x28 ./Drivers/STM32U5xx_HAL_Driver/Src/stm32u5xx_hal_rcc.o
                0x08003d64                HAL_RCC_GetPCLK3Freq
 .text.RCC_SetFlashLatencyFromMSIRange
                0x08003d8c      0x10c ./Drivers/STM32U5xx_HAL_Driver/Src/stm32u5xx_hal_rcc.o
 .text.HAL_RCCEx_PeriphCLKConfig
                0x08003e98      0xa44 ./Drivers/STM32U5xx_HAL_Driver/Src/stm32u5xx_hal_rcc_ex.o
                0x08003e98                HAL_RCCEx_PeriphCLKConfig
 .text.HAL_RCCEx_GetPLL1ClockFreq
                0x080048dc      0x2b4 ./Drivers/STM32U5xx_HAL_Driver/Src/stm32u5xx_hal_rcc_ex.o
                0x080048dc                HAL_RCCEx_GetPLL1ClockFreq
 .text.HAL_RCCEx_GetPLL2ClockFreq
                0x08004b90      0x2b4 ./Drivers/STM32U5xx_HAL_Driver/Src/stm32u5xx_hal_rcc_ex.o
                0x08004b90                HAL_RCCEx_GetPLL2ClockFreq
 .text.HAL_RCCEx_GetPLL3ClockFreq
                0x08004e44      0x2b4 ./Drivers/STM32U5xx_HAL_Driver/Src/stm32u5xx_hal_rcc_ex.o
                0x08004e44                HAL_RCCEx_GetPLL3ClockFreq
 .text.HAL_RCCEx_GetPeriphCLKFreq
                0x080050f8     0x1228 ./Drivers/STM32U5xx_HAL_Driver/Src/stm32u5xx_hal_rcc_ex.o
                0x080050f8                HAL_RCCEx_GetPeriphCLKFreq
 .text.RCCEx_PLL2_Config
                0x08006320      0x130 ./Drivers/STM32U5xx_HAL_Driver/Src/stm32u5xx_hal_rcc_ex.o
 .text.RCCEx_PLL3_Config
                0x08006450      0x130 ./Drivers/STM32U5xx_HAL_Driver/Src/stm32u5xx_hal_rcc_ex.o
 .text.HAL_UART_Init
                0x08006580       0xa0 ./Drivers/STM32U5xx_HAL_Driver/Src/stm32u5xx_hal_uart.o
                0x08006580                HAL_UART_Init
 .text.HAL_UART_DeInit
                0x08006620       0x7e ./Drivers/STM32U5xx_HAL_Driver/Src/stm32u5xx_hal_uart.o
                0x08006620                HAL_UART_DeInit
 .text.HAL_UART_Transmit
                0x0800669e      0x11c ./Drivers/STM32U5xx_HAL_Driver/Src/stm32u5xx_hal_uart.o
                0x0800669e                HAL_UART_Transmit
 .text.HAL_UART_Receive
                0x080067ba      0x190 ./Drivers/STM32U5xx_HAL_Driver/Src/stm32u5xx_hal_uart.o
                0x080067ba                HAL_UART_Receive
 *fill*         0x0800694a        0x2 
 .text.UART_SetConfig
                0x0800694c      0x330 ./Drivers/STM32U5xx_HAL_Driver/Src/stm32u5xx_hal_uart.o
                0x0800694c                UART_SetConfig
 .text.UART_AdvFeatureConfig
                0x08006c7c      0x144 ./Drivers/STM32U5xx_HAL_Driver/Src/stm32u5xx_hal_uart.o
                0x08006c7c                UART_AdvFeatureConfig
 .text.UART_CheckIdleState
                0x08006dc0      0x154 ./Drivers/STM32U5xx_HAL_Driver/Src/stm32u5xx_hal_uart.o
                0x08006dc0                UART_CheckIdleState
 .text.UART_WaitOnFlagUntilTimeout
                0x08006f14       0xda ./Drivers/STM32U5xx_HAL_Driver/Src/stm32u5xx_hal_uart.o
                0x08006f14                UART_WaitOnFlagUntilTimeout
 .text.UART_EndRxTransfer
                0x08006fee       0xcc ./Drivers/STM32U5xx_HAL_Driver/Src/stm32u5xx_hal_uart.o
 .text.HAL_UARTEx_DisableFifoMode
                0x080070ba       0x72 ./Drivers/STM32U5xx_HAL_Driver/Src/stm32u5xx_hal_uart_ex.o
                0x080070ba                HAL_UARTEx_DisableFifoMode
 .text.HAL_UARTEx_SetTxFifoThreshold
                0x0800712c       0x7c ./Drivers/STM32U5xx_HAL_Driver/Src/stm32u5xx_hal_uart_ex.o
                0x0800712c                HAL_UARTEx_SetTxFifoThreshold
 .text.HAL_UARTEx_SetRxFifoThreshold
                0x080071a8       0x7c ./Drivers/STM32U5xx_HAL_Driver/Src/stm32u5xx_hal_uart_ex.o
                0x080071a8                HAL_UARTEx_SetRxFifoThreshold
 .text.UARTEx_SetNbDataToProcess
                0x08007224       0x9c ./Drivers/STM32U5xx_HAL_Driver/Src/stm32u5xx_hal_uart_ex.o
 .text._vsnprintf_r
                0x080072c0       0x5c /opt/st/stm32cubeide_1.19.0/plugins/com.st.stm32cube.ide.mcu.externaltools.gnu-tools-for-stm32.13.3.rel1.linux64_1.0.0.202410170706/tools/bin/../lib/gcc/arm-none-eabi/13.3.1/../../../../arm-none-eabi/lib/thumb/v8-m.main+fp/hard/libc_nano.a(libc_a-vsnprintf.o)
                0x080072c0                _vsnprintf_r
                0x080072c0                _vsniprintf_r
 .text.vsnprintf
                0x0800731c       0x1c /opt/st/stm32cubeide_1.19.0/plugins/com.st.stm32cube.ide.mcu.externaltools.gnu-tools-for-stm32.13.3.rel1.linux64_1.0.0.202410170706/tools/bin/../lib/gcc/arm-none-eabi/13.3.1/../../../../arm-none-eabi/lib/thumb/v8-m.main+fp/hard/libc_nano.a(libc_a-vsnprintf.o)
                0x0800731c                vsnprintf
                0x0800731c                vsniprintf
 .text.memset   0x08007338       0x10 /opt/st/stm32cubeide_1.19.0/plugins/com.st.stm32cube.ide.mcu.externaltools.gnu-tools-for-stm32.13.3.rel1.linux64_1.0.0.202410170706/tools/bin/../lib/gcc/arm-none-eabi/13.3.1/../../../../arm-none-eabi/lib/thumb/v8-m.main+fp/hard/libc_nano.a(libc_a-memset.o)
                0x08007338                memset
 .text.__errno  0x08007348        0xc /opt/st/stm32cubeide_1.19.0/plugins/com.st.stm32cube.ide.mcu.externaltools.gnu-tools-for-stm32.13.3.rel1.linux64_1.0.0.202410170706/tools/bin/../lib/gcc/arm-none-eabi/13.3.1/../../../../arm-none-eabi/lib/thumb/v8-m.main+fp/hard/libc_nano.a(libc_a-errno.o)
                0x08007348                __errno
 .text.__libc_init_array
                0x08007354       0x48 /opt/st/stm32cubeide_1.19.0/plugins/com.st.stm32cube.ide.mcu.externaltools.gnu-tools-for-stm32.13.3.rel1.linux64_1.0.0.202410170706/tools/bin/../lib/gcc/arm-none-eabi/13.3.1/../../../../arm-none-eabi/lib/thumb/v8-m.main+fp/hard/libc_nano.a(libc_a-init.o)
                0x08007354                __libc_init_array
 .text.__retarget_lock_acquire_recursive
                0x0800739c        0x2 /opt/st/stm32cubeide_1.19.0/plugins/com.st.stm32cube.ide.mcu.externaltools.gnu-tools-for-stm32.13.3.rel1.linux64_1.0.0.202410170706/tools/bin/../lib/gcc/arm-none-eabi/13.3.1/../../../../arm-none-eabi/lib/thumb/v8-m.main+fp/hard/libc_nano.a(libc_a-lock.o)
                0x0800739c                __retarget_lock_acquire_recursive
 .text.__retarget_lock_release_recursive
                0x0800739e        0x2 /opt/st/stm32cubeide_1.19.0/plugins/com.st.stm32cube.ide.mcu.externaltools.gnu-tools-for-stm32.13.3.rel1.linux64_1.0.0.202410170706/tools/bin/../lib/gcc/arm-none-eabi/13.3.1/../../../../arm-none-eabi/lib/thumb/v8-m.main+fp/hard/libc_nano.a(libc_a-lock.o)
                0x0800739e                __retarget_lock_release_recursive
 .text.memcpy   0x080073a0       0x1a /opt/st/stm32cubeide_1.19.0/plugins/com.st.stm32cube.ide.mcu.externaltools.gnu-tools-for-stm32.13.3.rel1.linux64_1.0.0.202410170706/tools/bin/../lib/gcc/arm-none-eabi/13.3.1/../../../../arm-none-eabi/lib/thumb/v8-m.main+fp/hard/libc_nano.a(libc_a-memcpy-stub.o)
                0x080073a0                memcpy
 *fill*         0x080073ba        0x2 
 .text._free_r  0x080073bc       0x94 /opt/st/stm32cubeide_1.19.0/plugins/com.st.stm32cube.ide.mcu.externaltools.gnu-tools-for-stm32.13.3.rel1.linux64_1.0.0.202410170706/tools/bin/../lib/gcc/arm-none-eabi/13.3.1/../../../../arm-none-eabi/lib/thumb/v8-m.main+fp/hard/libc_nano.a(libc_a-freer.o)
                0x080073bc                _free_r
 .text.sbrk_aligned
                0x08007450       0x44 /opt/st/stm32cubeide_1.19.0/plugins/com.st.stm32cube.ide.mcu.externaltools.gnu-tools-for-stm32.13.3.rel1.linux64_1.0.0.202410170706/tools/bin/../lib/gcc/arm-none-eabi/13.3.1/../../../../arm-none-eabi/lib/thumb/v8-m.main+fp/hard/libc_nano.a(libc_a-mallocr.o)
 .text._malloc_r
                0x08007494      0x100 /opt/st/stm32cubeide_1.19.0/plugins/com.st.stm32cube.ide.mcu.externaltools.gnu-tools-for-stm32.13.3.rel1.linux64_1.0.0.202410170706/tools/bin/../lib/gcc/arm-none-eabi/13.3.1/../../../../arm-none-eabi/lib/thumb/v8-m.main+fp/hard/libc_nano.a(libc_a-mallocr.o)
                0x08007494                _malloc_r
 .text.__malloc_lock
                0x08007594        0xc /opt/st/stm32cubeide_1.19.0/plugins/com.st.stm32cube.ide.mcu.externaltools.gnu-tools-for-stm32.13.3.rel1.linux64_1.0.0.202410170706/tools/bin/../lib/gcc/arm-none-eabi/13.3.1/../../../../arm-none-eabi/lib/thumb/v8-m.main+fp/hard/libc_nano.a(libc_a-mlock.o)
                0x08007594                __malloc_lock
 .text.__malloc_unlock
                0x080075a0        0xc /opt/st/stm32cubeide_1.19.0/plugins/com.st.stm32cube.ide.mcu.externaltools.gnu-tools-for-stm32.13.3.rel1.linux64_1.0.0.202410170706/tools/bin/../lib/gcc/arm-none-eabi/13.3.1/../../../../arm-none-eabi/lib/thumb/v8-m.main+fp/hard/libc_nano.a(libc_a-mlock.o)
                0x080075a0                __malloc_unlock
 .text.__ssputs_r
                0x080075ac       0xb6 /opt/st/stm32cubeide_1.19.0/plugins/com.st.stm32cube.ide.mcu.externaltools.gnu-tools-for-stm32.13.3.rel1.linux64_1.0.0.202410170706/tools/bin/../lib/gcc/arm-none-eabi/13.3.1/../../../../arm-none-eabi/lib/thumb/v8-m.main+fp/hard/libc_nano.a(libc_a-nano-svfprintf.o)
                0x080075ac                __ssputs_r
 *fill*         0x08007662        0x2 
 .text._svfprintf_r
                0x08007664      0x1f8 /opt/st/stm32cubeide_1.19.0/plugins/com.st.stm32cube.ide.mcu.externaltools.gnu-tools-for-stm32.13.3.rel1.linux64_1.0.0.202410170706/tools/bin/../lib/gcc/arm-none-eabi/13.3.1/../../../../arm-none-eabi/lib/thumb/v8-m.main+fp/hard/libc_nano.a(libc_a-nano-svfprintf.o)
                0x08007664                _svfprintf_r
                0x08007664                _svfiprintf_r
 .text._printf_common
                0x0800785c       0xe4 /opt/st/stm32cubeide_1.19.0/plugins/com.st.stm32cube.ide.mcu.externaltools.gnu-tools-for-stm32.13.3.rel1.linux64_1.0.0.202410170706/tools/bin/../lib/gcc/arm-none-eabi/13.3.1/../../../../arm-none-eabi/lib/thumb/v8-m.main+fp/hard/libc_nano.a(libc_a-nano-vfprintf_i.o)
                0x0800785c                _printf_common
 .text._printf_i
                0x08007940      0x23c /opt/st/stm32cubeide_1.19.0/plugins/com.st.stm32cube.ide.mcu.externaltools.gnu-tools-for-stm32.13.3.rel1.linux64_1.0.0.202410170706/tools/bin/../lib/gcc/arm-none-eabi/13.3.1/../../../../arm-none-eabi/lib/thumb/v8-m.main+fp/hard/libc_nano.a(libc_a-nano-vfprintf_i.o)
                0x08007940                _printf_i
 .text.memmove  0x08007b7c       0x34 /opt/st/stm32cubeide_1.19.0/plugins/com.st.stm32cube.ide.mcu.externaltools.gnu-tools-for-stm32.13.3.rel1.linux64_1.0.0.202410170706/tools/bin/../lib/gcc/arm-none-eabi/13.3.1/../../../../arm-none-eabi/lib/thumb/v8-m.main+fp/hard/libc_nano.a(libc_a-memmove.o)
                0x08007b7c                memmove
 .text._sbrk_r  0x08007bb0       0x20 /opt/st/stm32cubeide_1.19.0/plugins/com.st.stm32cube.ide.mcu.externaltools.gnu-tools-for-stm32.13.3.rel1.linux64_1.0.0.202410170706/tools/bin/../lib/gcc/arm-none-eabi/13.3.1/../../../../arm-none-eabi/lib/thumb/v8-m.main+fp/hard/libc_nano.a(libc_a-sbrkr.o)
                0x08007bb0                _sbrk_r
 .text.memchr   0x08007bd0       0x1c /opt/st/stm32cubeide_1.19.0/plugins/com.st.stm32cube.ide.mcu.externaltools.gnu-tools-for-stm32.13.3.rel1.linux64_1.0.0.202410170706/tools/bin/../lib/gcc/arm-none-eabi/13.3.1/../../../../arm-none-eabi/lib/thumb/v8-m.main+fp/hard/libc_nano.a(libc_a-memchr-stub.o)
                0x08007bd0                memchr
 .text._realloc_r
                0x08007bec       0x5c /opt/st/stm32cubeide_1.19.0/plugins/com.st.stm32cube.ide.mcu.externaltools.gnu-tools-for-stm32.13.3.rel1.linux64_1.0.0.202410170706/tools/bin/../lib/gcc/arm-none-eabi/13.3.1/../../../../arm-none-eabi/lib/thumb/v8-m.main+fp/hard/libc_nano.a(libc_a-reallocr.o)
                0x08007bec                _realloc_r
 .text._malloc_usable_size_r
                0x08007c48       0x10 /opt/st/stm32cubeide_1.19.0/plugins/com.st.stm32cube.ide.mcu.externaltools.gnu-tools-for-stm32.13.3.rel1.linux64_1.0.0.202410170706/tools/bin/../lib/gcc/arm-none-eabi/13.3.1/../../../../arm-none-eabi/lib/thumb/v8-m.main+fp/hard/libc_nano.a(libc_a-msizer.o)
                0x08007c48                _malloc_usable_size_r
 *(.glue_7)
 .glue_7        0x08007c58        0x0 linker stubs
 *(.glue_7t)
 .glue_7t       0x08007c58        0x0 linker stubs
 *(.eh_frame)
 .eh_frame      0x08007c58        0x0 /opt/st/stm32cubeide_1.19.0/plugins/com.st.stm32cube.ide.mcu.externaltools.gnu-tools-for-stm32.13.3.rel1.linux64_1.0.0.202410170706/tools/bin/../lib/gcc/arm-none-eabi/13.3.1/thumb/v8-m.main+fp/hard/crtbegin.o
 *(.init)
 .init          0x08007c58        0x4 /opt/st/stm32cubeide_1.19.0/plugins/com.st.stm32cube.ide.mcu.externaltools.gnu-tools-for-stm32.13.3.rel1.linux64_1.0.0.202410170706/tools/bin/../lib/gcc/arm-none-eabi/13.3.1/thumb/v8-m.main+fp/hard/crti.o
                0x08007c58                _init
 .init          0x08007c5c        0x8 /opt/st/stm32cubeide_1.19.0/plugins/com.st.stm32cube.ide.mcu.externaltools.gnu-tools-for-stm32.13.3.rel1.linux64_1.0.0.202410170706/tools/bin/../lib/gcc/arm-none-eabi/13.3.1/thumb/v8-m.main+fp/hard/crtn.o
 *(.fini)
 .fini          0x08007c64        0x4 /opt/st/stm32cubeide_1.19.0/plugins/com.st.stm32cube.ide.mcu.externaltools.gnu-tools-for-stm32.13.3.rel1.linux64_1.0.0.202410170706/tools/bin/../lib/gcc/arm-none-eabi/13.3.1/thumb/v8-m.main+fp/hard/crti.o
                0x08007c64                _fini
 .fini          0x08007c68        0x8 /opt/st/stm32cubeide_1.19.0/plugins/com.st.stm32cube.ide.mcu.externaltools.gnu-tools-for-stm32.13.3.rel1.linux64_1.0.0.202410170706/tools/bin/../lib/gcc/arm-none-eabi/13.3.1/thumb/v8-m.main+fp/hard/crtn.o
                0x08007c70                        _etext = .

.vfp11_veneer   0x08007c70        0x0
 .vfp11_veneer  0x08007c70        0x0 linker stubs

.v4_bx          0x08007c70        0x0
 .v4_bx         0x08007c70        0x0 linker stubs

.iplt           0x08007c70        0x0
 .iplt          0x08007c70        0x0 /opt/st/stm32cubeide_1.19.0/plugins/com.st.stm32cube.ide.mcu.externaltools.gnu-tools-for-stm32.13.3.rel1.linux64_1.0.0.202410170706/tools/bin/../lib/gcc/arm-none-eabi/13.3.1/thumb/v8-m.main+fp/hard/crtbegin.o

.rodata         0x08007c70      0x28f
 *(.rodata)
 .rodata        0x08007c70      0x14a ./Core/Src/main.o
 *(.rodata*)
 *fill*         0x08007dba        0x2 
 .rodata.AHBPrescTable
                0x08007dbc       0x10 ./Core/Src/system_stm32u5xx.o
                0x08007dbc                AHBPrescTable
 .rodata.APBPrescTable
                0x08007dcc        0x8 ./Core/Src/system_stm32u5xx.o
                0x08007dcc                APBPrescTable
 .rodata.MSIRangeTable
                0x08007dd4       0x40 ./Core/Src/system_stm32u5xx.o
                0x08007dd4                MSIRangeTable
 .rodata.DLCtoBytes
                0x08007e14       0x10 ./Drivers/STM32U5xx_HAL_Driver/Src/stm32u5xx_hal_fdcan.o
 .rodata.LPGPIO_Map
                0x08007e24       0x80 ./Drivers/STM32U5xx_HAL_Driver/Src/stm32u5xx_hal_gpio.o
 .rodata.UARTPrescTable
                0x08007ea4       0x18 ./Drivers/STM32U5xx_HAL_Driver/Src/stm32u5xx_hal_uart.o
                0x08007ea4                UARTPrescTable
 .rodata.numerator.1
                0x08007ebc        0x8 ./Drivers/STM32U5xx_HAL_Driver/Src/stm32u5xx_hal_uart_ex.o
 .rodata.denominator.0
                0x08007ec4        0x8 ./Drivers/STM32U5xx_HAL_Driver/Src/stm32u5xx_hal_uart_ex.o
 .rodata._svfprintf_r.str1.1
                0x08007ecc       0x33 /opt/st/stm32cubeide_1.19.0/plugins/com.st.stm32cube.ide.mcu.externaltools.gnu-tools-for-stm32.13.3.rel1.linux64_1.0.0.202410170706/tools/bin/../lib/gcc/arm-none-eabi/13.3.1/../../../../arm-none-eabi/lib/thumb/v8-m.main+fp/hard/libc_nano.a(libc_a-nano-svfprintf.o)
                                 0x11 (size before relaxing)
 .rodata._printf_i.str1.1
                0x08007eff       0x22 /opt/st/stm32cubeide_1.19.0/plugins/com.st.stm32cube.ide.mcu.externaltools.gnu-tools-for-stm32.13.3.rel1.linux64_1.0.0.202410170706/tools/bin/../lib/gcc/arm-none-eabi/13.3.1/../../../../arm-none-eabi/lib/thumb/v8-m.main+fp/hard/libc_nano.a(libc_a-nano-vfprintf_i.o)

.ARM.extab
 *(.ARM.extab* .gnu.linkonce.armextab.*)

.ARM            0x08007f00        0x8
                0x08007f00                        __exidx_start = .
 *(.ARM.exidx*)
 .ARM.exidx     0x08007f00        0x8 /opt/st/stm32cubeide_1.19.0/plugins/com.st.stm32cube.ide.mcu.externaltools.gnu-tools-for-stm32.13.3.rel1.linux64_1.0.0.202410170706/tools/bin/../lib/gcc/arm-none-eabi/13.3.1/../../../../arm-none-eabi/lib/thumb/v8-m.main+fp/hard/libc_nano.a(libc_a-strlen.o)
 .ARM.exidx     0x08007f08        0x0 /opt/st/stm32cubeide_1.19.0/plugins/com.st.stm32cube.ide.mcu.externaltools.gnu-tools-for-stm32.13.3.rel1.linux64_1.0.0.202410170706/tools/bin/../lib/gcc/arm-none-eabi/13.3.1/thumb/v8-m.main+fp/hard/libgcc.a(_udivmoddi4.o)
                                  0x8 (size before relaxing)
                0x08007f08                        __exidx_end = .

.preinit_array  0x08007f08        0x0
                0x08007f08                        PROVIDE (__preinit_array_start = .)
 *(.preinit_array*)
                0x08007f08                        PROVIDE (__preinit_array_end = .)

.init_array     0x08007f08        0x4
                0x08007f08                        PROVIDE (__init_array_start = .)
 *(SORT_BY_NAME(.init_array.*))
 *(.init_array*)
 .init_array    0x08007f08        0x4 /opt/st/stm32cubeide_1.19.0/plugins/com.st.stm32cube.ide.mcu.externaltools.gnu-tools-for-stm32.13.3.rel1.linux64_1.0.0.202410170706/tools/bin/../lib/gcc/arm-none-eabi/13.3.1/thumb/v8-m.main+fp/hard/crtbegin.o
                0x08007f0c                        PROVIDE (__init_array_end = .)

.fini_array     0x08007f0c        0x4
                [!provide]                        PROVIDE (__fini_array_start = .)
 *(SORT_BY_NAME(.fini_array.*))
 *(.fini_array*)
 .fini_array    0x08007f0c        0x4 /opt/st/stm32cubeide_1.19.0/plugins/com.st.stm32cube.ide.mcu.externaltools.gnu-tools-for-stm32.13.3.rel1.linux64_1.0.0.202410170706/tools/bin/../lib/gcc/arm-none-eabi/13.3.1/thumb/v8-m.main+fp/hard/crtbegin.o
                [!provide]                        PROVIDE (__fini_array_end = .)
                0x08007f10                        _sidata = LOADADDR (.data)

.rel.dyn        0x08007f10        0x0
 .rel.iplt      0x08007f10        0x0 /opt/st/stm32cubeide_1.19.0/plugins/com.st.stm32cube.ide.mcu.externaltools.gnu-tools-for-stm32.13.3.rel1.linux64_1.0.0.202410170706/tools/bin/../lib/gcc/arm-none-eabi/13.3.1/thumb/v8-m.main+fp/hard/crtbegin.o

.data           0x20000000       0x5c load address 0x08007f10
                0x20000000                        _sdata = .
 *(.data)
 *(.data*)
 .data.SystemCoreClock
                0x20000000        0x4 ./Core/Src/system_stm32u5xx.o
                0x20000000                SystemCoreClock
 .data.uwTickPrio
                0x20000004        0x4 ./Drivers/STM32U5xx_HAL_Driver/Src/stm32u5xx_hal.o
                0x20000004                uwTickPrio
 .data.uwTickFreq
                0x20000008        0x1 ./Drivers/STM32U5xx_HAL_Driver/Src/stm32u5xx_hal.o
                0x20000008                uwTickFreq
 *fill*         0x20000009        0x3 
 .data._impure_ptr
                0x2000000c        0x4 /opt/st/stm32cubeide_1.19.0/plugins/com.st.stm32cube.ide.mcu.externaltools.gnu-tools-for-stm32.13.3.rel1.linux64_1.0.0.202410170706/tools/bin/../lib/gcc/arm-none-eabi/13.3.1/../../../../arm-none-eabi/lib/thumb/v8-m.main+fp/hard/libc_nano.a(libc_a-impure.o)
                0x2000000c                _impure_ptr
 .data._impure_data
                0x20000010       0x4c /opt/st/stm32cubeide_1.19.0/plugins/com.st.stm32cube.ide.mcu.externaltools.gnu-tools-for-stm32.13.3.rel1.linux64_1.0.0.202410170706/tools/bin/../lib/gcc/arm-none-eabi/13.3.1/../../../../arm-none-eabi/lib/thumb/v8-m.main+fp/hard/libc_nano.a(libc_a-impure.o)
                0x20000010                _impure_data
 *(.RamFunc)
 *(.RamFunc*)
                0x2000005c                        _edata = .

.igot.plt       0x2000005c        0x0 load address 0x08007f6c
 .igot.plt      0x2000005c        0x0 /opt/st/stm32cubeide_1.19.0/plugins/com.st.stm32cube.ide.mcu.externaltools.gnu-tools-for-stm32.13.3.rel1.linux64_1.0.0.202410170706/tools/bin/../lib/gcc/arm-none-eabi/13.3.1/thumb/v8-m.main+fp/hard/crtbegin.o

.bss            0x2000005c      0x8fc load address 0x08007f6c
                0x2000005c                        _sbss = .
                0x2000005c                        __bss_start__ = _sbss
 *(.bss)
 .bss           0x2000005c       0x1c /opt/st/stm32cubeide_1.19.0/plugins/com.st.stm32cube.ide.mcu.externaltools.gnu-tools-for-stm32.13.3.rel1.linux64_1.0.0.202410170706/tools/bin/../lib/gcc/arm-none-eabi/13.3.1/thumb/v8-m.main+fp/hard/crtbegin.o
 *(.bss*)
 .bss.hfdcan1   0x20000078       0x64 ./Core/Src/fdcan.o
                0x20000078                hfdcan1
 .bss.canQueue  0x200000dc      0x600 ./Core/Src/main.o
                0x200000dc                canQueue
 .bss.queueHead
                0x200006dc        0x1 ./Core/Src/main.o
                0x200006dc                queueHead
 .bss.queueTail
                0x200006dd        0x1 ./Core/Src/main.o
                0x200006dd                queueTail
 *fill*         0x200006de        0x2 
 .bss.__sbrk_heap_end
                0x200006e0        0x4 ./Core/Src/sysmem.o
 .bss.huart1    0x200006e4       0x94 ./Core/Src/usart.o
                0x200006e4                huart1
 .bss.huart3    0x20000778       0x94 ./Core/Src/usart.o
                0x20000778                huart3
 .bss.uwTick    0x2000080c        0x4 ./Drivers/STM32U5xx_HAL_Driver/Src/stm32u5xx_hal.o
                0x2000080c                uwTick
 .bss.__sf      0x20000810      0x138 /opt/st/stm32cubeide_1.19.0/plugins/com.st.stm32cube.ide.mcu.externaltools.gnu-tools-for-stm32.13.3.rel1.linux64_1.0.0.202410170706/tools/bin/../lib/gcc/arm-none-eabi/13.3.1/../../../../arm-none-eabi/lib/thumb/v8-m.main+fp/hard/libc_nano.a(libc_a-findfp.o)
                0x20000810                __sf
 .bss.errno     0x20000948        0x4 /opt/st/stm32cubeide_1.19.0/plugins/com.st.stm32cube.ide.mcu.externaltools.gnu-tools-for-stm32.13.3.rel1.linux64_1.0.0.202410170706/tools/bin/../lib/gcc/arm-none-eabi/13.3.1/../../../../arm-none-eabi/lib/thumb/v8-m.main+fp/hard/libc_nano.a(libc_a-reent.o)
                0x20000948                errno
 .bss.__lock___malloc_recursive_mutex
                0x2000094c        0x1 /opt/st/stm32cubeide_1.19.0/plugins/com.st.stm32cube.ide.mcu.externaltools.gnu-tools-for-stm32.13.3.rel1.linux64_1.0.0.202410170706/tools/bin/../lib/gcc/arm-none-eabi/13.3.1/../../../../arm-none-eabi/lib/thumb/v8-m.main+fp/hard/libc_nano.a(libc_a-lock.o)
                0x2000094c                __lock___malloc_recursive_mutex
 *fill*         0x2000094d        0x3 
 .bss.__malloc_sbrk_start
                0x20000950        0x4 /opt/st/stm32cubeide_1.19.0/plugins/com.st.stm32cube.ide.mcu.externaltools.gnu-tools-for-stm32.13.3.rel1.linux64_1.0.0.202410170706/tools/bin/../lib/gcc/arm-none-eabi/13.3.1/../../../../arm-none-eabi/lib/thumb/v8-m.main+fp/hard/libc_nano.a(libc_a-mallocr.o)
                0x20000950                __malloc_sbrk_start
 .bss.__malloc_free_list
                0x20000954        0x4 /opt/st/stm32cubeide_1.19.0/plugins/com.st.stm32cube.ide.mcu.externaltools.gnu-tools-for-stm32.13.3.rel1.linux64_1.0.0.202410170706/tools/bin/../lib/gcc/arm-none-eabi/13.3.1/../../../../arm-none-eabi/lib/thumb/v8-m.main+fp/hard/libc_nano.a(libc_a-mallocr.o)
                0x20000954                __malloc_free_list
 *(COMMON)
                0x20000958                        _ebss = .
                0x20000958                        __bss_end__ = _ebss

._user_heap_stack
                0x20000958      0x600 load address 0x08007f6c
                0x20000958                        . = ALIGN (0x8)
                [!provide]                        PROVIDE (end = .)
                0x20000958                        PROVIDE (_end = .)
                0x20000b58                        . = (. + _Min_Heap_Size)
 *fill*         0x20000958      0x200 
                0x20000f58                        . = (. + _Min_Stack_Size)
 *fill*         0x20000b58      0x400 
                0x20000f58                        . = ALIGN (0x8)

/DISCARD/
 libc.a(*)
 libm.a(*)
 libgcc.a(*)

.ARM.attributes
                0x00000000       0x36
 *(.ARM.attributes)
 .ARM.attributes
                0x00000000       0x26 /opt/st/stm32cubeide_1.19.0/plugins/com.st.stm32cube.ide.mcu.externaltools.gnu-tools-for-stm32.13.3.rel1.linux64_1.0.0.202410170706/tools/bin/../lib/gcc/arm-none-eabi/13.3.1/thumb/v8-m.main+fp/hard/crti.o
 .ARM.attributes
                0x00000026       0x38 /opt/st/stm32cubeide_1.19.0/plugins/com.st.stm32cube.ide.mcu.externaltools.gnu-tools-for-stm32.13.3.rel1.linux64_1.0.0.202410170706/tools/bin/../lib/gcc/arm-none-eabi/13.3.1/thumb/v8-m.main+fp/hard/crtbegin.o
 .ARM.attributes
                0x0000005e       0x3a ./Core/Src/fdcan.o
 .ARM.attributes
                0x00000098       0x3a ./Core/Src/gpio.o
 .ARM.attributes
                0x000000d2       0x3a ./Core/Src/main.o
 .ARM.attributes
                0x0000010c       0x3a ./Core/Src/stm32u5xx_hal_msp.o
 .ARM.attributes
                0x00000146       0x3a ./Core/Src/stm32u5xx_it.o
 .ARM.attributes
                0x00000180       0x3a ./Core/Src/sysmem.o
 .ARM.attributes
                0x000001ba       0x3a ./Core/Src/system_stm32u5xx.o
 .ARM.attributes
                0x000001f4       0x3a ./Core/Src/usart.o
 .ARM.attributes
                0x0000022e       0x24 ./Core/Startup/startup_stm32u535cctx.o
 .ARM.attributes
                0x00000252       0x3a ./Drivers/STM32U5xx_HAL_Driver/Src/stm32u5xx_hal.o
 .ARM.attributes
                0x0000028c       0x3a ./Drivers/STM32U5xx_HAL_Driver/Src/stm32u5xx_hal_cortex.o
 .ARM.attributes
                0x000002c6       0x3a ./Drivers/STM32U5xx_HAL_Driver/Src/stm32u5xx_hal_fdcan.o
 .ARM.attributes
                0x00000300       0x3a ./Drivers/STM32U5xx_HAL_Driver/Src/stm32u5xx_hal_gpio.o
 .ARM.attributes
                0x0000033a       0x3a ./Drivers/STM32U5xx_HAL_Driver/Src/stm32u5xx_hal_pwr_ex.o
 .ARM.attributes
                0x00000374       0x3a ./Drivers/STM32U5xx_HAL_Driver/Src/stm32u5xx_hal_rcc.o
 .ARM.attributes
                0x000003ae       0x3a ./Drivers/STM32U5xx_HAL_Driver/Src/stm32u5xx_hal_rcc_ex.o
 .ARM.attributes
                0x000003e8       0x3a ./Drivers/STM32U5xx_HAL_Driver/Src/stm32u5xx_hal_uart.o
 .ARM.attributes
                0x00000422       0x3a ./Drivers/STM32U5xx_HAL_Driver/Src/stm32u5xx_hal_uart_ex.o
 .ARM.attributes
                0x0000045c       0x38 /opt/st/stm32cubeide_1.19.0/plugins/com.st.stm32cube.ide.mcu.externaltools.gnu-tools-for-stm32.13.3.rel1.linux64_1.0.0.202410170706/tools/bin/../lib/gcc/arm-none-eabi/13.3.1/../../../../arm-none-eabi/lib/thumb/v8-m.main+fp/hard/libc_nano.a(libc_a-findfp.o)
 .ARM.attributes
                0x00000494       0x38 /opt/st/stm32cubeide_1.19.0/plugins/com.st.stm32cube.ide.mcu.externaltools.gnu-tools-for-stm32.13.3.rel1.linux64_1.0.0.202410170706/tools/bin/../lib/gcc/arm-none-eabi/13.3.1/../../../../arm-none-eabi/lib/thumb/v8-m.main+fp/hard/libc_nano.a(libc_a-vsnprintf.o)
 .ARM.attributes
                0x000004cc       0x38 /opt/st/stm32cubeide_1.19.0/plugins/com.st.stm32cube.ide.mcu.externaltools.gnu-tools-for-stm32.13.3.rel1.linux64_1.0.0.202410170706/tools/bin/../lib/gcc/arm-none-eabi/13.3.1/../../../../arm-none-eabi/lib/thumb/v8-m.main+fp/hard/libc_nano.a(libc_a-memset.o)
 .ARM.attributes
                0x00000504       0x38 /opt/st/stm32cubeide_1.19.0/plugins/com.st.stm32cube.ide.mcu.externaltools.gnu-tools-for-stm32.13.3.rel1.linux64_1.0.0.202410170706/tools/bin/../lib/gcc/arm-none-eabi/13.3.1/../../../../arm-none-eabi/lib/thumb/v8-m.main+fp/hard/libc_nano.a(libc_a-reent.o)
 .ARM.attributes
                0x0000053c       0x38 /opt/st/stm32cubeide_1.19.0/plugins/com.st.stm32cube.ide.mcu.externaltools.gnu-tools-for-stm32.13.3.rel1.linux64_1.0.0.202410170706/tools/bin/../lib/gcc/arm-none-eabi/13.3.1/../../../../arm-none-eabi/lib/thumb/v8-m.main+fp/hard/libc_nano.a(libc_a-impure.o)
 .ARM.attributes
                0x00000574       0x38 /opt/st/stm32cubeide_1.19.0/plugins/com.st.stm32cube.ide.mcu.externaltools.gnu-tools-for-stm32.13.3.rel1.linux64_1.0.0.202410170706/tools/bin/../lib/gcc/arm-none-eabi/13.3.1/../../../../arm-none-eabi/lib/thumb/v8-m.main+fp/hard/libc_nano.a(libc_a-errno.o)
 .ARM.attributes
                0x000005ac       0x38 /opt/st/stm32cubeide_1.19.0/plugins/com.st.stm32cube.ide.mcu.externaltools.gnu-tools-for-stm32.13.3.rel1.linux64_1.0.0.202410170706/tools/bin/../lib/gcc/arm-none-eabi/13.3.1/../../../../arm-none-eabi/lib/thumb/v8-m.main+fp/hard/libc_nano.a(libc_a-init.o)
 .ARM.attributes
                0x000005e4       0x38 /opt/st/stm32cubeide_1.19.0/plugins/com.st.stm32cube.ide.mcu.externaltools.gnu-tools-for-stm32.13.3.rel1.linux64_1.0.0.202410170706/tools/bin/../lib/gcc/arm-none-eabi/13.3.1/../../../../arm-none-eabi/lib/thumb/v8-m.main+fp/hard/libc_nano.a(libc_a-lock.o)
 .ARM.attributes
                0x0000061c       0x38 /opt/st/stm32cubeide_1.19.0/plugins/com.st.stm32cube.ide.mcu.externaltools.gnu-tools-for-stm32.13.3.rel1.linux64_1.0.0.202410170706/tools/bin/../lib/gcc/arm-none-eabi/13.3.1/../../../../arm-none-eabi/lib/thumb/v8-m.main+fp/hard/libc_nano.a(libc_a-memcpy-stub.o)
 .ARM.attributes
                0x00000654       0x24 /opt/st/stm32cubeide_1.19.0/plugins/com.st.stm32cube.ide.mcu.externaltools.gnu-tools-for-stm32.13.3.rel1.linux64_1.0.0.202410170706/tools/bin/../lib/gcc/arm-none-eabi/13.3.1/../../../../arm-none-eabi/lib/thumb/v8-m.main+fp/hard/libc_nano.a(libc_a-strlen.o)
 .ARM.attributes
                0x00000678       0x38 /opt/st/stm32cubeide_1.19.0/plugins/com.st.stm32cube.ide.mcu.externaltools.gnu-tools-for-stm32.13.3.rel1.linux64_1.0.0.202410170706/tools/bin/../lib/gcc/arm-none-eabi/13.3.1/../../../../arm-none-eabi/lib/thumb/v8-m.main+fp/hard/libc_nano.a(libc_a-freer.o)
 .ARM.attributes
                0x000006b0       0x38 /opt/st/stm32cubeide_1.19.0/plugins/com.st.stm32cube.ide.mcu.externaltools.gnu-tools-for-stm32.13.3.rel1.linux64_1.0.0.202410170706/tools/bin/../lib/gcc/arm-none-eabi/13.3.1/../../../../arm-none-eabi/lib/thumb/v8-m.main+fp/hard/libc_nano.a(libc_a-mallocr.o)
 .ARM.attributes
                0x000006e8       0x38 /opt/st/stm32cubeide_1.19.0/plugins/com.st.stm32cube.ide.mcu.externaltools.gnu-tools-for-stm32.13.3.rel1.linux64_1.0.0.202410170706/tools/bin/../lib/gcc/arm-none-eabi/13.3.1/../../../../arm-none-eabi/lib/thumb/v8-m.main+fp/hard/libc_nano.a(libc_a-mlock.o)
 .ARM.attributes
                0x00000720       0x38 /opt/st/stm32cubeide_1.19.0/plugins/com.st.stm32cube.ide.mcu.externaltools.gnu-tools-for-stm32.13.3.rel1.linux64_1.0.0.202410170706/tools/bin/../lib/gcc/arm-none-eabi/13.3.1/../../../../arm-none-eabi/lib/thumb/v8-m.main+fp/hard/libc_nano.a(libc_a-nano-svfprintf.o)
 .ARM.attributes
                0x00000758       0x38 /opt/st/stm32cubeide_1.19.0/plugins/com.st.stm32cube.ide.mcu.externaltools.gnu-tools-for-stm32.13.3.rel1.linux64_1.0.0.202410170706/tools/bin/../lib/gcc/arm-none-eabi/13.3.1/../../../../arm-none-eabi/lib/thumb/v8-m.main+fp/hard/libc_nano.a(libc_a-nano-vfprintf_i.o)
 .ARM.attributes
                0x00000790       0x38 /opt/st/stm32cubeide_1.19.0/plugins/com.st.stm32cube.ide.mcu.externaltools.gnu-tools-for-stm32.13.3.rel1.linux64_1.0.0.202410170706/tools/bin/../lib/gcc/arm-none-eabi/13.3.1/../../../../arm-none-eabi/lib/thumb/v8-m.main+fp/hard/libc_nano.a(libc_a-memmove.o)
 .ARM.attributes
                0x000007c8       0x38 /opt/st/stm32cubeide_1.19.0/plugins/com.st.stm32cube.ide.mcu.externaltools.gnu-tools-for-stm32.13.3.rel1.linux64_1.0.0.202410170706/tools/bin/../lib/gcc/arm-none-eabi/13.3.1/../../../../arm-none-eabi/lib/thumb/v8-m.main+fp/hard/libc_nano.a(libc_a-sbrkr.o)
 .ARM.attributes
                0x00000800       0x38 /opt/st/stm32cubeide_1.19.0/plugins/com.st.stm32cube.ide.mcu.externaltools.gnu-tools-for-stm32.13.3.rel1.linux64_1.0.0.202410170706/tools/bin/../lib/gcc/arm-none-eabi/13.3.1/../../../../arm-none-eabi/lib/thumb/v8-m.main+fp/hard/libc_nano.a(libc_a-memchr-stub.o)
 .ARM.attributes
                0x00000838       0x38 /opt/st/stm32cubeide_1.19.0/plugins/com.st.stm32cube.ide.mcu.externaltools.gnu-tools-for-stm32.13.3.rel1.linux64_1.0.0.202410170706/tools/bin/../lib/gcc/arm-none-eabi/13.3.1/../../../../arm-none-eabi/lib/thumb/v8-m.main+fp/hard/libc_nano.a(libc_a-reallocr.o)
 .ARM.attributes
                0x00000870       0x38 /opt/st/stm32cubeide_1.19.0/plugins/com.st.stm32cube.ide.mcu.externaltools.gnu-tools-for-stm32.13.3.rel1.linux64_1.0.0.202410170706/tools/bin/../lib/gcc/arm-none-eabi/13.3.1/../../../../arm-none-eabi/lib/thumb/v8-m.main+fp/hard/libc_nano.a(libc_a-msizer.o)
 .ARM.attributes
                0x000008a8       0x26 /opt/st/stm32cubeide_1.19.0/plugins/com.st.stm32cube.ide.mcu.externaltools.gnu-tools-for-stm32.13.3.rel1.linux64_1.0.0.202410170706/tools/bin/../lib/gcc/arm-none-eabi/13.3.1/thumb/v8-m.main+fp/hard/libgcc.a(_aeabi_uldivmod.o)
 .ARM.attributes
                0x000008ce       0x38 /opt/st/stm32cubeide_1.19.0/plugins/com.st.stm32cube.ide.mcu.externaltools.gnu-tools-for-stm32.13.3.rel1.linux64_1.0.0.202410170706/tools/bin/../lib/gcc/arm-none-eabi/13.3.1/thumb/v8-m.main+fp/hard/libgcc.a(_udivmoddi4.o)
 .ARM.attributes
                0x00000906       0x26 /opt/st/stm32cubeide_1.19.0/plugins/com.st.stm32cube.ide.mcu.externaltools.gnu-tools-for-stm32.13.3.rel1.linux64_1.0.0.202410170706/tools/bin/../lib/gcc/arm-none-eabi/13.3.1/thumb/v8-m.main+fp/hard/libgcc.a(_dvmd_tls.o)
 .ARM.attributes
                0x0000092c       0x26 /opt/st/stm32cubeide_1.19.0/plugins/com.st.stm32cube.ide.mcu.externaltools.gnu-tools-for-stm32.13.3.rel1.linux64_1.0.0.202410170706/tools/bin/../lib/gcc/arm-none-eabi/13.3.1/thumb/v8-m.main+fp/hard/crtn.o
OUTPUT(TELEMETRIAV4_TX.elf elf32-littlearm)
LOAD linker stubs
LOAD /opt/st/stm32cubeide_1.19.0/plugins/com.st.stm32cube.ide.mcu.externaltools.gnu-tools-for-stm32.13.3.rel1.linux64_1.0.0.202410170706/tools/bin/../lib/gcc/arm-none-eabi/13.3.1/../../../../arm-none-eabi/lib/thumb/v8-m.main+fp/hard/libc.a
LOAD /opt/st/stm32cubeide_1.19.0/plugins/com.st.stm32cube.ide.mcu.externaltools.gnu-tools-for-stm32.13.3.rel1.linux64_1.0.0.202410170706/tools/bin/../lib/gcc/arm-none-eabi/13.3.1/../../../../arm-none-eabi/lib/thumb/v8-m.main+fp/hard/libm.a
LOAD /opt/st/stm32cubeide_1.19.0/plugins/com.st.stm32cube.ide.mcu.externaltools.gnu-tools-for-stm32.13.3.rel1.linux64_1.0.0.202410170706/tools/bin/../lib/gcc/arm-none-eabi/13.3.1/thumb/v8-m.main+fp/hard/libgcc.a

.debug_info     0x00000000    0x1262a
 .debug_info    0x00000000      0xeb9 ./Core/Src/fdcan.o
 .debug_info    0x00000eb9      0x5bc ./Core/Src/gpio.o
 .debug_info    0x00001475     0x1af2 ./Core/Src/main.o
 .debug_info    0x00002f67      0x40c ./Core/Src/stm32u5xx_hal_msp.o
 .debug_info    0x00003373      0x128 ./Core/Src/stm32u5xx_it.o
 .debug_info    0x0000349b      0x168 ./Core/Src/sysmem.o
 .debug_info    0x00003603      0x929 ./Core/Src/system_stm32u5xx.o
 .debug_info    0x00003f2c     0x1240 ./Core/Src/usart.o
 .debug_info    0x0000516c       0x30 ./Core/Startup/startup_stm32u535cctx.o
 .debug_info    0x0000519c     0x1104 ./Drivers/STM32U5xx_HAL_Driver/Src/stm32u5xx_hal.o
 .debug_info    0x000062a0     0x15f8 ./Drivers/STM32U5xx_HAL_Driver/Src/stm32u5xx_hal_cortex.o
 .debug_info    0x00007898     0x1920 ./Drivers/STM32U5xx_HAL_Driver/Src/stm32u5xx_hal_fdcan.o
 .debug_info    0x000091b8      0x859 ./Drivers/STM32U5xx_HAL_Driver/Src/stm32u5xx_hal_gpio.o
 .debug_info    0x00009a11      0xddc ./Drivers/STM32U5xx_HAL_Driver/Src/stm32u5xx_hal_pwr_ex.o
 .debug_info    0x0000a7ed     0x114d ./Drivers/STM32U5xx_HAL_Driver/Src/stm32u5xx_hal_rcc.o
 .debug_info    0x0000b93a     0x155d ./Drivers/STM32U5xx_HAL_Driver/Src/stm32u5xx_hal_rcc_ex.o
 .debug_info    0x0000ce97     0x45a4 ./Drivers/STM32U5xx_HAL_Driver/Src/stm32u5xx_hal_uart.o
 .debug_info    0x0001143b     0x11ef ./Drivers/STM32U5xx_HAL_Driver/Src/stm32u5xx_hal_uart_ex.o

.debug_abbrev   0x00000000     0x234d
 .debug_abbrev  0x00000000      0x1f3 ./Core/Src/fdcan.o
 .debug_abbrev  0x000001f3      0x179 ./Core/Src/gpio.o
 .debug_abbrev  0x0000036c      0x35c ./Core/Src/main.o
 .debug_abbrev  0x000006c8       0xde ./Core/Src/stm32u5xx_hal_msp.o
 .debug_abbrev  0x000007a6       0x73 ./Core/Src/stm32u5xx_it.o
 .debug_abbrev  0x00000819       0xbc ./Core/Src/sysmem.o
 .debug_abbrev  0x000008d5      0x129 ./Core/Src/system_stm32u5xx.o
 .debug_abbrev  0x000009fe      0x21e ./Core/Src/usart.o
 .debug_abbrev  0x00000c1c       0x24 ./Core/Startup/startup_stm32u535cctx.o
 .debug_abbrev  0x00000c40      0x2a3 ./Drivers/STM32U5xx_HAL_Driver/Src/stm32u5xx_hal.o
 .debug_abbrev  0x00000ee3      0x311 ./Drivers/STM32U5xx_HAL_Driver/Src/stm32u5xx_hal_cortex.o
 .debug_abbrev  0x000011f4      0x20b ./Drivers/STM32U5xx_HAL_Driver/Src/stm32u5xx_hal_fdcan.o
 .debug_abbrev  0x000013ff      0x25a ./Drivers/STM32U5xx_HAL_Driver/Src/stm32u5xx_hal_gpio.o
 .debug_abbrev  0x00001659      0x215 ./Drivers/STM32U5xx_HAL_Driver/Src/stm32u5xx_hal_pwr_ex.o
 .debug_abbrev  0x0000186e      0x2c9 ./Drivers/STM32U5xx_HAL_Driver/Src/stm32u5xx_hal_rcc.o
 .debug_abbrev  0x00001b37      0x23d ./Drivers/STM32U5xx_HAL_Driver/Src/stm32u5xx_hal_rcc_ex.o
 .debug_abbrev  0x00001d74      0x305 ./Drivers/STM32U5xx_HAL_Driver/Src/stm32u5xx_hal_uart.o
 .debug_abbrev  0x00002079      0x2d4 ./Drivers/STM32U5xx_HAL_Driver/Src/stm32u5xx_hal_uart_ex.o

.debug_aranges  0x00000000      0xde0
 .debug_aranges
                0x00000000       0x30 ./Core/Src/fdcan.o
 .debug_aranges
                0x00000030       0x20 ./Core/Src/gpio.o
 .debug_aranges
                0x00000050       0x78 ./Core/Src/main.o
 .debug_aranges
                0x000000c8       0x20 ./Core/Src/stm32u5xx_hal_msp.o
 .debug_aranges
                0x000000e8       0x60 ./Core/Src/stm32u5xx_it.o
 .debug_aranges
                0x00000148       0x20 ./Core/Src/sysmem.o
 .debug_aranges
                0x00000168       0x28 ./Core/Src/system_stm32u5xx.o
 .debug_aranges
                0x00000190       0x38 ./Core/Src/usart.o
 .debug_aranges
                0x000001c8       0x28 ./Core/Startup/startup_stm32u535cctx.o
 .debug_aranges
                0x000001f0      0x148 ./Drivers/STM32U5xx_HAL_Driver/Src/stm32u5xx_hal.o
 .debug_aranges
                0x00000338      0x140 ./Drivers/STM32U5xx_HAL_Driver/Src/stm32u5xx_hal_cortex.o
 .debug_aranges
                0x00000478      0x208 ./Drivers/STM32U5xx_HAL_Driver/Src/stm32u5xx_hal_fdcan.o
 .debug_aranges
                0x00000680       0x78 ./Drivers/STM32U5xx_HAL_Driver/Src/stm32u5xx_hal_gpio.o
 .debug_aranges
                0x000006f8      0x1e0 ./Drivers/STM32U5xx_HAL_Driver/Src/stm32u5xx_hal_pwr_ex.o
 .debug_aranges
                0x000008d8       0xa8 ./Drivers/STM32U5xx_HAL_Driver/Src/stm32u5xx_hal_rcc.o
 .debug_aranges
                0x00000980      0x160 ./Drivers/STM32U5xx_HAL_Driver/Src/stm32u5xx_hal_rcc_ex.o
 .debug_aranges
                0x00000ae0      0x248 ./Drivers/STM32U5xx_HAL_Driver/Src/stm32u5xx_hal_uart.o
 .debug_aranges
                0x00000d28       0xb8 ./Drivers/STM32U5xx_HAL_Driver/Src/stm32u5xx_hal_uart_ex.o

.debug_rnglists
                0x00000000      0xaa1
 .debug_rnglists
                0x00000000       0x21 ./Core/Src/fdcan.o
 .debug_rnglists
                0x00000021       0x14 ./Core/Src/gpio.o
 .debug_rnglists
                0x00000035       0x5a ./Core/Src/main.o
 .debug_rnglists
                0x0000008f       0x13 ./Core/Src/stm32u5xx_hal_msp.o
 .debug_rnglists
                0x000000a2       0x43 ./Core/Src/stm32u5xx_it.o
 .debug_rnglists
                0x000000e5       0x13 ./Core/Src/sysmem.o
 .debug_rnglists
                0x000000f8       0x1a ./Core/Src/system_stm32u5xx.o
 .debug_rnglists
                0x00000112       0x28 ./Core/Src/usart.o
 .debug_rnglists
                0x0000013a       0x19 ./Core/Startup/startup_stm32u535cctx.o
 .debug_rnglists
                0x00000153       0xf3 ./Drivers/STM32U5xx_HAL_Driver/Src/stm32u5xx_hal.o
 .debug_rnglists
                0x00000246       0xec ./Drivers/STM32U5xx_HAL_Driver/Src/stm32u5xx_hal_cortex.o
 .debug_rnglists
                0x00000332      0x18d ./Drivers/STM32U5xx_HAL_Driver/Src/stm32u5xx_hal_fdcan.o
 .debug_rnglists
                0x000004bf       0x5a ./Drivers/STM32U5xx_HAL_Driver/Src/stm32u5xx_hal_gpio.o
 .debug_rnglists
                0x00000519      0x16e ./Drivers/STM32U5xx_HAL_Driver/Src/stm32u5xx_hal_pwr_ex.o
 .debug_rnglists
                0x00000687       0x7f ./Drivers/STM32U5xx_HAL_Driver/Src/stm32u5xx_hal_rcc.o
 .debug_rnglists
                0x00000706      0x113 ./Drivers/STM32U5xx_HAL_Driver/Src/stm32u5xx_hal_rcc_ex.o
 .debug_rnglists
                0x00000819      0x1fc ./Drivers/STM32U5xx_HAL_Driver/Src/stm32u5xx_hal_uart.o
 .debug_rnglists
                0x00000a15       0x8c ./Drivers/STM32U5xx_HAL_Driver/Src/stm32u5xx_hal_uart_ex.o

.debug_macro    0x00000000    0x2c654
 .debug_macro   0x00000000      0x27d ./Core/Src/fdcan.o
 .debug_macro   0x0000027d      0xade ./Core/Src/fdcan.o
 .debug_macro   0x00000d5b      0x1fb ./Core/Src/fdcan.o
 .debug_macro   0x00000f56       0x2e ./Core/Src/fdcan.o
 .debug_macro   0x00000f84       0x42 ./Core/Src/fdcan.o
 .debug_macro   0x00000fc6       0x22 ./Core/Src/fdcan.o
 .debug_macro   0x00000fe8       0x8e ./Core/Src/fdcan.o
 .debug_macro   0x00001076       0x51 ./Core/Src/fdcan.o
 .debug_macro   0x000010c7      0x103 ./Core/Src/fdcan.o
 .debug_macro   0x000011ca       0x6a ./Core/Src/fdcan.o
 .debug_macro   0x00001234      0x1df ./Core/Src/fdcan.o
 .debug_macro   0x00001413       0x1c ./Core/Src/fdcan.o
 .debug_macro   0x0000142f       0x29 ./Core/Src/fdcan.o
 .debug_macro   0x00001458       0xfb ./Core/Src/fdcan.o
 .debug_macro   0x00001553     0x1685 ./Core/Src/fdcan.o
 .debug_macro   0x00002bd8       0x5e ./Core/Src/fdcan.o
 .debug_macro   0x00002c36    0x1d36b ./Core/Src/fdcan.o
 .debug_macro   0x0001ffa1       0x6d ./Core/Src/fdcan.o
 .debug_macro   0x0002000e     0x393e ./Core/Src/fdcan.o
 .debug_macro   0x0002394c      0x190 ./Core/Src/fdcan.o
 .debug_macro   0x00023adc       0x61 ./Core/Src/fdcan.o
 .debug_macro   0x00023b3d       0x2a ./Core/Src/fdcan.o
 .debug_macro   0x00023b67       0x43 ./Core/Src/fdcan.o
 .debug_macro   0x00023baa       0x34 ./Core/Src/fdcan.o
 .debug_macro   0x00023bde      0x370 ./Core/Src/fdcan.o
 .debug_macro   0x00023f4e       0x16 ./Core/Src/fdcan.o
 .debug_macro   0x00023f64       0x4a ./Core/Src/fdcan.o
 .debug_macro   0x00023fae       0x34 ./Core/Src/fdcan.o
 .debug_macro   0x00023fe2       0x10 ./Core/Src/fdcan.o
 .debug_macro   0x00023ff2       0x58 ./Core/Src/fdcan.o
 .debug_macro   0x0002404a       0x8e ./Core/Src/fdcan.o
 .debug_macro   0x000240d8       0x1c ./Core/Src/fdcan.o
 .debug_macro   0x000240f4      0x185 ./Core/Src/fdcan.o
 .debug_macro   0x00024279      0x19b ./Core/Src/fdcan.o
 .debug_macro   0x00024414       0x5d ./Core/Src/fdcan.o
 .debug_macro   0x00024471     0x1853 ./Core/Src/fdcan.o
 .debug_macro   0x00025cc4      0x773 ./Core/Src/fdcan.o
 .debug_macro   0x00026437      0x166 ./Core/Src/fdcan.o
 .debug_macro   0x0002659d      0x250 ./Core/Src/fdcan.o
 .debug_macro   0x000267ed      0x574 ./Core/Src/fdcan.o
 .debug_macro   0x00026d61      0x440 ./Core/Src/fdcan.o
 .debug_macro   0x000271a1       0xd6 ./Core/Src/fdcan.o
 .debug_macro   0x00027277      0x1cd ./Core/Src/fdcan.o
 .debug_macro   0x00027444      0x42b ./Core/Src/fdcan.o
 .debug_macro   0x0002786f       0x95 ./Core/Src/fdcan.o
 .debug_macro   0x00027904      0x11c ./Core/Src/fdcan.o
 .debug_macro   0x00027a20      0x525 ./Core/Src/fdcan.o
 .debug_macro   0x00027f45      0x448 ./Core/Src/fdcan.o
 .debug_macro   0x0002838d      0x677 ./Core/Src/fdcan.o
 .debug_macro   0x00028a04      0x1a1 ./Core/Src/fdcan.o
 .debug_macro   0x00028ba5      0x1b8 ./Core/Src/fdcan.o
 .debug_macro   0x00028d5d      0x6bd ./Core/Src/fdcan.o
 .debug_macro   0x0002941a      0x361 ./Core/Src/fdcan.o
 .debug_macro   0x0002977b       0x34 ./Core/Src/fdcan.o
 .debug_macro   0x000297af      0x27d ./Core/Src/gpio.o
 .debug_macro   0x00029a2c      0x32c ./Core/Src/main.o
 .debug_macro   0x00029d58       0x16 ./Core/Src/main.o
 .debug_macro   0x00029d6e       0x3c ./Core/Src/main.o
 .debug_macro   0x00029daa       0x20 ./Core/Src/main.o
 .debug_macro   0x00029dca       0x1c ./Core/Src/main.o
 .debug_macro   0x00029de6       0x10 ./Core/Src/main.o
 .debug_macro   0x00029df6       0x1c ./Core/Src/main.o
 .debug_macro   0x00029e12       0x16 ./Core/Src/main.o
 .debug_macro   0x00029e28      0x146 ./Core/Src/main.o
 .debug_macro   0x00029f6e       0x4c ./Core/Src/main.o
 .debug_macro   0x00029fba      0x273 ./Core/Src/stm32u5xx_hal_msp.o
 .debug_macro   0x0002a22d      0x27d ./Core/Src/stm32u5xx_it.o
 .debug_macro   0x0002a4aa      0x112 ./Core/Src/sysmem.o
 .debug_macro   0x0002a5bc      0x23c ./Core/Src/sysmem.o
 .debug_macro   0x0002a7f8      0x26b ./Core/Src/system_stm32u5xx.o
 .debug_macro   0x0002aa63      0x27d ./Core/Src/usart.o
 .debug_macro   0x0002ace0      0x288 ./Drivers/STM32U5xx_HAL_Driver/Src/stm32u5xx_hal.o
 .debug_macro   0x0002af68      0x264 ./Drivers/STM32U5xx_HAL_Driver/Src/stm32u5xx_hal_cortex.o
 .debug_macro   0x0002b1cc      0x376 ./Drivers/STM32U5xx_HAL_Driver/Src/stm32u5xx_hal_fdcan.o
 .debug_macro   0x0002b542      0x299 ./Drivers/STM32U5xx_HAL_Driver/Src/stm32u5xx_hal_gpio.o
 .debug_macro   0x0002b7db      0x28f ./Drivers/STM32U5xx_HAL_Driver/Src/stm32u5xx_hal_pwr_ex.o
 .debug_macro   0x0002ba6a      0x36a ./Drivers/STM32U5xx_HAL_Driver/Src/stm32u5xx_hal_rcc.o
 .debug_macro   0x0002bdd4      0x381 ./Drivers/STM32U5xx_HAL_Driver/Src/stm32u5xx_hal_rcc_ex.o
 .debug_macro   0x0002c155      0x28f ./Drivers/STM32U5xx_HAL_Driver/Src/stm32u5xx_hal_uart.o
 .debug_macro   0x0002c3e4      0x270 ./Drivers/STM32U5xx_HAL_Driver/Src/stm32u5xx_hal_uart_ex.o

.debug_line     0x00000000    0x10e2e
 .debug_line    0x00000000      0x837 ./Core/Src/fdcan.o
 .debug_line    0x00000837      0x7bd ./Core/Src/gpio.o
 .debug_line    0x00000ff4      0xaba ./Core/Src/main.o
 .debug_line    0x00001aae      0x796 ./Core/Src/stm32u5xx_hal_msp.o
 .debug_line    0x00002244      0x846 ./Core/Src/stm32u5xx_it.o
 .debug_line    0x00002a8a      0x4bd ./Core/Src/sysmem.o
 .debug_line    0x00002f47      0x89b ./Core/Src/system_stm32u5xx.o
 .debug_line    0x000037e2      0x8f7 ./Core/Src/usart.o
 .debug_line    0x000040d9       0x7b ./Core/Startup/startup_stm32u535cctx.o
 .debug_line    0x00004154      0xc40 ./Drivers/STM32U5xx_HAL_Driver/Src/stm32u5xx_hal.o
 .debug_line    0x00004d94      0xdea ./Drivers/STM32U5xx_HAL_Driver/Src/stm32u5xx_hal_cortex.o
 .debug_line    0x00005b7e     0x1909 ./Drivers/STM32U5xx_HAL_Driver/Src/stm32u5xx_hal_fdcan.o
 .debug_line    0x00007487      0xd49 ./Drivers/STM32U5xx_HAL_Driver/Src/stm32u5xx_hal_gpio.o
 .debug_line    0x000081d0     0x107f ./Drivers/STM32U5xx_HAL_Driver/Src/stm32u5xx_hal_pwr_ex.o
 .debug_line    0x0000924f     0x1627 ./Drivers/STM32U5xx_HAL_Driver/Src/stm32u5xx_hal_rcc.o
 .debug_line    0x0000a876     0x2193 ./Drivers/STM32U5xx_HAL_Driver/Src/stm32u5xx_hal_rcc_ex.o
 .debug_line    0x0000ca09     0x365a ./Drivers/STM32U5xx_HAL_Driver/Src/stm32u5xx_hal_uart.o
 .debug_line    0x00010063      0xdcb ./Drivers/STM32U5xx_HAL_Driver/Src/stm32u5xx_hal_uart_ex.o

.debug_str      0x00000000   0x116d0e
 .debug_str     0x00000000   0x116d0e ./Core/Src/fdcan.o
                             0x10ecb5 (size before relaxing)
 .debug_str     0x00116d0e   0x10e5cd ./Core/Src/gpio.o
 .debug_str     0x00116d0e   0x11013f ./Core/Src/main.o
 .debug_str     0x00116d0e   0x10e4fc ./Core/Src/stm32u5xx_hal_msp.o
 .debug_str     0x00116d0e   0x10e349 ./Core/Src/stm32u5xx_it.o
 .debug_str     0x00116d0e     0x77a3 ./Core/Src/sysmem.o
 .debug_str     0x00116d0e   0x10e5e3 ./Core/Src/system_stm32u5xx.o
 .debug_str     0x00116d0e   0x10efd6 ./Core/Src/usart.o
 .debug_str     0x00116d0e       0x83 ./Core/Startup/startup_stm32u535cctx.o
 .debug_str     0x00116d0e   0x10f359 ./Drivers/STM32U5xx_HAL_Driver/Src/stm32u5xx_hal.o
 .debug_str     0x00116d0e   0x10f19a ./Drivers/STM32U5xx_HAL_Driver/Src/stm32u5xx_hal_cortex.o
 .debug_str     0x00116d0e   0x10f9d7 ./Drivers/STM32U5xx_HAL_Driver/Src/stm32u5xx_hal_fdcan.o
 .debug_str     0x00116d0e   0x10e608 ./Drivers/STM32U5xx_HAL_Driver/Src/stm32u5xx_hal_gpio.o
 .debug_str     0x00116d0e   0x10ec83 ./Drivers/STM32U5xx_HAL_Driver/Src/stm32u5xx_hal_pwr_ex.o
 .debug_str     0x00116d0e   0x10fc48 ./Drivers/STM32U5xx_HAL_Driver/Src/stm32u5xx_hal_rcc.o
 .debug_str     0x00116d0e   0x110d26 ./Drivers/STM32U5xx_HAL_Driver/Src/stm32u5xx_hal_rcc_ex.o
 .debug_str     0x00116d0e   0x10f2aa ./Drivers/STM32U5xx_HAL_Driver/Src/stm32u5xx_hal_uart.o
 .debug_str     0x00116d0e   0x10ed5c ./Drivers/STM32U5xx_HAL_Driver/Src/stm32u5xx_hal_uart_ex.o

.comment        0x00000000       0x43
 .comment       0x00000000       0x43 ./Core/Src/fdcan.o
                                 0x44 (size before relaxing)
 .comment       0x00000043       0x44 ./Core/Src/gpio.o
 .comment       0x00000043       0x44 ./Core/Src/main.o
 .comment       0x00000043       0x44 ./Core/Src/stm32u5xx_hal_msp.o
 .comment       0x00000043       0x44 ./Core/Src/stm32u5xx_it.o
 .comment       0x00000043       0x44 ./Core/Src/sysmem.o
 .comment       0x00000043       0x44 ./Core/Src/system_stm32u5xx.o
 .comment       0x00000043       0x44 ./Core/Src/usart.o
 .comment       0x00000043       0x44 ./Drivers/STM32U5xx_HAL_Driver/Src/stm32u5xx_hal.o
 .comment       0x00000043       0x44 ./Drivers/STM32U5xx_HAL_Driver/Src/stm32u5xx_hal_cortex.o
 .comment       0x00000043       0x44 ./Drivers/STM32U5xx_HAL_Driver/Src/stm32u5xx_hal_fdcan.o
 .comment       0x00000043       0x44 ./Drivers/STM32U5xx_HAL_Driver/Src/stm32u5xx_hal_gpio.o
 .comment       0x00000043       0x44 ./Drivers/STM32U5xx_HAL_Driver/Src/stm32u5xx_hal_pwr_ex.o
 .comment       0x00000043       0x44 ./Drivers/STM32U5xx_HAL_Driver/Src/stm32u5xx_hal_rcc.o
 .comment       0x00000043       0x44 ./Drivers/STM32U5xx_HAL_Driver/Src/stm32u5xx_hal_rcc_ex.o
 .comment       0x00000043       0x44 ./Drivers/STM32U5xx_HAL_Driver/Src/stm32u5xx_hal_uart.o
 .comment       0x00000043       0x44 ./Drivers/STM32U5xx_HAL_Driver/Src/stm32u5xx_hal_uart_ex.o

.debug_frame    0x00000000     0x3e98
 .debug_frame   0x00000000       0x78 ./Core/Src/fdcan.o
 .debug_frame   0x00000078       0x34 ./Core/Src/gpio.o
 .debug_frame   0x000000ac      0x1c4 ./Core/Src/main.o
 .debug_frame   0x00000270       0x38 ./Core/Src/stm32u5xx_hal_msp.o
 .debug_frame   0x000002a8      0x104 ./Core/Src/stm32u5xx_it.o
 .debug_frame   0x000003ac       0x34 ./Core/Src/sysmem.o
 .debug_frame   0x000003e0       0x58 ./Core/Src/system_stm32u5xx.o
 .debug_frame   0x00000438       0x94 ./Core/Src/usart.o
 .debug_frame   0x000004cc      0x500 ./Drivers/STM32U5xx_HAL_Driver/Src/stm32u5xx_hal.o
 .debug_frame   0x000009cc      0x560 ./Drivers/STM32U5xx_HAL_Driver/Src/stm32u5xx_hal_cortex.o
 .debug_frame   0x00000f2c      0x9b0 ./Drivers/STM32U5xx_HAL_Driver/Src/stm32u5xx_hal_fdcan.o
 .debug_frame   0x000018dc      0x1ec ./Drivers/STM32U5xx_HAL_Driver/Src/stm32u5xx_hal_gpio.o
 .debug_frame   0x00001ac8      0x7cc ./Drivers/STM32U5xx_HAL_Driver/Src/stm32u5xx_hal_pwr_ex.o
 .debug_frame   0x00002294      0x288 ./Drivers/STM32U5xx_HAL_Driver/Src/stm32u5xx_hal_rcc.o
 .debug_frame   0x0000251c      0x5f0 ./Drivers/STM32U5xx_HAL_Driver/Src/stm32u5xx_hal_rcc_ex.o
 .debug_frame   0x00002b0c      0xa8c ./Drivers/STM32U5xx_HAL_Driver/Src/stm32u5xx_hal_uart.o
 .debug_frame   0x00003598      0x310 ./Drivers/STM32U5xx_HAL_Driver/Src/stm32u5xx_hal_uart_ex.o
 .debug_frame   0x000038a8      0x144 /opt/st/stm32cubeide_1.19.0/plugins/com.st.stm32cube.ide.mcu.externaltools.gnu-tools-for-stm32.13.3.rel1.linux64_1.0.0.202410170706/tools/bin/../lib/gcc/arm-none-eabi/13.3.1/../../../../arm-none-eabi/lib/thumb/v8-m.main+fp/hard/libc_nano.a(libc_a-findfp.o)
 .debug_frame   0x000039ec       0x4c /opt/st/stm32cubeide_1.19.0/plugins/com.st.stm32cube.ide.mcu.externaltools.gnu-tools-for-stm32.13.3.rel1.linux64_1.0.0.202410170706/tools/bin/../lib/gcc/arm-none-eabi/13.3.1/../../../../arm-none-eabi/lib/thumb/v8-m.main+fp/hard/libc_nano.a(libc_a-vsnprintf.o)
 .debug_frame   0x00003a38       0x20 /opt/st/stm32cubeide_1.19.0/plugins/com.st.stm32cube.ide.mcu.externaltools.gnu-tools-for-stm32.13.3.rel1.linux64_1.0.0.202410170706/tools/bin/../lib/gcc/arm-none-eabi/13.3.1/../../../../arm-none-eabi/lib/thumb/v8-m.main+fp/hard/libc_nano.a(libc_a-memset.o)
 .debug_frame   0x00003a58       0x38 /opt/st/stm32cubeide_1.19.0/plugins/com.st.stm32cube.ide.mcu.externaltools.gnu-tools-for-stm32.13.3.rel1.linux64_1.0.0.202410170706/tools/bin/../lib/gcc/arm-none-eabi/13.3.1/../../../../arm-none-eabi/lib/thumb/v8-m.main+fp/hard/libc_nano.a(libc_a-reent.o)
 .debug_frame   0x00003a90       0x20 /opt/st/stm32cubeide_1.19.0/plugins/com.st.stm32cube.ide.mcu.externaltools.gnu-tools-for-stm32.13.3.rel1.linux64_1.0.0.202410170706/tools/bin/../lib/gcc/arm-none-eabi/13.3.1/../../../../arm-none-eabi/lib/thumb/v8-m.main+fp/hard/libc_nano.a(libc_a-errno.o)
 .debug_frame   0x00003ab0       0x2c /opt/st/stm32cubeide_1.19.0/plugins/com.st.stm32cube.ide.mcu.externaltools.gnu-tools-for-stm32.13.3.rel1.linux64_1.0.0.202410170706/tools/bin/../lib/gcc/arm-none-eabi/13.3.1/../../../../arm-none-eabi/lib/thumb/v8-m.main+fp/hard/libc_nano.a(libc_a-init.o)
 .debug_frame   0x00003adc       0xb0 /opt/st/stm32cubeide_1.19.0/plugins/com.st.stm32cube.ide.mcu.externaltools.gnu-tools-for-stm32.13.3.rel1.linux64_1.0.0.202410170706/tools/bin/../lib/gcc/arm-none-eabi/13.3.1/../../../../arm-none-eabi/lib/thumb/v8-m.main+fp/hard/libc_nano.a(libc_a-lock.o)
 .debug_frame   0x00003b8c       0x28 /opt/st/stm32cubeide_1.19.0/plugins/com.st.stm32cube.ide.mcu.externaltools.gnu-tools-for-stm32.13.3.rel1.linux64_1.0.0.202410170706/tools/bin/../lib/gcc/arm-none-eabi/13.3.1/../../../../arm-none-eabi/lib/thumb/v8-m.main+fp/hard/libc_nano.a(libc_a-memcpy-stub.o)
 .debug_frame   0x00003bb4       0x38 /opt/st/stm32cubeide_1.19.0/plugins/com.st.stm32cube.ide.mcu.externaltools.gnu-tools-for-stm32.13.3.rel1.linux64_1.0.0.202410170706/tools/bin/../lib/gcc/arm-none-eabi/13.3.1/../../../../arm-none-eabi/lib/thumb/v8-m.main+fp/hard/libc_nano.a(libc_a-freer.o)
 .debug_frame   0x00003bec       0x50 /opt/st/stm32cubeide_1.19.0/plugins/com.st.stm32cube.ide.mcu.externaltools.gnu-tools-for-stm32.13.3.rel1.linux64_1.0.0.202410170706/tools/bin/../lib/gcc/arm-none-eabi/13.3.1/../../../../arm-none-eabi/lib/thumb/v8-m.main+fp/hard/libc_nano.a(libc_a-mallocr.o)
 .debug_frame   0x00003c3c       0x30 /opt/st/stm32cubeide_1.19.0/plugins/com.st.stm32cube.ide.mcu.externaltools.gnu-tools-for-stm32.13.3.rel1.linux64_1.0.0.202410170706/tools/bin/../lib/gcc/arm-none-eabi/13.3.1/../../../../arm-none-eabi/lib/thumb/v8-m.main+fp/hard/libc_nano.a(libc_a-mlock.o)
 .debug_frame   0x00003c6c       0x90 /opt/st/stm32cubeide_1.19.0/plugins/com.st.stm32cube.ide.mcu.externaltools.gnu-tools-for-stm32.13.3.rel1.linux64_1.0.0.202410170706/tools/bin/../lib/gcc/arm-none-eabi/13.3.1/../../../../arm-none-eabi/lib/thumb/v8-m.main+fp/hard/libc_nano.a(libc_a-nano-svfprintf.o)
 .debug_frame   0x00003cfc       0x60 /opt/st/stm32cubeide_1.19.0/plugins/com.st.stm32cube.ide.mcu.externaltools.gnu-tools-for-stm32.13.3.rel1.linux64_1.0.0.202410170706/tools/bin/../lib/gcc/arm-none-eabi/13.3.1/../../../../arm-none-eabi/lib/thumb/v8-m.main+fp/hard/libc_nano.a(libc_a-nano-vfprintf_i.o)
 .debug_frame   0x00003d5c       0x28 /opt/st/stm32cubeide_1.19.0/plugins/com.st.stm32cube.ide.mcu.externaltools.gnu-tools-for-stm32.13.3.rel1.linux64_1.0.0.202410170706/tools/bin/../lib/gcc/arm-none-eabi/13.3.1/../../../../arm-none-eabi/lib/thumb/v8-m.main+fp/hard/libc_nano.a(libc_a-memmove.o)
 .debug_frame   0x00003d84       0x2c /opt/st/stm32cubeide_1.19.0/plugins/com.st.stm32cube.ide.mcu.externaltools.gnu-tools-for-stm32.13.3.rel1.linux64_1.0.0.202410170706/tools/bin/../lib/gcc/arm-none-eabi/13.3.1/../../../../arm-none-eabi/lib/thumb/v8-m.main+fp/hard/libc_nano.a(libc_a-sbrkr.o)
 .debug_frame   0x00003db0       0x28 /opt/st/stm32cubeide_1.19.0/plugins/com.st.stm32cube.ide.mcu.externaltools.gnu-tools-for-stm32.13.3.rel1.linux64_1.0.0.202410170706/tools/bin/../lib/gcc/arm-none-eabi/13.3.1/../../../../arm-none-eabi/lib/thumb/v8-m.main+fp/hard/libc_nano.a(libc_a-memchr-stub.o)
 .debug_frame   0x00003dd8       0x3c /opt/st/stm32cubeide_1.19.0/plugins/com.st.stm32cube.ide.mcu.externaltools.gnu-tools-for-stm32.13.3.rel1.linux64_1.0.0.202410170706/tools/bin/../lib/gcc/arm-none-eabi/13.3.1/../../../../arm-none-eabi/lib/thumb/v8-m.main+fp/hard/libc_nano.a(libc_a-reallocr.o)
 .debug_frame   0x00003e14       0x20 /opt/st/stm32cubeide_1.19.0/plugins/com.st.stm32cube.ide.mcu.externaltools.gnu-tools-for-stm32.13.3.rel1.linux64_1.0.0.202410170706/tools/bin/../lib/gcc/arm-none-eabi/13.3.1/../../../../arm-none-eabi/lib/thumb/v8-m.main+fp/hard/libc_nano.a(libc_a-msizer.o)
 .debug_frame   0x00003e34       0x2c /opt/st/stm32cubeide_1.19.0/plugins/com.st.stm32cube.ide.mcu.externaltools.gnu-tools-for-stm32.13.3.rel1.linux64_1.0.0.202410170706/tools/bin/../lib/gcc/arm-none-eabi/13.3.1/thumb/v8-m.main+fp/hard/libgcc.a(_aeabi_uldivmod.o)
 .debug_frame   0x00003e60       0x38 /opt/st/stm32cubeide_1.19.0/plugins/com.st.stm32cube.ide.mcu.externaltools.gnu-tools-for-stm32.13.3.rel1.linux64_1.0.0.202410170706/tools/bin/../lib/gcc/arm-none-eabi/13.3.1/thumb/v8-m.main+fp/hard/libgcc.a(_udivmoddi4.o)

.debug_line_str
                0x00000000       0x67
 .debug_line_str
                0x00000000       0x67 ./Core/Startup/startup_stm32u535cctx.o
