Archive member included to satisfy reference by file (symbol)

/opt/st/stm32cubeide_1.19.0/plugins/com.st.stm32cube.ide.mcu.externaltools.gnu-tools-for-stm32.13.3.rel1.linux64_1.0.0.202410170706/tools/bin/../lib/gcc/arm-none-eabi/13.3.1/../../../../arm-none-eabi/lib/thumb/v8-m.main+fp/hard/libc_nano.a(libc_a-exit.o)
                              /opt/st/stm32cubeide_1.19.0/plugins/com.st.stm32cube.ide.mcu.externaltools.gnu-tools-for-stm32.13.3.rel1.linux64_1.0.0.202410170706/tools/bin/../lib/gcc/arm-none-eabi/13.3.1/../../../../arm-none-eabi/lib/thumb/v8-m.main+fp/hard/crt0.o (exit)
/opt/st/stm32cubeide_1.19.0/plugins/com.st.stm32cube.ide.mcu.externaltools.gnu-tools-for-stm32.13.3.rel1.linux64_1.0.0.202410170706/tools/bin/../lib/gcc/arm-none-eabi/13.3.1/../../../../arm-none-eabi/lib/thumb/v8-m.main+fp/hard/libc_nano.a(libc_a-findfp.o)
                              /opt/st/stm32cubeide_1.19.0/plugins/com.st.stm32cube.ide.mcu.externaltools.gnu-tools-for-stm32.13.3.rel1.linux64_1.0.0.202410170706/tools/bin/../lib/gcc/arm-none-eabi/13.3.1/../../../../arm-none-eabi/lib/thumb/v8-m.main+fp/hard/libc_nano.a(libc_a-exit.o) (__stdio_exit_handler)
/opt/st/stm32cubeide_1.19.0/plugins/com.st.stm32cube.ide.mcu.externaltools.gnu-tools-for-stm32.13.3.rel1.linux64_1.0.0.202410170706/tools/bin/../lib/gcc/arm-none-eabi/13.3.1/../../../../arm-none-eabi/lib/thumb/v8-m.main+fp/hard/libc_nano.a(libc_a-fwalk.o)
                              /opt/st/stm32cubeide_1.19.0/plugins/com.st.stm32cube.ide.mcu.externaltools.gnu-tools-for-stm32.13.3.rel1.linux64_1.0.0.202410170706/tools/bin/../lib/gcc/arm-none-eabi/13.3.1/../../../../arm-none-eabi/lib/thumb/v8-m.main+fp/hard/libc_nano.a(libc_a-findfp.o) (_fwalk_sglue)
/opt/st/stm32cubeide_1.19.0/plugins/com.st.stm32cube.ide.mcu.externaltools.gnu-tools-for-stm32.13.3.rel1.linux64_1.0.0.202410170706/tools/bin/../lib/gcc/arm-none-eabi/13.3.1/../../../../arm-none-eabi/lib/thumb/v8-m.main+fp/hard/libc_nano.a(libc_a-stdio.o)
                              /opt/st/stm32cubeide_1.19.0/plugins/com.st.stm32cube.ide.mcu.externaltools.gnu-tools-for-stm32.13.3.rel1.linux64_1.0.0.202410170706/tools/bin/../lib/gcc/arm-none-eabi/13.3.1/../../../../arm-none-eabi/lib/thumb/v8-m.main+fp/hard/libc_nano.a(libc_a-findfp.o) (__sread)
/opt/st/stm32cubeide_1.19.0/plugins/com.st.stm32cube.ide.mcu.externaltools.gnu-tools-for-stm32.13.3.rel1.linux64_1.0.0.202410170706/tools/bin/../lib/gcc/arm-none-eabi/13.3.1/../../../../arm-none-eabi/lib/thumb/v8-m.main+fp/hard/libc_nano.a(libc_a-memset.o)
                              /opt/st/stm32cubeide_1.19.0/plugins/com.st.stm32cube.ide.mcu.externaltools.gnu-tools-for-stm32.13.3.rel1.linux64_1.0.0.202410170706/tools/bin/../lib/gcc/arm-none-eabi/13.3.1/../../../../arm-none-eabi/lib/thumb/v8-m.main+fp/hard/crt0.o (memset)
/opt/st/stm32cubeide_1.19.0/plugins/com.st.stm32cube.ide.mcu.externaltools.gnu-tools-for-stm32.13.3.rel1.linux64_1.0.0.202410170706/tools/bin/../lib/gcc/arm-none-eabi/13.3.1/../../../../arm-none-eabi/lib/thumb/v8-m.main+fp/hard/libc_nano.a(libc_a-closer.o)
                              /opt/st/stm32cubeide_1.19.0/plugins/com.st.stm32cube.ide.mcu.externaltools.gnu-tools-for-stm32.13.3.rel1.linux64_1.0.0.202410170706/tools/bin/../lib/gcc/arm-none-eabi/13.3.1/../../../../arm-none-eabi/lib/thumb/v8-m.main+fp/hard/libc_nano.a(libc_a-stdio.o) (_close_r)
/opt/st/stm32cubeide_1.19.0/plugins/com.st.stm32cube.ide.mcu.externaltools.gnu-tools-for-stm32.13.3.rel1.linux64_1.0.0.202410170706/tools/bin/../lib/gcc/arm-none-eabi/13.3.1/../../../../arm-none-eabi/lib/thumb/v8-m.main+fp/hard/libc_nano.a(libc_a-reent.o)
                              /opt/st/stm32cubeide_1.19.0/plugins/com.st.stm32cube.ide.mcu.externaltools.gnu-tools-for-stm32.13.3.rel1.linux64_1.0.0.202410170706/tools/bin/../lib/gcc/arm-none-eabi/13.3.1/../../../../arm-none-eabi/lib/thumb/v8-m.main+fp/hard/libc_nano.a(libc_a-closer.o) (errno)
/opt/st/stm32cubeide_1.19.0/plugins/com.st.stm32cube.ide.mcu.externaltools.gnu-tools-for-stm32.13.3.rel1.linux64_1.0.0.202410170706/tools/bin/../lib/gcc/arm-none-eabi/13.3.1/../../../../arm-none-eabi/lib/thumb/v8-m.main+fp/hard/libc_nano.a(libc_a-impure.o)
                              /opt/st/stm32cubeide_1.19.0/plugins/com.st.stm32cube.ide.mcu.externaltools.gnu-tools-for-stm32.13.3.rel1.linux64_1.0.0.202410170706/tools/bin/../lib/gcc/arm-none-eabi/13.3.1/../../../../arm-none-eabi/lib/thumb/v8-m.main+fp/hard/libc_nano.a(libc_a-reent.o) (_impure_ptr)
/opt/st/stm32cubeide_1.19.0/plugins/com.st.stm32cube.ide.mcu.externaltools.gnu-tools-for-stm32.13.3.rel1.linux64_1.0.0.202410170706/tools/bin/../lib/gcc/arm-none-eabi/13.3.1/../../../../arm-none-eabi/lib/thumb/v8-m.main+fp/hard/libc_nano.a(libc_a-lseekr.o)
[...]
Memory Configuration

Name             Origin             Length             Attributes
RAM              0x20000000         0x00040000         xrw
SRAM4            0x28000000         0x00004000         xrw
FLASH            0x08000000         0x00040000         xr
*default*        0x00000000         0xffffffff

Linker script and memory map

LOAD /opt/st/stm32cubeide_1.19.0/plugins/com.st.stm32cube.ide.mcu.externaltools.gnu-tools-for-stm32.13.3.rel1.linux64_1.0.0.202410170706/tools/bin/../lib/gcc/arm-none-eabi/13.3.1/thumb/v8-m.main+fp/hard/crti.o
LOAD /opt/st/stm32cubeide_1.19.0/plugins/com.st.stm32cube.ide.mcu.externaltools.gnu-tools-for-stm32.13.3.rel1.linux64_1.0.0.202410170706/tools/bin/../lib/gcc/arm-none-eabi/13.3.1/thumb/v8-m.main+fp/hard/crtbegin.o
LOAD /opt/st/stm32cubeide_1.19.0/plugins/com.st.stm32cube.ide.mcu.externaltools.gnu-tools-for-stm32.13.3.rel1.linux64_1.0.0.202410170706/tools/bin/../lib/gcc/arm-none-eabi/13.3.1/../../../../arm-none-eabi/lib/thumb/v8-m.main+fp/hard/crt0.o
LOAD ./Core/Src/fdcan.o
LOAD ./Core/Src/gpio.o
LOAD ./Core/Src/main.o
LOAD ./Core/Src/stm32u5xx_hal_msp.o
LOAD ./Core/Src/stm32u5xx_it.o
LOAD ./Core/Src/syscalls.o
LOAD ./Core/Src/sysmem.o
LOAD ./Core/Src/system_stm32u5xx.o
LOAD ./Core/Src/usart.o
LOAD ./Core/Startup/startup_stm32u535cctx.o
LOAD ./Drivers/STM32U5xx_HAL_Driver/Src/stm32u5xx_hal.o
LOAD ./Drivers/STM32U5xx_HAL_Driver/Src/stm32u5xx_hal_cortex.o
LOAD ./Drivers/STM32U5xx_HAL_Driver/Src/stm32u5xx_hal_dma.o
LOAD ./Drivers/STM32U5xx_HAL_Driver/Src/stm32u5xx_hal_dma_ex.o
LOAD ./Drivers/STM32U5xx_HAL_Driver/Src/stm32u5xx_hal_exti.o
LOAD ./Drivers/STM32U5xx_HAL_Driver/Src/stm32u5xx_hal_fdcan.o
LOAD ./Drivers/STM32U5xx_HAL_Driver/Src/stm32u5xx_hal_flash.o
LOAD ./Drivers/STM32U5xx_HAL_Driver/Src/stm32u5xx_hal_flash_ex.o
LOAD ./Drivers/STM32U5xx_HAL_Driver/Src/stm32u5xx_hal_gpio.o
LOAD ./Drivers/STM32U5xx_HAL_Driver/Src/stm32u5xx_hal_gtzc.o
LOAD ./Drivers/STM32U5xx_HAL_Driver/Src/stm32u5xx_hal_i2c.o
LOAD ./Drivers/STM32U5xx_HAL_Driver/Src/stm32u5xx_hal_i2c_ex.o
LOAD ./Drivers/STM32U5xx_HAL_Driver/Src/stm32u5xx_hal_icache.o
LOAD ./Drivers/STM32U5xx_HAL_Driver/Src/stm32u5xx_hal_pwr.o
LOAD ./Drivers/STM32U5xx_HAL_Driver/Src/stm32u5xx_hal_pwr_ex.o
LOAD ./Drivers/STM32U5xx_HAL_Driver/Src/stm32u5xx_hal_rcc.o
LOAD ./Drivers/STM32U5xx_HAL_Driver/Src/stm32u5xx_hal_rcc_ex.o
LOAD ./Drivers/STM32U5xx_HAL_Driver/Src/stm32u5xx_hal_uart.o
LOAD ./Drivers/STM32U5xx_HAL_Driver/Src/stm32u5xx_hal_uart_ex.o
START GROUP
LOAD /opt/st/stm32cubeide_1.19.0/plugins/com.st.stm32cube.ide.mcu.externaltools.gnu-tools-for-stm32.13.3.rel1.linux64_1.0.0.202410170706/tools/bin/../lib/gcc/arm-none-eabi/13.3.1/../../../../arm-none-eabi/lib/thumb/v8-m.main+fp/hard/libc_nano.a
LOAD /opt/st/stm32cubeide_1.19.0/plugins/com.st.stm32cube.ide.mcu.externaltools.gnu-tools-for-stm32.13.3.rel1.linux64_1.0.0.202410170706/tools/bin/../lib/gcc/arm-none-eabi/13.3.1/../../../../arm-none-eabi/lib/thumb/v8-m.main+fp/hard/libm.a
END GROUP
START GROUP
LOAD /opt/st/stm32cubeide_1.19.0/plugins/com.st.stm32cube.ide.mcu.externaltools.gnu-tools-for-stm32.13.3.rel1.linux64_1.0.0.202410170706/tools/bin/../lib/gcc/arm-none-eabi/13.3.1/thumb/v8-m.main+fp/hard/libgcc.a
LOAD /opt/st/stm32cubeide_1.19.0/plugins/com.st.stm32cube.ide.mcu.externaltools.gnu-tools-for-stm32.13.3.rel1.linux64_1.0.0.202410170706/tools/bin/../lib/gcc/arm-none-eabi/13.3.1/../../../../arm-none-eabi/lib/thumb/v8-m.main+fp/hard/libc_nano.a
END GROUP
START GROUP
LOAD /opt/st/stm32cubeide_1.19.0/plugins/com.st.stm32cube.ide.mcu.externaltools.gnu-tools-for-stm32.13.3.rel1.linux64_1.0.0.202410170706/tools/bin/../lib/gcc/arm-none-eabi/13.3.1/thumb/v8-m.main+fp/hard/libgcc.a
LOAD /opt/st/stm32cubeide_1.19.0/plugins/com.st.stm32cube.ide.mcu.externaltools.gnu-tools-for-stm32.13.3.rel1.linux64_1.0.0.202410170706/tools/bin/../lib/gcc/arm-none-eabi/13.3.1/../../../../arm-none-eabi/lib/thumb/v8-m.main+fp/hard/libc_nano.a
LOAD /opt/st/stm32cubeide_1.19.0/plugins/com.st.stm32cube.ide.mcu.externaltools.gnu-tools-for-stm32.13.3.rel1.linux64_1.0.0.202410170706/tools/bin/../lib/gcc/arm-none-eabi/13.3.1/../../../../arm-none-eabi/lib/thumb/v8-m.main+fp/hard/libnosys.a
END GROUP
START GROUP
LOAD /opt/st/stm32cubeide_1.19.0/plugins/com.st.stm32cube.ide.mcu.externaltools.gnu-tools-for-stm32.13.3.rel1.linux64_1.0.0.202410170706/tools/bin/../lib/gcc/arm-none-eabi/13.3.1/thumb/v8-m.main+fp/hard/libgcc.a
LOAD /opt/st/stm32cubeide_1.19.0/plugins/com.st.stm32cube.ide.mcu.externaltools.gnu-tools-for-stm32.13.3.rel1.linux64_1.0.0.202410170706/tools/bin/../lib/gcc/arm-none-eabi/13.3.1/../../../../arm-none-eabi/lib/thumb/v8-m.main+fp/hard/libc_nano.a
LOAD /opt/st/stm32cubeide_1.19.0/plugins/com.st.stm32cube.ide.mcu.externaltools.gnu-tools-for-stm32.13.3.rel1.linux64_1.0.0.202410170706/tools/bin/../lib/gcc/arm-none-eabi/13.3.1/../../../../arm-none-eabi/lib/thumb/v8-m.main+fp/hard/libnosys.a
END GROUP
LOAD /opt/st/stm32cubeide_1.19.0/plugins/com.st.stm32cube.ide.mcu.externaltools.gnu-tools-for-stm32.13.3.rel1.linux64_1.0.0.202410170706/tools/bin/../lib/gcc/arm-none-eabi/13.3.1/thumb/v8-m.main+fp/hard/crtend.o
LOAD /opt/st/stm32cubeide_1.19.0/plugins/com.st.stm32cube.ide.mcu.externaltools.gnu-tools-for-stm32.13.3.rel1.linux64_1.0.0.202410170706/tools/bin/../lib/gcc/arm-none-eabi/13.3.1/thumb/v8-m.main+fp/hard/crtn.o
                0x20040000                        _estack = (ORIGIN (RAM) + LENGTH (RAM))
                0x00000200                        _Min_Heap_Size = 0x200
                0x00000400                        _Min_Stack_Size = 0x400

.isr_vector     0x08000000      0x238
 *(.isr_vector)
 .isr_vector    0x08000000      0x238 ./Core/Startup/startup_stm32u535cctx.o
                0x08000000                g_pfnVectors

.text           0x08000238     0x66c8
 *(.text)
 .text          0x08000238       0x40 /opt/st/stm32cubeide_1.19.0/plugins/com.st.stm32cube.ide.mcu.externaltools.gnu-tools-for-stm32.13.3.rel1.linux64_1.0.0.202410170706/tools/bin/../lib/gcc/arm-none-eabi/13.3.1/thumb/v8-m.main+fp/hard/crtbegin.o
 .text          0x08000278       0x10 /opt/st/stm32cubeide_1.19.0/plugins/com.st.stm32cube.ide.mcu.externaltools.gnu-tools-for-stm32.13.3.rel1.linux64_1.0.0.202410170706/tools/bin/../lib/gcc/arm-none-eabi/13.3.1/../../../../arm-none-eabi/lib/thumb/v8-m.main+fp/hard/libc_nano.a(libc_a-strlen.o)
                0x08000278                strlen
 .text          0x08000288       0x30 /opt/st/stm32cubeide_1.19.0/plugins/com.st.stm32cube.ide.mcu.externaltools.gnu-tools-for-stm32.13.3.rel1.linux64_1.0.0.202410170706/tools/bin/../lib/gcc/arm-none-eabi/13.3.1/thumb/v8-m.main+fp/hard/libgcc.a(_aeabi_uldivmod.o)
                0x08000288                __aeabi_uldivmod
 .text          0x080002b8      0x348 /opt/st/stm32cubeide_1.19.0/plugins/com.st.stm32cube.ide.mcu.externaltools.gnu-tools-for-stm32.13.3.rel1.linux64_1.0.0.202410170706/tools/bin/../lib/gcc/arm-none-eabi/13.3.1/thumb/v8-m.main+fp/hard/libgcc.a(_udivmoddi4.o)
                0x080002b8                __udivmoddi4
 .text          0x08000600        0x4 /opt/st/stm32cubeide_1.19.0/plugins/com.st.stm32cube.ide.mcu.externaltools.gnu-tools-for-stm32.13.3.rel1.linux64_1.0.0.202410170706/tools/bin/../lib/gcc/arm-none-eabi/13.3.1/thumb/v8-m.main+fp/hard/libgcc.a(_dvmd_tls.o)
                0x08000600                __aeabi_ldiv0
                0x08000600                __aeabi_idiv0
 *(.text*)
 .text.MX_FDCAN1_Init
                0x08000604       0x94 ./Core/Src/fdcan.o
                0x08000604                MX_FDCAN1_Init
 .text.HAL_FDCAN_MspInit
                0x08000698       0xd4 ./Core/Src/fdcan.o
                0x08000698                HAL_FDCAN_MspInit
 .text.MX_GPIO_Init
                0x0800076c       0xcc ./Core/Src/gpio.o
                0x0800076c                MX_GPIO_Init
 .text.main     0x08000838       0xa0 ./Core/Src/main.o
                0x08000838                main
 .text.SystemClock_Config
                0x080008d8       0xb8 ./Core/Src/main.o
                0x080008d8                SystemClock_Config
 .text.disp     0x08000990       0x2c ./Core/Src/main.o
                0x08000990                disp
 .text.e32_waitAUX
                0x080009bc       0x3c ./Core/Src/main.o
                0x080009bc                e32_waitAUX
 .text.e32_setMode
                0x080009f8       0x58 ./Core/Src/main.o
                0x080009f8                e32_setMode
 .text.e32_configureModule
                0x08000a50       0xac ./Core/Src/main.o
                0x08000a50                e32_configureModule
 .text.e32_Send
                0x08000afc       0x7c ./Core/Src/main.o
                0x08000afc                e32_Send
 .text.Error_Handler
                0x08000b78        0xc ./Core/Src/main.o
                0x08000b78                Error_Handler
 .text.HAL_MspInit
                0x08000b84       0x34 ./Core/Src/stm32u5xx_hal_msp.o
                0x08000b84                HAL_MspInit
 .text.NMI_Handler
                0x08000bb8        0x8 ./Core/Src/stm32u5xx_it.o
                0x08000bb8                NMI_Handler
 .text.HardFault_Handler
                0x08000bc0        0x8 ./Core/Src/stm32u5xx_it.o
                0x08000bc0                HardFault_Handler
 .text.MemManage_Handler
                0x08000bc8        0x8 ./Core/Src/stm32u5xx_it.o
                0x08000bc8                MemManage_Handler
 .text.BusFault_Handler
                0x08000bd0        0x8 ./Core/Src/stm32u5xx_it.o
                0x08000bd0                BusFault_Handler
 .text.UsageFault_Handler
                0x08000bd8        0x8 ./Core/Src/stm32u5xx_it.o
                0x08000bd8                UsageFault_Handler
 .text.SVC_Handler
                0x08000be0        0xe ./Core/Src/stm32u5xx_it.o
                0x08000be0                SVC_Handler
 .text.DebugMon_Handler
                0x08000bee        0xe ./Core/Src/stm32u5xx_it.o
                0x08000bee                DebugMon_Handler
 .text.PendSV_Handler
                0x08000bfc        0xe ./Core/Src/stm32u5xx_it.o
                0x08000bfc                PendSV_Handler
 .text.SysTick_Handler
                0x08000c0a        0xc ./Core/Src/stm32u5xx_it.o
                0x08000c0a                SysTick_Handler
 *fill*         0x08000c16        0x2 
 .text.SystemInit
                0x08000c18       0x70 ./Core/Src/system_stm32u5xx.o
                0x08000c18                SystemInit
 .text.MX_USART1_UART_Init
                0x08000c88       0x98 ./Core/Src/usart.o
                0x08000c88                MX_USART1_UART_Init
 .text.MX_USART3_UART_Init
                0x08000d20       0x98 ./Core/Src/usart.o
                0x08000d20                MX_USART3_UART_Init
 .text.HAL_UART_MspInit
                0x08000db8      0x16c ./Core/Src/usart.o
                0x08000db8                HAL_UART_MspInit
 .text.Reset_Handler
                0x08000f24       0x50 ./Core/Startup/startup_stm32u535cctx.o
                0x08000f24                Reset_Handler
 .text.Default_Handler
                0x08000f74        0x2 ./Core/Startup/startup_stm32u535cctx.o
                0x08000f74                EXTI2_IRQHandler
                0x08000f74                TIM8_TRG_COM_IRQHandler
                0x08000f74                TIM8_CC_IRQHandler
                0x08000f74                EXTI5_IRQHandler
                0x08000f74                FLASH_S_IRQHandler
                0x08000f74                EXTI13_IRQHandler
                0x08000f74                TIM1_CC_IRQHandler
                0x08000f74                TSC_IRQHandler
                0x08000f74                TAMP_IRQHandler
                0x08000f74                TIM6_IRQHandler
                0x08000f74                EXTI12_IRQHandler
                0x08000f74                CORDIC_IRQHandler
                0x08000f74                EXTI3_IRQHandler
                0x08000f74                LPTIM4_IRQHandler
                0x08000f74                GPDMA1_Channel5_IRQHandler
                0x08000f74                EXTI8_IRQHandler
                0x08000f74                LPTIM2_IRQHandler
                0x08000f74                I2C3_ER_IRQHandler
                0x08000f74                PWR_S3WU_IRQHandler
                0x08000f74                LPDMA1_Channel3_IRQHandler
                0x08000f74                LPTIM3_IRQHandler
                0x08000f74                EXTI0_IRQHandler
                0x08000f74                I2C2_EV_IRQHandler
                0x08000f74                FPU_IRQHandler
                0x08000f74                GPDMA1_Channel3_IRQHandler
                0x08000f74                GPDMA1_Channel7_IRQHandler
                0x08000f74                FDCAN1_IT1_IRQHandler
                0x08000f74                RAMCFG_IRQHandler
                0x08000f74                GPDMA1_Channel9_IRQHandler
                0x08000f74                DCACHE1_IRQHandler
                0x08000f74                SPI1_IRQHandler
                0x08000f74                OCTOSPI1_IRQHandler
                0x08000f74                GPDMA1_Channel2_IRQHandler
                0x08000f74                TIM8_UP_IRQHandler
                0x08000f74                RCC_S_IRQHandler
                0x08000f74                MDF1_FLT1_IRQHandler
                0x08000f74                ADC1_IRQHandler
                0x08000f74                EXTI15_IRQHandler
                0x08000f74                TIM17_IRQHandler
                0x08000f74                USART3_IRQHandler
                0x08000f74                RTC_IRQHandler
                0x08000f74                EXTI9_IRQHandler
                0x08000f74                UART5_IRQHandler
                0x08000f74                TIM4_IRQHandler
                0x08000f74                I2C1_EV_IRQHandler
                0x08000f74                GPDMA1_Channel12_IRQHandler
                0x08000f74                GPDMA1_Channel1_IRQHandler
                0x08000f74                TIM16_IRQHandler
                0x08000f74                GPDMA1_Channel15_IRQHandler
                0x08000f74                UART4_IRQHandler
                0x08000f74                SecureFault_Handler
                0x08000f74                TIM3_IRQHandler
                0x08000f74                RCC_IRQHandler
                0x08000f74                TIM1_TRG_COM_IRQHandler
                0x08000f74                Default_Handler
                0x08000f74                GPDMA1_Channel8_IRQHandler
                0x08000f74                FMAC_IRQHandler
                0x08000f74                GPDMA1_Channel11_IRQHandler
                0x08000f74                TIM7_IRQHandler
                0x08000f74                SDMMC1_IRQHandler
                0x08000f74                TIM5_IRQHandler
                0x08000f74                GPDMA1_Channel0_IRQHandler
                0x08000f74                TIM15_IRQHandler
                0x08000f74                I2C3_EV_IRQHandler
                0x08000f74                USB_IRQHandler
                0x08000f74                LPDMA1_Channel0_IRQHandler
                0x08000f74                PVD_PVM_IRQHandler
                0x08000f74                SPI2_IRQHandler
                0x08000f74                LPDMA1_Channel1_IRQHandler
                0x08000f74                EXTI14_IRQHandler
                0x08000f74                EXTI11_IRQHandler
                0x08000f74                CRS_IRQHandler
                0x08000f74                GPDMA1_Channel14_IRQHandler
                0x08000f74                LSECSSD_IRQHandler
                0x08000f74                EXTI4_IRQHandler
                0x08000f74                RTC_S_IRQHandler
                0x08000f74                GPDMA1_Channel13_IRQHandler
                0x08000f74                RNG_IRQHandler
                0x08000f74                COMP_IRQHandler
                0x08000f74                TIM1_UP_IRQHandler
                0x08000f74                ADC4_IRQHandler
                0x08000f74                WWDG_IRQHandler
                0x08000f74                I2C4_EV_IRQHandler
                0x08000f74                ADF1_IRQHandler
                0x08000f74                IWDG_IRQHandler
                0x08000f74                LPUART1_IRQHandler
                0x08000f74                MDF1_FLT0_IRQHandler
                0x08000f74                FDCAN1_IT0_IRQHandler
                0x08000f74                TIM2_IRQHandler
                0x08000f74                GPDMA1_Channel4_IRQHandler
                0x08000f74                EXTI7_IRQHandler
                0x08000f74                TIM1_BRK_IRQHandler
                0x08000f74                EXTI1_IRQHandler
                0x08000f74                DAC1_IRQHandler
                0x08000f74                GTZC_IRQHandler
                0x08000f74                GPDMA1_Channel6_IRQHandler
                0x08000f74                I2C2_ER_IRQHandler
                0x08000f74                TIM8_BRK_IRQHandler
                0x08000f74                FLASH_IRQHandler
                0x08000f74                USART1_IRQHandler
                0x08000f74                EXTI10_IRQHandler
                0x08000f74                SPI3_IRQHandler
                0x08000f74                LPDMA1_Channel2_IRQHandler
                0x08000f74                I2C1_ER_IRQHandler
                0x08000f74                EXTI6_IRQHandler
                0x08000f74                LPTIM1_IRQHandler
                0x08000f74                DCMI_PSSI_IRQHandler
                0x08000f74                I2C4_ER_IRQHandler
                0x08000f74                GPDMA1_Channel10_IRQHandler
                0x08000f74                ICACHE_IRQHandler
                0x08000f74                SAI1_IRQHandler
                0x08000f74                HASH_IRQHandler
 *fill*         0x08000f76        0x2 
 .text.HAL_Init
                0x08000f78       0x60 ./Drivers/STM32U5xx_HAL_Driver/Src/stm32u5xx_hal.o
                0x08000f78                HAL_Init
 .text.HAL_InitTick
                0x08000fd8       0xec ./Drivers/STM32U5xx_HAL_Driver/Src/stm32u5xx_hal.o
                0x08000fd8                HAL_InitTick
 .text.HAL_IncTick
                0x080010c4       0x28 ./Drivers/STM32U5xx_HAL_Driver/Src/stm32u5xx_hal.o
                0x080010c4                HAL_IncTick
 .text.HAL_GetTick
                0x080010ec       0x18 ./Drivers/STM32U5xx_HAL_Driver/Src/stm32u5xx_hal.o
                0x080010ec                HAL_GetTick
 .text.HAL_Delay
                0x08001104       0x48 ./Drivers/STM32U5xx_HAL_Driver/Src/stm32u5xx_hal.o
                0x08001104                HAL_Delay
 .text.__NVIC_SetPriorityGrouping
                0x0800114c       0x48 ./Drivers/STM32U5xx_HAL_Driver/Src/stm32u5xx_hal_cortex.o
 .text.__NVIC_GetPriorityGrouping
                0x08001194       0x1c ./Drivers/STM32U5xx_HAL_Driver/Src/stm32u5xx_hal_cortex.o
 .text.__NVIC_SetPriority
                0x080011b0       0x54 ./Drivers/STM32U5xx_HAL_Driver/Src/stm32u5xx_hal_cortex.o
 .text.NVIC_EncodePriority
                0x08001204       0x66 ./Drivers/STM32U5xx_HAL_Driver/Src/stm32u5xx_hal_cortex.o
 .text.HAL_NVIC_SetPriorityGrouping
                0x0800126a       0x16 ./Drivers/STM32U5xx_HAL_Driver/Src/stm32u5xx_hal_cortex.o
                0x0800126a                HAL_NVIC_SetPriorityGrouping
 .text.HAL_NVIC_SetPriority
                0x08001280       0x34 ./Drivers/STM32U5xx_HAL_Driver/Src/stm32u5xx_hal_cortex.o
                0x08001280                HAL_NVIC_SetPriority
 .text.HAL_SYSTICK_Config
                0x080012b4       0x44 ./Drivers/STM32U5xx_HAL_Driver/Src/stm32u5xx_hal_cortex.o
                0x080012b4                HAL_SYSTICK_Config
 .text.HAL_SYSTICK_CLKSourceConfig
                0x080012f8       0xb0 ./Drivers/STM32U5xx_HAL_Driver/Src/stm32u5xx_hal_cortex.o
                0x080012f8                HAL_SYSTICK_CLKSourceConfig
 .text.HAL_SYSTICK_GetCLKSourceConfig
                0x080013a8       0x74 ./Drivers/STM32U5xx_HAL_Driver/Src/stm32u5xx_hal_cortex.o
                0x080013a8                HAL_SYSTICK_GetCLKSourceConfig
 .text.HAL_FDCAN_Init
                0x0800141c      0x2a4 ./Drivers/STM32U5xx_HAL_Driver/Src/stm32u5xx_hal_fdcan.o
                0x0800141c                HAL_FDCAN_Init
 .text.HAL_FDCAN_Start
                0x080016c0       0x50 ./Drivers/STM32U5xx_HAL_Driver/Src/stm32u5xx_hal_fdcan.o
                0x080016c0                HAL_FDCAN_Start
 .text.HAL_FDCAN_GetRxMessage
                0x08001710      0x210 ./Drivers/STM32U5xx_HAL_Driver/Src/stm32u5xx_hal_fdcan.o
                0x08001710                HAL_FDCAN_GetRxMessage
 .text.HAL_FDCAN_GetRxFifoFillLevel
                0x08001920       0x3c ./Drivers/STM32U5xx_HAL_Driver/Src/stm32u5xx_hal_fdcan.o
                0x08001920                HAL_FDCAN_GetRxFifoFillLevel
 .text.FDCAN_CalcultateRamBlockAddresses
                0x0800195c       0xac ./Drivers/STM32U5xx_HAL_Driver/Src/stm32u5xx_hal_fdcan.o
 .text.HAL_GPIO_Init
                0x08001a08      0x3c0 ./Drivers/STM32U5xx_HAL_Driver/Src/stm32u5xx_hal_gpio.o
                0x08001a08                HAL_GPIO_Init
 .text.HAL_GPIO_ReadPin
                0x08001dc8       0x30 ./Drivers/STM32U5xx_HAL_Driver/Src/stm32u5xx_hal_gpio.o
                0x08001dc8                HAL_GPIO_ReadPin
 .text.HAL_GPIO_WritePin
                0x08001df8       0x30 ./Drivers/STM32U5xx_HAL_Driver/Src/stm32u5xx_hal_gpio.o
                0x08001df8                HAL_GPIO_WritePin
 .text.HAL_GPIO_TogglePin
                0x08001e28       0x34 ./Drivers/STM32U5xx_HAL_Driver/Src/stm32u5xx_hal_gpio.o
                0x08001e28                HAL_GPIO_TogglePin
 .text.HAL_PWREx_ControlVoltageScaling
                0x08001e5c       0xfc ./Drivers/STM32U5xx_HAL_Driver/Src/stm32u5xx_hal_pwr_ex.o
                0x08001e5c                HAL_PWREx_ControlVoltageScaling
 .text.HAL_PWREx_GetVoltageRange
                0x08001f58       0x1c ./Drivers/STM32U5xx_HAL_Driver/Src/stm32u5xx_hal_pwr_ex.o
                0x08001f58                HAL_PWREx_GetVoltageRange
 .text.HAL_RCC_OscConfig
                0x08001f74      0xdb8 ./Drivers/STM32U5xx_HAL_Driver/Src/stm32u5xx_hal_rcc.o
                0x08001f74                HAL_RCC_OscConfig
 .text.HAL_RCC_ClockConfig
                0x08002d2c      0x3e4 ./Drivers/STM32U5xx_HAL_Driver/Src/stm32u5xx_hal_rcc.o
                0x08002d2c                HAL_RCC_ClockConfig
 .text.HAL_RCC_GetSysClockFreq
                0x08003110      0x204 ./Drivers/STM32U5xx_HAL_Driver/Src/stm32u5xx_hal_rcc.o
                0x08003110                HAL_RCC_GetSysClockFreq
 .text.HAL_RCC_GetHCLKFreq
                0x08003314       0x34 ./Drivers/STM32U5xx_HAL_Driver/Src/stm32u5xx_hal_rcc.o
                0x08003314                HAL_RCC_GetHCLKFreq
 .text.HAL_RCC_GetPCLK1Freq
                0x08003348       0x28 ./Drivers/STM32U5xx_HAL_Driver/Src/stm32u5xx_hal_rcc.o
                0x08003348                HAL_RCC_GetPCLK1Freq
 .text.HAL_RCC_GetPCLK2Freq
                0x08003370       0x28 ./Drivers/STM32U5xx_HAL_Driver/Src/stm32u5xx_hal_rcc.o
                0x08003370                HAL_RCC_GetPCLK2Freq
 .text.HAL_RCC_GetPCLK3Freq
                0x08003398       0x28 ./Drivers/STM32U5xx_HAL_Driver/Src/stm32u5xx_hal_rcc.o
                0x08003398                HAL_RCC_GetPCLK3Freq
 .text.RCC_SetFlashLatencyFromMSIRange
                0x080033c0      0x10c ./Drivers/STM32U5xx_HAL_Driver/Src/stm32u5xx_hal_rcc.o
 .text.HAL_RCCEx_PeriphCLKConfig
                0x080034cc      0xa44 ./Drivers/STM32U5xx_HAL_Driver/Src/stm32u5xx_hal_rcc_ex.o
                0x080034cc                HAL_RCCEx_PeriphCLKConfig
 .text.HAL_RCCEx_GetPLL1ClockFreq
                0x08003f10      0x2b4 ./Drivers/STM32U5xx_HAL_Driver/Src/stm32u5xx_hal_rcc_ex.o
                0x08003f10                HAL_RCCEx_GetPLL1ClockFreq
 .text.HAL_RCCEx_GetPLL2ClockFreq
                0x080041c4      0x2b4 ./Drivers/STM32U5xx_HAL_Driver/Src/stm32u5xx_hal_rcc_ex.o
                0x080041c4                HAL_RCCEx_GetPLL2ClockFreq
 .text.HAL_RCCEx_GetPLL3ClockFreq
                0x08004478      0x2b4 ./Drivers/STM32U5xx_HAL_Driver/Src/stm32u5xx_hal_rcc_ex.o
                0x08004478                HAL_RCCEx_GetPLL3ClockFreq
 .text.HAL_RCCEx_GetPeriphCLKFreq
                0x0800472c     0x1228 ./Drivers/STM32U5xx_HAL_Driver/Src/stm32u5xx_hal_rcc_ex.o
                0x0800472c                HAL_RCCEx_GetPeriphCLKFreq
 .text.RCCEx_PLL2_Config
                0x08005954      0x130 ./Drivers/STM32U5xx_HAL_Driver/Src/stm32u5xx_hal_rcc_ex.o
 .text.RCCEx_PLL3_Config
                0x08005a84      0x130 ./Drivers/STM32U5xx_HAL_Driver/Src/stm32u5xx_hal_rcc_ex.o
 .text.HAL_UART_Init
                0x08005bb4       0xa0 ./Drivers/STM32U5xx_HAL_Driver/Src/stm32u5xx_hal_uart.o
                0x08005bb4                HAL_UART_Init
 .text.HAL_UART_Transmit
                0x08005c54      0x11c ./Drivers/STM32U5xx_HAL_Driver/Src/stm32u5xx_hal_uart.o
                0x08005c54                HAL_UART_Transmit
 .text.HAL_UART_Receive
                0x08005d70      0x190 ./Drivers/STM32U5xx_HAL_Driver/Src/stm32u5xx_hal_uart.o
                0x08005d70                HAL_UART_Receive
 .text.UART_SetConfig
                0x08005f00      0x330 ./Drivers/STM32U5xx_HAL_Driver/Src/stm32u5xx_hal_uart.o
                0x08005f00                UART_SetConfig
 .text.UART_AdvFeatureConfig
                0x08006230      0x144 ./Drivers/STM32U5xx_HAL_Driver/Src/stm32u5xx_hal_uart.o
                0x08006230                UART_AdvFeatureConfig
 .text.UART_CheckIdleState
                0x08006374      0x154 ./Drivers/STM32U5xx_HAL_Driver/Src/stm32u5xx_hal_uart.o
                0x08006374                UART_CheckIdleState
 .text.UART_WaitOnFlagUntilTimeout
                0x080064c8       0xda ./Drivers/STM32U5xx_HAL_Driver/Src/stm32u5xx_hal_uart.o
                0x080064c8                UART_WaitOnFlagUntilTimeout
 .text.UART_EndRxTransfer
                0x080065a2       0xcc ./Drivers/STM32U5xx_HAL_Driver/Src/stm32u5xx_hal_uart.o
 .text.HAL_UARTEx_DisableFifoMode
                0x0800666e       0x72 ./Drivers/STM32U5xx_HAL_Driver/Src/stm32u5xx_hal_uart_ex.o
                0x0800666e                HAL_UARTEx_DisableFifoMode
 .text.HAL_UARTEx_SetTxFifoThreshold
                0x080066e0       0x7c ./Drivers/STM32U5xx_HAL_Driver/Src/stm32u5xx_hal_uart_ex.o
                0x080066e0                HAL_UARTEx_SetTxFifoThreshold
 .text.HAL_UARTEx_SetRxFifoThreshold
                0x0800675c       0x7c ./Drivers/STM32U5xx_HAL_Driver/Src/stm32u5xx_hal_uart_ex.o
                0x0800675c                HAL_UARTEx_SetRxFifoThreshold
 .text.UARTEx_SetNbDataToProcess
                0x080067d8       0x9c ./Drivers/STM32U5xx_HAL_Driver/Src/stm32u5xx_hal_uart_ex.o
 .text.memset   0x08006874       0x10 /opt/st/stm32cubeide_1.19.0/plugins/com.st.stm32cube.ide.mcu.externaltools.gnu-tools-for-stm32.13.3.rel1.linux64_1.0.0.202410170706/tools/bin/../lib/gcc/arm-none-eabi/13.3.1/../../../../arm-none-eabi/lib/thumb/v8-m.main+fp/hard/libc_nano.a(libc_a-memset.o)
                0x08006874                memset
 .text.__libc_init_array
                0x08006884       0x48 /opt/st/stm32cubeide_1.19.0/plugins/com.st.stm32cube.ide.mcu.externaltools.gnu-tools-for-stm32.13.3.rel1.linux64_1.0.0.202410170706/tools/bin/../lib/gcc/arm-none-eabi/13.3.1/../../../../arm-none-eabi/lib/thumb/v8-m.main+fp/hard/libc_nano.a(libc_a-init.o)
                0x08006884                __libc_init_array
 .text.memcpy   0x080068cc       0x1a /opt/st/stm32cubeide_1.19.0/plugins/com.st.stm32cube.ide.mcu.externaltools.gnu-tools-for-stm32.13.3.rel1.linux64_1.0.0.202410170706/tools/bin/../lib/gcc/arm-none-eabi/13.3.1/../../../../arm-none-eabi/lib/thumb/v8-m.main+fp/hard/libc_nano.a(libc_a-memcpy-stub.o)
                0x080068cc                memcpy
 *(.glue_7)
 .glue_7        0x080068e6        0x0 linker stubs
 *(.glue_7t)
 .glue_7t       0x080068e6        0x0 linker stubs
 *(.eh_frame)
 *fill*         0x080068e6        0x2 
 .eh_frame      0x080068e8        0x0 /opt/st/stm32cubeide_1.19.0/plugins/com.st.stm32cube.ide.mcu.externaltools.gnu-tools-for-stm32.13.3.rel1.linux64_1.0.0.202410170706/tools/bin/../lib/gcc/arm-none-eabi/13.3.1/thumb/v8-m.main+fp/hard/crtbegin.o
 *(.init)
 .init          0x080068e8        0x4 /opt/st/stm32cubeide_1.19.0/plugins/com.st.stm32cube.ide.mcu.externaltools.gnu-tools-for-stm32.13.3.rel1.linux64_1.0.0.202410170706/tools/bin/../lib/gcc/arm-none-eabi/13.3.1/thumb/v8-m.main+fp/hard/crti.o
                0x080068e8                _init
 .init          0x080068ec        0x8 /opt/st/stm32cubeide_1.19.0/plugins/com.st.stm32cube.ide.mcu.externaltools.gnu-tools-for-stm32.13.3.rel1.linux64_1.0.0.202410170706/tools/bin/../lib/gcc/arm-none-eabi/13.3.1/thumb/v8-m.main+fp/hard/crtn.o
 *(.fini)
 .fini          0x080068f4        0x4 /opt/st/stm32cubeide_1.19.0/plugins/com.st.stm32cube.ide.mcu.externaltools.gnu-tools-for-stm32.13.3.rel1.linux64_1.0.0.202410170706/tools/bin/../lib/gcc/arm-none-eabi/13.3.1/thumb/v8-m.main+fp/hard/crti.o
                0x080068f4                _fini
 .fini          0x080068f8        0x8 /opt/st/stm32cubeide_1.19.0/plugins/com.st.stm32cube.ide.mcu.externaltools.gnu-tools-for-stm32.13.3.rel1.linux64_1.0.0.202410170706/tools/bin/../lib/gcc/arm-none-eabi/13.3.1/thumb/v8-m.main+fp/hard/crtn.o
                0x08006900                        _etext = .

.vfp11_veneer   0x08006900        0x0
 .vfp11_veneer  0x08006900        0x0 linker stubs

.v4_bx          0x08006900        0x0
 .v4_bx         0x08006900        0x0 linker stubs

.iplt           0x08006900        0x0
 .iplt          0x08006900        0x0 /opt/st/stm32cubeide_1.19.0/plugins/com.st.stm32cube.ide.mcu.externaltools.gnu-tools-for-stm32.13.3.rel1.linux64_1.0.0.202410170706/tools/bin/../lib/gcc/arm-none-eabi/13.3.1/thumb/v8-m.main+fp/hard/crtbegin.o

.rodata         0x08006900      0x1cc
 *(.rodata)
 .rodata        0x08006900       0xba ./Core/Src/main.o
 *(.rodata*)
 *fill*         0x080069ba        0x2 
 .rodata.AHBPrescTable
                0x080069bc       0x10 ./Core/Src/system_stm32u5xx.o
                0x080069bc                AHBPrescTable
 .rodata.APBPrescTable
                0x080069cc        0x8 ./Core/Src/system_stm32u5xx.o
                0x080069cc                APBPrescTable
 .rodata.MSIRangeTable
                0x080069d4       0x40 ./Core/Src/system_stm32u5xx.o
                0x080069d4                MSIRangeTable
 .rodata.DLCtoBytes
                0x08006a14       0x10 ./Drivers/STM32U5xx_HAL_Driver/Src/stm32u5xx_hal_fdcan.o
 .rodata.LPGPIO_Map
                0x08006a24       0x80 ./Drivers/STM32U5xx_HAL_Driver/Src/stm32u5xx_hal_gpio.o
 .rodata.UARTPrescTable
                0x08006aa4       0x18 ./Drivers/STM32U5xx_HAL_Driver/Src/stm32u5xx_hal_uart.o
                0x08006aa4                UARTPrescTable
 .rodata.numerator.1
                0x08006abc        0x8 ./Drivers/STM32U5xx_HAL_Driver/Src/stm32u5xx_hal_uart_ex.o
 .rodata.denominator.0
                0x08006ac4        0x8 ./Drivers/STM32U5xx_HAL_Driver/Src/stm32u5xx_hal_uart_ex.o

.ARM.extab
 *(.ARM.extab* .gnu.linkonce.armextab.*)

.ARM            0x08006acc        0x8
                0x08006acc                        __exidx_start = .
 *(.ARM.exidx*)
 .ARM.exidx     0x08006acc        0x8 /opt/st/stm32cubeide_1.19.0/plugins/com.st.stm32cube.ide.mcu.externaltools.gnu-tools-for-stm32.13.3.rel1.linux64_1.0.0.202410170706/tools/bin/../lib/gcc/arm-none-eabi/13.3.1/../../../../arm-none-eabi/lib/thumb/v8-m.main+fp/hard/libc_nano.a(libc_a-strlen.o)
 .ARM.exidx     0x08006ad4        0x0 /opt/st/stm32cubeide_1.19.0/plugins/com.st.stm32cube.ide.mcu.externaltools.gnu-tools-for-stm32.13.3.rel1.linux64_1.0.0.202410170706/tools/bin/../lib/gcc/arm-none-eabi/13.3.1/thumb/v8-m.main+fp/hard/libgcc.a(_udivmoddi4.o)
                                  0x8 (size before relaxing)
                0x08006ad4                        __exidx_end = .

.preinit_array  0x08006ad4        0x0
                0x08006ad4                        PROVIDE (__preinit_array_start = .)
 *(.preinit_array*)
                0x08006ad4                        PROVIDE (__preinit_array_end = .)

.init_array     0x08006ad4        0x4
                0x08006ad4                        PROVIDE (__init_array_start = .)
 *(SORT_BY_NAME(.init_array.*))
 *(.init_array*)
 .init_array    0x08006ad4        0x4 /opt/st/stm32cubeide_1.19.0/plugins/com.st.stm32cube.ide.mcu.externaltools.gnu-tools-for-stm32.13.3.rel1.linux64_1.0.0.202410170706/tools/bin/../lib/gcc/arm-none-eabi/13.3.1/thumb/v8-m.main+fp/hard/crtbegin.o
                0x08006ad8                        PROVIDE (__init_array_end = .)

.fini_array     0x08006ad8        0x4
                [!provide]                        PROVIDE (__fini_array_start = .)
 *(SORT_BY_NAME(.fini_array.*))
 *(.fini_array*)
 .fini_array    0x08006ad8        0x4 /opt/st/stm32cubeide_1.19.0/plugins/com.st.stm32cube.ide.mcu.externaltools.gnu-tools-for-stm32.13.3.rel1.linux64_1.0.0.202410170706/tools/bin/../lib/gcc/arm-none-eabi/13.3.1/thumb/v8-m.main+fp/hard/crtbegin.o
                [!provide]                        PROVIDE (__fini_array_end = .)
                0x08006adc                        _sidata = LOADADDR (.data)

.rel.dyn        0x08006adc        0x0
 .rel.iplt      0x08006adc        0x0 /opt/st/stm32cubeide_1.19.0/plugins/com.st.stm32cube.ide.mcu.externaltools.gnu-tools-for-stm32.13.3.rel1.linux64_1.0.0.202410170706/tools/bin/../lib/gcc/arm-none-eabi/13.3.1/thumb/v8-m.main+fp/hard/crtbegin.o

.data           0x20000000       0x11 load address 0x08006adc
                0x20000000                        _sdata = .
 *(.data)
 *(.data*)
 .data.canRxData
                0x20000000        0x8 ./Core/Src/main.o
                0x20000000                canRxData
 .data.SystemCoreClock
                0x20000008        0x4 ./Core/Src/system_stm32u5xx.o
                0x20000008                SystemCoreClock
 .data.uwTickPrio
                0x2000000c        0x4 ./Drivers/STM32U5xx_HAL_Driver/Src/stm32u5xx_hal.o
                0x2000000c                uwTickPrio
 .data.uwTickFreq
                0x20000010        0x1 ./Drivers/STM32U5xx_HAL_Driver/Src/stm32u5xx_hal.o
                0x20000010                uwTickFreq
 *(.RamFunc)
 *(.RamFunc*)
                0x20000011                        _edata = .

.igot.plt       0x20000014        0x0 load address 0x08006aed
 .igot.plt      0x20000014        0x0 /opt/st/stm32cubeide_1.19.0/plugins/com.st.stm32cube.ide.mcu.externaltools.gnu-tools-for-stm32.13.3.rel1.linux64_1.0.0.202410170706/tools/bin/../lib/gcc/arm-none-eabi/13.3.1/thumb/v8-m.main+fp/hard/crtbegin.o

.bss            0x20000014      0x1d4 load address 0x08006aed
                0x20000014                        _sbss = .
                0x20000014                        __bss_start__ = _sbss
 *(.bss)
 .bss           0x20000014       0x1c /opt/st/stm32cubeide_1.19.0/plugins/com.st.stm32cube.ide.mcu.externaltools.gnu-tools-for-stm32.13.3.rel1.linux64_1.0.0.202410170706/tools/bin/../lib/gcc/arm-none-eabi/13.3.1/thumb/v8-m.main+fp/hard/crtbegin.o
 *(.bss*)
 .bss.hfdcan1   0x20000030       0x64 ./Core/Src/fdcan.o
                0x20000030                hfdcan1
 .bss.canRxHeader
                0x20000094       0x28 ./Core/Src/main.o
                0x20000094                canRxHeader
 .bss.huart1    0x200000bc       0x94 ./Core/Src/usart.o
                0x200000bc                huart1
 .bss.huart3    0x20000150       0x94 ./Core/Src/usart.o
                0x20000150                huart3
 .bss.uwTick    0x200001e4        0x4 ./Drivers/STM32U5xx_HAL_Driver/Src/stm32u5xx_hal.o
                0x200001e4                uwTick
 *(COMMON)
                0x200001e8                        _ebss = .
                0x200001e8                        __bss_end__ = _ebss

._user_heap_stack
                0x200001e8      0x600 load address 0x08006aed
                0x200001e8                        . = ALIGN (0x8)
                [!provide]                        PROVIDE (end = .)
                0x200001e8                        PROVIDE (_end = .)
                0x200003e8                        . = (. + _Min_Heap_Size)
 *fill*         0x200001e8      0x200 
                0x200007e8                        . = (. + _Min_Stack_Size)
 *fill*         0x200003e8      0x400 
                0x200007e8                        . = ALIGN (0x8)

/DISCARD/
 libc.a(*)
 libm.a(*)
 libgcc.a(*)

.ARM.attributes
                0x00000000       0x36
 *(.ARM.attributes)
 .ARM.attributes
                0x00000000       0x26 /opt/st/stm32cubeide_1.19.0/plugins/com.st.stm32cube.ide.mcu.externaltools.gnu-tools-for-stm32.13.3.rel1.linux64_1.0.0.202410170706/tools/bin/../lib/gcc/arm-none-eabi/13.3.1/thumb/v8-m.main+fp/hard/crti.o
 .ARM.attributes
                0x00000026       0x38 /opt/st/stm32cubeide_1.19.0/plugins/com.st.stm32cube.ide.mcu.externaltools.gnu-tools-for-stm32.13.3.rel1.linux64_1.0.0.202410170706/tools/bin/../lib/gcc/arm-none-eabi/13.3.1/thumb/v8-m.main+fp/hard/crtbegin.o
 .ARM.attributes
                0x0000005e       0x3a ./Core/Src/fdcan.o
 .ARM.attributes
                0x00000098       0x3a ./Core/Src/gpio.o
 .ARM.attributes
                0x000000d2       0x3a ./Core/Src/main.o
 .ARM.attributes
                0x0000010c       0x3a ./Core/Src/stm32u5xx_hal_msp.o
 .ARM.attributes
                0x00000146       0x3a ./Core/Src/stm32u5xx_it.o
 .ARM.attributes
                0x00000180       0x3a ./Core/Src/system_stm32u5xx.o
 .ARM.attributes
                0x000001ba       0x3a ./Core/Src/usart.o
 .ARM.attributes
                0x000001f4       0x24 ./Core/Startup/startup_stm32u535cctx.o
 .ARM.attributes
                0x00000218       0x3a ./Drivers/STM32U5xx_HAL_Driver/Src/stm32u5xx_hal.o
 .ARM.attributes
                0x00000252       0x3a ./Drivers/STM32U5xx_HAL_Driver/Src/stm32u5xx_hal_cortex.o
 .ARM.attributes
                0x0000028c       0x3a ./Drivers/STM32U5xx_HAL_Driver/Src/stm32u5xx_hal_fdcan.o
 .ARM.attributes
                0x000002c6       0x3a ./Drivers/STM32U5xx_HAL_Driver/Src/stm32u5xx_hal_gpio.o
 .ARM.attributes
                0x00000300       0x3a ./Drivers/STM32U5xx_HAL_Driver/Src/stm32u5xx_hal_pwr_ex.o
 .ARM.attributes
                0x0000033a       0x3a ./Drivers/STM32U5xx_HAL_Driver/Src/stm32u5xx_hal_rcc.o
 .ARM.attributes
                0x00000374       0x3a ./Drivers/STM32U5xx_HAL_Driver/Src/stm32u5xx_hal_rcc_ex.o
 .ARM.attributes
                0x000003ae       0x3a ./Drivers/STM32U5xx_HAL_Driver/Src/stm32u5xx_hal_uart.o
 .ARM.attributes
                0x000003e8       0x3a ./Drivers/STM32U5xx_HAL_Driver/Src/stm32u5xx_hal_uart_ex.o
 .ARM.attributes
                0x00000422       0x38 /opt/st/stm32cubeide_1.19.0/plugins/com.st.stm32cube.ide.mcu.externaltools.gnu-tools-for-stm32.13.3.rel1.linux64_1.0.0.202410170706/tools/bin/../lib/gcc/arm-none-eabi/13.3.1/../../../../arm-none-eabi/lib/thumb/v8-m.main+fp/hard/libc_nano.a(libc_a-memset.o)
 .ARM.attributes
                0x0000045a       0x38 /opt/st/stm32cubeide_1.19.0/plugins/com.st.stm32cube.ide.mcu.externaltools.gnu-tools-for-stm32.13.3.rel1.linux64_1.0.0.202410170706/tools/bin/../lib/gcc/arm-none-eabi/13.3.1/../../../../arm-none-eabi/lib/thumb/v8-m.main+fp/hard/libc_nano.a(libc_a-init.o)
 .ARM.attributes
                0x00000492       0x38 /opt/st/stm32cubeide_1.19.0/plugins/com.st.stm32cube.ide.mcu.externaltools.gnu-tools-for-stm32.13.3.rel1.linux64_1.0.0.202410170706/tools/bin/../lib/gcc/arm-none-eabi/13.3.1/../../../../arm-none-eabi/lib/thumb/v8-m.main+fp/hard/libc_nano.a(libc_a-memcpy-stub.o)
 .ARM.attributes
                0x000004ca       0x24 /opt/st/stm32cubeide_1.19.0/plugins/com.st.stm32cube.ide.mcu.externaltools.gnu-tools-for-stm32.13.3.rel1.linux64_1.0.0.202410170706/tools/bin/../lib/gcc/arm-none-eabi/13.3.1/../../../../arm-none-eabi/lib/thumb/v8-m.main+fp/hard/libc_nano.a(libc_a-strlen.o)
 .ARM.attributes
                0x000004ee       0x26 /opt/st/stm32cubeide_1.19.0/plugins/com.st.stm32cube.ide.mcu.externaltools.gnu-tools-for-stm32.13.3.rel1.linux64_1.0.0.202410170706/tools/bin/../lib/gcc/arm-none-eabi/13.3.1/thumb/v8-m.main+fp/hard/libgcc.a(_aeabi_uldivmod.o)
 .ARM.attributes
                0x00000514       0x38 /opt/st/stm32cubeide_1.19.0/plugins/com.st.stm32cube.ide.mcu.externaltools.gnu-tools-for-stm32.13.3.rel1.linux64_1.0.0.202410170706/tools/bin/../lib/gcc/arm-none-eabi/13.3.1/thumb/v8-m.main+fp/hard/libgcc.a(_udivmoddi4.o)
 .ARM.attributes
                0x0000054c       0x26 /opt/st/stm32cubeide_1.19.0/plugins/com.st.stm32cube.ide.mcu.externaltools.gnu-tools-for-stm32.13.3.rel1.linux64_1.0.0.202410170706/tools/bin/../lib/gcc/arm-none-eabi/13.3.1/thumb/v8-m.main+fp/hard/libgcc.a(_dvmd_tls.o)
 .ARM.attributes
                0x00000572       0x26 /opt/st/stm32cubeide_1.19.0/plugins/com.st.stm32cube.ide.mcu.externaltools.gnu-tools-for-stm32.13.3.rel1.linux64_1.0.0.202410170706/tools/bin/../lib/gcc/arm-none-eabi/13.3.1/thumb/v8-m.main+fp/hard/crtn.o
OUTPUT(TELEMETRIAV4_TX.elf elf32-littlearm)
LOAD linker stubs
LOAD /opt/st/stm32cubeide_1.19.0/plugins/com.st.stm32cube.ide.mcu.externaltools.gnu-tools-for-stm32.13.3.rel1.linux64_1.0.0.202410170706/tools/bin/../lib/gcc/arm-none-eabi/13.3.1/../../../../arm-none-eabi/lib/thumb/v8-m.main+fp/hard/libc.a
LOAD /opt/st/stm32cubeide_1.19.0/plugins/com.st.stm32cube.ide.mcu.externaltools.gnu-tools-for-stm32.13.3.rel1.linux64_1.0.0.202410170706/tools/bin/../lib/gcc/arm-none-eabi/13.3.1/../../../../arm-none-eabi/lib/thumb/v8-m.main+fp/hard/libm.a
LOAD /opt/st/stm32cubeide_1.19.0/plugins/com.st.stm32cube.ide.mcu.externaltools.gnu-tools-for-stm32.13.3.rel1.linux64_1.0.0.202410170706/tools/bin/../lib/gcc/arm-none-eabi/13.3.1/thumb/v8-m.main+fp/hard/libgcc.a

.debug_info     0x00000000    0x11ec8
 .debug_info    0x00000000      0xeb9 ./Core/Src/fdcan.o
 .debug_info    0x00000eb9      0x5bc ./Core/Src/gpio.o
 .debug_info    0x00001475     0x14f8 ./Core/Src/main.o
 .debug_info    0x0000296d      0x40c ./Core/Src/stm32u5xx_hal_msp.o
 .debug_info    0x00002d79      0x128 ./Core/Src/stm32u5xx_it.o
 .debug_info    0x00002ea1      0x929 ./Core/Src/system_stm32u5xx.o
 .debug_info    0x000037ca     0x1240 ./Core/Src/usart.o
 .debug_info    0x00004a0a       0x30 ./Core/Startup/startup_stm32u535cctx.o
 .debug_info    0x00004a3a     0x1104 ./Drivers/STM32U5xx_HAL_Driver/Src/stm32u5xx_hal.o
 .debug_info    0x00005b3e     0x15f8 ./Drivers/STM32U5xx_HAL_Driver/Src/stm32u5xx_hal_cortex.o
 .debug_info    0x00007136     0x1920 ./Drivers/STM32U5xx_HAL_Driver/Src/stm32u5xx_hal_fdcan.o
 .debug_info    0x00008a56      0x859 ./Drivers/STM32U5xx_HAL_Driver/Src/stm32u5xx_hal_gpio.o
 .debug_info    0x000092af      0xddc ./Drivers/STM32U5xx_HAL_Driver/Src/stm32u5xx_hal_pwr_ex.o
 .debug_info    0x0000a08b     0x114d ./Drivers/STM32U5xx_HAL_Driver/Src/stm32u5xx_hal_rcc.o
 .debug_info    0x0000b1d8     0x155d ./Drivers/STM32U5xx_HAL_Driver/Src/stm32u5xx_hal_rcc_ex.o
 .debug_info    0x0000c735     0x45a4 ./Drivers/STM32U5xx_HAL_Driver/Src/stm32u5xx_hal_uart.o
 .debug_info    0x00010cd9     0x11ef ./Drivers/STM32U5xx_HAL_Driver/Src/stm32u5xx_hal_uart_ex.o

.debug_abbrev   0x00000000     0x220d
 .debug_abbrev  0x00000000      0x1f3 ./Core/Src/fdcan.o
 .debug_abbrev  0x000001f3      0x179 ./Core/Src/gpio.o
 .debug_abbrev  0x0000036c      0x2d8 ./Core/Src/main.o
 .debug_abbrev  0x00000644       0xde ./Core/Src/stm32u5xx_hal_msp.o
 .debug_abbrev  0x00000722       0x73 ./Core/Src/stm32u5xx_it.o
 .debug_abbrev  0x00000795      0x129 ./Core/Src/system_stm32u5xx.o
 .debug_abbrev  0x000008be      0x21e ./Core/Src/usart.o
 .debug_abbrev  0x00000adc       0x24 ./Core/Startup/startup_stm32u535cctx.o
 .debug_abbrev  0x00000b00      0x2a3 ./Drivers/STM32U5xx_HAL_Driver/Src/stm32u5xx_hal.o
 .debug_abbrev  0x00000da3      0x311 ./Drivers/STM32U5xx_HAL_Driver/Src/stm32u5xx_hal_cortex.o
 .debug_abbrev  0x000010b4      0x20b ./Drivers/STM32U5xx_HAL_Driver/Src/stm32u5xx_hal_fdcan.o
 .debug_abbrev  0x000012bf      0x25a ./Drivers/STM32U5xx_HAL_Driver/Src/stm32u5xx_hal_gpio.o
 .debug_abbrev  0x00001519      0x215 ./Drivers/STM32U5xx_HAL_Driver/Src/stm32u5xx_hal_pwr_ex.o
 .debug_abbrev  0x0000172e      0x2c9 ./Drivers/STM32U5xx_HAL_Driver/Src/stm32u5xx_hal_rcc.o
 .debug_abbrev  0x000019f7      0x23d ./Drivers/STM32U5xx_HAL_Driver/Src/stm32u5xx_hal_rcc_ex.o
 .debug_abbrev  0x00001c34      0x305 ./Drivers/STM32U5xx_HAL_Driver/Src/stm32u5xx_hal_uart.o
 .debug_abbrev  0x00001f39      0x2d4 ./Drivers/STM32U5xx_HAL_Driver/Src/stm32u5xx_hal_uart_ex.o

.debug_aranges  0x00000000      0xda0
 .debug_aranges
                0x00000000       0x30 ./Core/Src/fdcan.o
 .debug_aranges
                0x00000030       0x20 ./Core/Src/gpio.o
 .debug_aranges
                0x00000050       0x58 ./Core/Src/main.o
 .debug_aranges
                0x000000a8       0x20 ./Core/Src/stm32u5xx_hal_msp.o
 .debug_aranges
                0x000000c8       0x60 ./Core/Src/stm32u5xx_it.o
 .debug_aranges
                0x00000128       0x28 ./Core/Src/system_stm32u5xx.o
 .debug_aranges
                0x00000150       0x38 ./Core/Src/usart.o
 .debug_aranges
                0x00000188       0x28 ./Core/Startup/startup_stm32u535cctx.o
 .debug_aranges
                0x000001b0      0x148 ./Drivers/STM32U5xx_HAL_Driver/Src/stm32u5xx_hal.o
 .debug_aranges
                0x000002f8      0x140 ./Drivers/STM32U5xx_HAL_Driver/Src/stm32u5xx_hal_cortex.o
 .debug_aranges
                0x00000438      0x208 ./Drivers/STM32U5xx_HAL_Driver/Src/stm32u5xx_hal_fdcan.o
 .debug_aranges
                0x00000640       0x78 ./Drivers/STM32U5xx_HAL_Driver/Src/stm32u5xx_hal_gpio.o
 .debug_aranges
                0x000006b8      0x1e0 ./Drivers/STM32U5xx_HAL_Driver/Src/stm32u5xx_hal_pwr_ex.o
 .debug_aranges
                0x00000898       0xa8 ./Drivers/STM32U5xx_HAL_Driver/Src/stm32u5xx_hal_rcc.o
 .debug_aranges
                0x00000940      0x160 ./Drivers/STM32U5xx_HAL_Driver/Src/stm32u5xx_hal_rcc_ex.o
 .debug_aranges
                0x00000aa0      0x248 ./Drivers/STM32U5xx_HAL_Driver/Src/stm32u5xx_hal_uart.o
 .debug_aranges
                0x00000ce8       0xb8 ./Drivers/STM32U5xx_HAL_Driver/Src/stm32u5xx_hal_uart_ex.o

.debug_rnglists
                0x00000000      0xa74
 .debug_rnglists
                0x00000000       0x21 ./Core/Src/fdcan.o
 .debug_rnglists
                0x00000021       0x14 ./Core/Src/gpio.o
 .debug_rnglists
                0x00000035       0x40 ./Core/Src/main.o
 .debug_rnglists
                0x00000075       0x13 ./Core/Src/stm32u5xx_hal_msp.o
 .debug_rnglists
                0x00000088       0x43 ./Core/Src/stm32u5xx_it.o
 .debug_rnglists
                0x000000cb       0x1a ./Core/Src/system_stm32u5xx.o
 .debug_rnglists
                0x000000e5       0x28 ./Core/Src/usart.o
 .debug_rnglists
                0x0000010d       0x19 ./Core/Startup/startup_stm32u535cctx.o
 .debug_rnglists
                0x00000126       0xf3 ./Drivers/STM32U5xx_HAL_Driver/Src/stm32u5xx_hal.o
 .debug_rnglists
                0x00000219       0xec ./Drivers/STM32U5xx_HAL_Driver/Src/stm32u5xx_hal_cortex.o
 .debug_rnglists
                0x00000305      0x18d ./Drivers/STM32U5xx_HAL_Driver/Src/stm32u5xx_hal_fdcan.o
 .debug_rnglists
                0x00000492       0x5a ./Drivers/STM32U5xx_HAL_Driver/Src/stm32u5xx_hal_gpio.o
 .debug_rnglists
                0x000004ec      0x16e ./Drivers/STM32U5xx_HAL_Driver/Src/stm32u5xx_hal_pwr_ex.o
 .debug_rnglists
                0x0000065a       0x7f ./Drivers/STM32U5xx_HAL_Driver/Src/stm32u5xx_hal_rcc.o
 .debug_rnglists
                0x000006d9      0x113 ./Drivers/STM32U5xx_HAL_Driver/Src/stm32u5xx_hal_rcc_ex.o
 .debug_rnglists
                0x000007ec      0x1fc ./Drivers/STM32U5xx_HAL_Driver/Src/stm32u5xx_hal_uart.o
 .debug_rnglists
                0x000009e8       0x8c ./Drivers/STM32U5xx_HAL_Driver/Src/stm32u5xx_hal_uart_ex.o

.debug_macro    0x00000000    0x2c2a5
 .debug_macro   0x00000000      0x27d ./Core/Src/fdcan.o
 .debug_macro   0x0000027d      0xade ./Core/Src/fdcan.o
 .debug_macro   0x00000d5b      0x1fb ./Core/Src/fdcan.o
 .debug_macro   0x00000f56       0x2e ./Core/Src/fdcan.o
 .debug_macro   0x00000f84       0x42 ./Core/Src/fdcan.o
 .debug_macro   0x00000fc6       0x22 ./Core/Src/fdcan.o
 .debug_macro   0x00000fe8       0x8e ./Core/Src/fdcan.o
 .debug_macro   0x00001076       0x51 ./Core/Src/fdcan.o
 .debug_macro   0x000010c7      0x103 ./Core/Src/fdcan.o
 .debug_macro   0x000011ca       0x6a ./Core/Src/fdcan.o
 .debug_macro   0x00001234      0x1df ./Core/Src/fdcan.o
 .debug_macro   0x00001413       0x1c ./Core/Src/fdcan.o
 .debug_macro   0x0000142f       0x29 ./Core/Src/fdcan.o
 .debug_macro   0x00001458       0xfb ./Core/Src/fdcan.o
 .debug_macro   0x00001553     0x1685 ./Core/Src/fdcan.o
 .debug_macro   0x00002bd8       0x5e ./Core/Src/fdcan.o
 .debug_macro   0x00002c36    0x1d36b ./Core/Src/fdcan.o
 .debug_macro   0x0001ffa1       0x6d ./Core/Src/fdcan.o
 .debug_macro   0x0002000e     0x393e ./Core/Src/fdcan.o
 .debug_macro   0x0002394c      0x190 ./Core/Src/fdcan.o
 .debug_macro   0x00023adc       0x61 ./Core/Src/fdcan.o
 .debug_macro   0x00023b3d       0x2a ./Core/Src/fdcan.o
 .debug_macro   0x00023b67       0x43 ./Core/Src/fdcan.o
 .debug_macro   0x00023baa       0x34 ./Core/Src/fdcan.o
 .debug_macro   0x00023bde      0x370 ./Core/Src/fdcan.o
 .debug_macro   0x00023f4e       0x16 ./Core/Src/fdcan.o
 .debug_macro   0x00023f64       0x4a ./Core/Src/fdcan.o
 .debug_macro   0x00023fae       0x34 ./Core/Src/fdcan.o
 .debug_macro   0x00023fe2       0x10 ./Core/Src/fdcan.o
 .debug_macro   0x00023ff2       0x58 ./Core/Src/fdcan.o
 .debug_macro   0x0002404a       0x8e ./Core/Src/fdcan.o
 .debug_macro   0x000240d8       0x1c ./Core/Src/fdcan.o
 .debug_macro   0x000240f4      0x185 ./Core/Src/fdcan.o
 .debug_macro   0x00024279      0x19b ./Core/Src/fdcan.o
 .debug_macro   0x00024414       0x5d ./Core/Src/fdcan.o
 .debug_macro   0x00024471     0x1853 ./Core/Src/fdcan.o
 .debug_macro   0x00025cc4      0x773 ./Core/Src/fdcan.o
 .debug_macro   0x00026437      0x166 ./Core/Src/fdcan.o
 .debug_macro   0x0002659d      0x250 ./Core/Src/fdcan.o
 .debug_macro   0x000267ed      0x574 ./Core/Src/fdcan.o
 .debug_macro   0x00026d61      0x440 ./Core/Src/fdcan.o
 .debug_macro   0x000271a1       0xd6 ./Core/Src/fdcan.o
 .debug_macro   0x00027277      0x1cd ./Core/Src/fdcan.o
 .debug_macro   0x00027444      0x42b ./Core/Src/fdcan.o
 .debug_macro   0x0002786f       0x95 ./Core/Src/fdcan.o
 .debug_macro   0x00027904      0x11c ./Core/Src/fdcan.o
 .debug_macro   0x00027a20      0x525 ./Core/Src/fdcan.o
 .debug_macro   0x00027f45      0x448 ./Core/Src/fdcan.o
 .debug_macro   0x0002838d      0x677 ./Core/Src/fdcan.o
 .debug_macro   0x00028a04      0x1a1 ./Core/Src/fdcan.o
 .debug_macro   0x00028ba5      0x1b8 ./Core/Src/fdcan.o
 .debug_macro   0x00028d5d      0x6bd ./Core/Src/fdcan.o
 .debug_macro   0x0002941a      0x361 ./Core/Src/fdcan.o
 .debug_macro   0x0002977b       0x34 ./Core/Src/fdcan.o
 .debug_macro   0x000297af      0x27d ./Core/Src/gpio.o
 .debug_macro   0x00029a2c      0x317 ./Core/Src/main.o
 .debug_macro   0x00029d43       0x16 ./Core/Src/main.o
 .debug_macro   0x00029d59       0x3c ./Core/Src/main.o
 .debug_macro   0x00029d95       0x20 ./Core/Src/main.o
 .debug_macro   0x00029db5       0x1c ./Core/Src/main.o
 .debug_macro   0x00029dd1       0x10 ./Core/Src/main.o
 .debug_macro   0x00029de1       0x1c ./Core/Src/main.o
 .debug_macro   0x00029dfd       0x16 ./Core/Src/main.o
 .debug_macro   0x00029e13      0x146 ./Core/Src/main.o
 .debug_macro   0x00029f59      0x273 ./Core/Src/stm32u5xx_hal_msp.o
 .debug_macro   0x0002a1cc      0x27d ./Core/Src/stm32u5xx_it.o
 .debug_macro   0x0002a449      0x26b ./Core/Src/system_stm32u5xx.o
 .debug_macro   0x0002a6b4      0x27d ./Core/Src/usart.o
 .debug_macro   0x0002a931      0x288 ./Drivers/STM32U5xx_HAL_Driver/Src/stm32u5xx_hal.o
 .debug_macro   0x0002abb9      0x264 ./Drivers/STM32U5xx_HAL_Driver/Src/stm32u5xx_hal_cortex.o
 .debug_macro   0x0002ae1d      0x376 ./Drivers/STM32U5xx_HAL_Driver/Src/stm32u5xx_hal_fdcan.o
 .debug_macro   0x0002b193      0x299 ./Drivers/STM32U5xx_HAL_Driver/Src/stm32u5xx_hal_gpio.o
 .debug_macro   0x0002b42c      0x28f ./Drivers/STM32U5xx_HAL_Driver/Src/stm32u5xx_hal_pwr_ex.o
 .debug_macro   0x0002b6bb      0x36a ./Drivers/STM32U5xx_HAL_Driver/Src/stm32u5xx_hal_rcc.o
 .debug_macro   0x0002ba25      0x381 ./Drivers/STM32U5xx_HAL_Driver/Src/stm32u5xx_hal_rcc_ex.o
 .debug_macro   0x0002bda6      0x28f ./Drivers/STM32U5xx_HAL_Driver/Src/stm32u5xx_hal_uart.o
 .debug_macro   0x0002c035      0x270 ./Drivers/STM32U5xx_HAL_Driver/Src/stm32u5xx_hal_uart_ex.o

.debug_line     0x00000000    0x10861
 .debug_line    0x00000000      0x837 ./Core/Src/fdcan.o
 .debug_line    0x00000837      0x7bd ./Core/Src/gpio.o
 .debug_line    0x00000ff4      0x9aa ./Core/Src/main.o
 .debug_line    0x0000199e      0x796 ./Core/Src/stm32u5xx_hal_msp.o
 .debug_line    0x00002134      0x846 ./Core/Src/stm32u5xx_it.o
 .debug_line    0x0000297a      0x89b ./Core/Src/system_stm32u5xx.o
 .debug_line    0x00003215      0x8f7 ./Core/Src/usart.o
 .debug_line    0x00003b0c       0x7b ./Core/Startup/startup_stm32u535cctx.o
 .debug_line    0x00003b87      0xc40 ./Drivers/STM32U5xx_HAL_Driver/Src/stm32u5xx_hal.o
 .debug_line    0x000047c7      0xdea ./Drivers/STM32U5xx_HAL_Driver/Src/stm32u5xx_hal_cortex.o
 .debug_line    0x000055b1     0x1909 ./Drivers/STM32U5xx_HAL_Driver/Src/stm32u5xx_hal_fdcan.o
 .debug_line    0x00006eba      0xd49 ./Drivers/STM32U5xx_HAL_Driver/Src/stm32u5xx_hal_gpio.o
 .debug_line    0x00007c03     0x107f ./Drivers/STM32U5xx_HAL_Driver/Src/stm32u5xx_hal_pwr_ex.o
 .debug_line    0x00008c82     0x1627 ./Drivers/STM32U5xx_HAL_Driver/Src/stm32u5xx_hal_rcc.o
 .debug_line    0x0000a2a9     0x2193 ./Drivers/STM32U5xx_HAL_Driver/Src/stm32u5xx_hal_rcc_ex.o
 .debug_line    0x0000c43c     0x365a ./Drivers/STM32U5xx_HAL_Driver/Src/stm32u5xx_hal_uart.o
 .debug_line    0x0000fa96      0xdcb ./Drivers/STM32U5xx_HAL_Driver/Src/stm32u5xx_hal_uart_ex.o

.debug_str      0x00000000   0x1166c5
 .debug_str     0x00000000   0x1166c5 ./Core/Src/fdcan.o
                             0x10eccd (size before relaxing)
 .debug_str     0x001166c5   0x10e5e5 ./Core/Src/gpio.o
 .debug_str     0x001166c5   0x10f81e ./Core/Src/main.o
 .debug_str     0x001166c5   0x10e514 ./Core/Src/stm32u5xx_hal_msp.o
 .debug_str     0x001166c5   0x10e361 ./Core/Src/stm32u5xx_it.o
 .debug_str     0x001166c5   0x10e5fb ./Core/Src/system_stm32u5xx.o
 .debug_str     0x001166c5   0x10efee ./Core/Src/usart.o
 .debug_str     0x001166c5       0x9b ./Core/Startup/startup_stm32u535cctx.o
 .debug_str     0x001166c5   0x10f371 ./Drivers/STM32U5xx_HAL_Driver/Src/stm32u5xx_hal.o
 .debug_str     0x001166c5   0x10f1b2 ./Drivers/STM32U5xx_HAL_Driver/Src/stm32u5xx_hal_cortex.o
 .debug_str     0x001166c5   0x10f9ef ./Drivers/STM32U5xx_HAL_Driver/Src/stm32u5xx_hal_fdcan.o
 .debug_str     0x001166c5   0x10e620 ./Drivers/STM32U5xx_HAL_Driver/Src/stm32u5xx_hal_gpio.o
 .debug_str     0x001166c5   0x10ec9b ./Drivers/STM32U5xx_HAL_Driver/Src/stm32u5xx_hal_pwr_ex.o
 .debug_str     0x001166c5   0x10fc60 ./Drivers/STM32U5xx_HAL_Driver/Src/stm32u5xx_hal_rcc.o
 .debug_str     0x001166c5   0x110d3e ./Drivers/STM32U5xx_HAL_Driver/Src/stm32u5xx_hal_rcc_ex.o
 .debug_str     0x001166c5   0x10f2c2 ./Drivers/STM32U5xx_HAL_Driver/Src/stm32u5xx_hal_uart.o
 .debug_str     0x001166c5   0x10ed74 ./Drivers/STM32U5xx_HAL_Driver/Src/stm32u5xx_hal_uart_ex.o

.comment        0x00000000       0x43
 .comment       0x00000000       0x43 ./Core/Src/fdcan.o
                                 0x44 (size before relaxing)
 .comment       0x00000043       0x44 ./Core/Src/gpio.o
 .comment       0x00000043       0x44 ./Core/Src/main.o
 .comment       0x00000043       0x44 ./Core/Src/stm32u5xx_hal_msp.o
 .comment       0x00000043       0x44 ./Core/Src/stm32u5xx_it.o
 .comment       0x00000043       0x44 ./Core/Src/system_stm32u5xx.o
 .comment       0x00000043       0x44 ./Core/Src/usart.o
 .comment       0x00000043       0x44 ./Drivers/STM32U5xx_HAL_Driver/Src/stm32u5xx_hal.o
 .comment       0x00000043       0x44 ./Drivers/STM32U5xx_HAL_Driver/Src/stm32u5xx_hal_cortex.o
 .comment       0x00000043       0x44 ./Drivers/STM32U5xx_HAL_Driver/Src/stm32u5xx_hal_fdcan.o
 .comment       0x00000043       0x44 ./Drivers/STM32U5xx_HAL_Driver/Src/stm32u5xx_hal_gpio.o
 .comment       0x00000043       0x44 ./Drivers/STM32U5xx_HAL_Driver/Src/stm32u5xx_hal_pwr_ex.o
 .comment       0x00000043       0x44 ./Drivers/STM32U5xx_HAL_Driver/Src/stm32u5xx_hal_rcc.o
 .comment       0x00000043       0x44 ./Drivers/STM32U5xx_HAL_Driver/Src/stm32u5xx_hal_rcc_ex.o
 .comment       0x00000043       0x44 ./Drivers/STM32U5xx_HAL_Driver/Src/stm32u5xx_hal_uart.o
 .comment       0x00000043       0x44 ./Drivers/STM32U5xx_HAL_Driver/Src/stm32u5xx_hal_uart_ex.o

.debug_frame    0x00000000     0x38a8
 .debug_frame   0x00000000       0x78 ./Core/Src/fdcan.o
 .debug_frame   0x00000078       0x34 ./Core/Src/gpio.o
 .debug_frame   0x000000ac      0x120 ./Core/Src/main.o
 .debug_frame   0x000001cc       0x38 ./Core/Src/stm32u5xx_hal_msp.o
 .debug_frame   0x00000204      0x104 ./Core/Src/stm32u5xx_it.o
 .debug_frame   0x00000308       0x58 ./Core/Src/system_stm32u5xx.o
 .debug_frame   0x00000360       0x94 ./Core/Src/usart.o
 .debug_frame   0x000003f4      0x500 ./Drivers/STM32U5xx_HAL_Driver/Src/stm32u5xx_hal.o
 .debug_frame   0x000008f4      0x560 ./Drivers/STM32U5xx_HAL_Driver/Src/stm32u5xx_hal_cortex.o
 .debug_frame   0x00000e54      0x9b0 ./Drivers/STM32U5xx_HAL_Driver/Src/stm32u5xx_hal_fdcan.o
 .debug_frame   0x00001804      0x1ec ./Drivers/STM32U5xx_HAL_Driver/Src/stm32u5xx_hal_gpio.o
 .debug_frame   0x000019f0      0x7cc ./Drivers/STM32U5xx_HAL_Driver/Src/stm32u5xx_hal_pwr_ex.o
 .debug_frame   0x000021bc      0x288 ./Drivers/STM32U5xx_HAL_Driver/Src/stm32u5xx_hal_rcc.o
 .debug_frame   0x00002444      0x5f0 ./Drivers/STM32U5xx_HAL_Driver/Src/stm32u5xx_hal_rcc_ex.o
 .debug_frame   0x00002a34      0xa8c ./Drivers/STM32U5xx_HAL_Driver/Src/stm32u5xx_hal_uart.o
 .debug_frame   0x000034c0      0x310 ./Drivers/STM32U5xx_HAL_Driver/Src/stm32u5xx_hal_uart_ex.o
 .debug_frame   0x000037d0       0x20 /opt/st/stm32cubeide_1.19.0/plugins/com.st.stm32cube.ide.mcu.externaltools.gnu-tools-for-stm32.13.3.rel1.linux64_1.0.0.202410170706/tools/bin/../lib/gcc/arm-none-eabi/13.3.1/../../../../arm-none-eabi/lib/thumb/v8-m.main+fp/hard/libc_nano.a(libc_a-memset.o)
 .debug_frame   0x000037f0       0x2c /opt/st/stm32cubeide_1.19.0/plugins/com.st.stm32cube.ide.mcu.externaltools.gnu-tools-for-stm32.13.3.rel1.linux64_1.0.0.202410170706/tools/bin/../lib/gcc/arm-none-eabi/13.3.1/../../../../arm-none-eabi/lib/thumb/v8-m.main+fp/hard/libc_nano.a(libc_a-init.o)
 .debug_frame   0x0000381c       0x28 /opt/st/stm32cubeide_1.19.0/plugins/com.st.stm32cube.ide.mcu.externaltools.gnu-tools-for-stm32.13.3.rel1.linux64_1.0.0.202410170706/tools/bin/../lib/gcc/arm-none-eabi/13.3.1/../../../../arm-none-eabi/lib/thumb/v8-m.main+fp/hard/libc_nano.a(libc_a-memcpy-stub.o)
 .debug_frame   0x00003844       0x2c /opt/st/stm32cubeide_1.19.0/plugins/com.st.stm32cube.ide.mcu.externaltools.gnu-tools-for-stm32.13.3.rel1.linux64_1.0.0.202410170706/tools/bin/../lib/gcc/arm-none-eabi/13.3.1/thumb/v8-m.main+fp/hard/libgcc.a(_aeabi_uldivmod.o)
 .debug_frame   0x00003870       0x38 /opt/st/stm32cubeide_1.19.0/plugins/com.st.stm32cube.ide.mcu.externaltools.gnu-tools-for-stm32.13.3.rel1.linux64_1.0.0.202410170706/tools/bin/../lib/gcc/arm-none-eabi/13.3.1/thumb/v8-m.main+fp/hard/libgcc.a(_udivmoddi4.o)

.debug_line_str
                0x00000000       0x7f
 .debug_line_str
                0x00000000       0x7f ./Core/Startup/startup_stm32u535cctx.o
