../Core/Src/main.c:112:5:main	16	static
../Core/Src/main.c:222:6:SystemClock_Config	128	static
../Core/Src/main.c:278:6:LoRaTxTask	32	static
../Core/Src/main.c:293:6:FDCAN1_IT0_IRQHandler	8	static
../Core/Src/main.c:299:6:HAL_FDCAN_RxFifo0Callback	80	static
../Core/Src/main.c:325:6:disp	144	static
../Core/Src/main.c:342:6:e32_waitAUX	24	static
../Core/Src/main.c:361:6:e32_setMode	16	static
../Core/Src/main.c:379:9:e32_configureModule	24	static
../Core/Src/main.c:425:6:e32_Send	32	static
../Core/Src/main.c:455:6:HAL_TIM_PeriodElapsedCallback	16	static
../Core/Src/main.c:473:6:Error_Handler	4	static,ignoring_inline_asm
