../Core/Src/main.c:112:5:main	4
../Core/Src/main.c:222:6:SystemClock_Config	4
../Core/Src/main.c:278:6:LoRaTxTask	2
../Core/Src/main.c:293:6:FDCAN1_IT0_IRQHandler	1
../Core/Src/main.c:299:6:HAL_FDCAN_RxFifo0Callback	4
../Core/Src/main.c:325:6:disp	1
../Core/Src/main.c:342:6:e32_waitAUX	4
../Core/Src/main.c:361:6:e32_setMode	1
../Core/Src/main.c:379:9:e32_configureModule	4
../Core/Src/main.c:425:6:e32_Send	1
../Core/Src/main.c:455:6:HAL_TIM_PeriodElapsedCallback	2
../Core/Src/main.c:473:6:Error_Handler	1
